Java HotSpot(TM) 64-Bit Server VM (25.40-b25) for windows-amd64 JRE (1.8.0_40-b25), built on Feb 10 2015 21:53:57 by "java_re" with MS VC++ 10.0 (VS2010)
Memory: 4k page, physical 16654396k(3642924k free), swap 33306932k(11494152k free)
CommandLine flags: -XX:InitialHeapSize=536870912 -XX:MaxHeapSize=536870912 -XX:MaxNewSize=178958336 -XX:MaxTenuringThreshold=6 -XX:NewSize=178958336 -XX:OldPLABSize=16 -XX:OldSize=357912576 -XX:+PrintGC -XX:+PrintGCDateStamps -XX:+PrintGCDetails -XX:+PrintGCTimeStamps -XX:+UseCompressedClassPointers -XX:+UseCompressedOops -XX:+UseConcMarkSweepGC -XX:-UseLargePagesIndividualAllocation -XX:+UseParNewGC 
2022-01-16T15:52:21.668+0800: 0.173: [GC (Allocation Failure) 0.173: [ParNew: 139776K->17468K(157248K), 0.0123997 secs] 139776K->50455K(506816K), 0.0125452 secs] [Times: user=0.00 sys=0.00, real=0.01 secs] 
2022-01-16T15:52:21.710+0800: 0.216: [GC (Allocation Failure) 0.216: [ParNew: 157244K->17472K(157248K), 0.0143185 secs] 190231K->85297K(506816K), 0.0143783 secs] [Times: user=0.05 sys=0.02, real=0.01 secs] 
2022-01-16T15:52:21.743+0800: 0.249: [GC (Allocation Failure) 0.249: [ParNew: 157101K->17472K(157248K), 0.0149767 secs] 224927K->128337K(506816K), 0.0150262 secs] [Times: user=0.00 sys=0.00, real=0.01 secs] 
2022-01-16T15:52:21.775+0800: 0.281: [GC (Allocation Failure) 0.281: [ParNew: 157248K->17472K(157248K), 0.0160104 secs] 268113K->173737K(506816K), 0.0160702 secs] [Times: user=0.05 sys=0.02, real=0.02 secs] 
2022-01-16T15:52:21.809+0800: 0.315: [GC (Allocation Failure) 0.315: [ParNew: 157248K->17472K(157248K), 0.0155342 secs] 313513K->216925K(506816K), 0.0155812 secs] [Times: user=0.05 sys=0.02, real=0.02 secs] 
2022-01-16T15:52:21.825+0800: 0.330: [GC (CMS Initial Mark) [1 CMS-initial-mark: 199453K(349568K)] 217162K(506816K), 0.0000955 secs] [Times: user=0.00 sys=0.00, real=0.00 secs] 
2022-01-16T15:52:21.825+0800: 0.330: [CMS-concurrent-mark-start]
2022-01-16T15:52:21.828+0800: 0.333: [CMS-concurrent-mark: 0.003/0.003 secs] [Times: user=0.00 sys=0.00, real=0.00 secs] 
2022-01-16T15:52:21.828+0800: 0.333: [CMS-concurrent-preclean-start]
2022-01-16T15:52:21.828+0800: 0.334: [CMS-concurrent-preclean: 0.000/0.000 secs] [Times: user=0.00 sys=0.00, real=0.00 secs] 
2022-01-16T15:52:21.828+0800: 0.334: [CMS-concurrent-abortable-preclean-start]
2022-01-16T15:52:21.844+0800: 0.350: [GC (Allocation Failure) 0.350: [ParNew: 157248K->17472K(157248K), 0.0137423 secs] 356701K->255096K(506816K), 0.0137989 secs] [Times: user=0.06 sys=0.00, real=0.01 secs] 
2022-01-16T15:52:21.875+0800: 0.380: [GC (Allocation Failure) 0.380: [ParNew: 157248K->17472K(157248K), 0.0160414 secs] 394872K->301138K(506816K), 0.0160888 secs] [Times: user=0.06 sys=0.00, real=0.02 secs] 
2022-01-16T15:52:21.909+0800: 0.415: [GC (Allocation Failure) 0.415: [ParNew: 157248K->17472K(157248K), 0.0156717 secs] 440914K->346185K(506816K), 0.0157355 secs] [Times: user=0.06 sys=0.00, real=0.02 secs] 
2022-01-16T15:52:21.926+0800: 0.431: [CMS-concurrent-abortable-preclean: 0.003/0.097 secs] [Times: user=0.23 sys=0.00, real=0.10 secs] 
2022-01-16T15:52:21.926+0800: 0.431: [GC (CMS Final Remark) [YG occupancy: 25952 K (157248 K)]0.431: [Rescan (parallel) , 0.0002516 secs]0.432: [weak refs processing, 0.0000062 secs]0.432: [class unloading, 0.0002031 secs]0.432: [scrub symbol table, 0.0003114 secs]0.432: [scrub string table, 0.0000912 secs][1 CMS-remark: 328713K(349568K)] 354666K(506816K), 0.0009302 secs] [Times: user=0.00 sys=0.00, real=0.00 secs] 
2022-01-16T15:52:21.927+0800: 0.432: [CMS-concurrent-sweep-start]
2022-01-16T15:52:21.928+0800: 0.433: [CMS-concurrent-sweep: 0.001/0.001 secs] [Times: user=0.00 sys=0.00, real=0.00 secs] 
2022-01-16T15:52:21.928+0800: 0.433: [CMS-concurrent-reset-start]
2022-01-16T15:52:21.928+0800: 0.433: [CMS-concurrent-reset: 0.000/0.000 secs] [Times: user=0.00 sys=0.00, real=0.00 secs] 
2022-01-16T15:52:21.942+0800: 0.448: [GC (Allocation Failure) 0.448: [ParNew: 156849K->17472K(157248K), 0.0105772 secs] 441043K->351599K(506816K), 0.0106396 secs] [Times: user=0.06 sys=0.00, real=0.01 secs] 
2022-01-16T15:52:21.953+0800: 0.458: [GC (CMS Initial Mark) [1 CMS-initial-mark: 334127K(349568K)] 352234K(506816K), 0.0001076 secs] [Times: user=0.00 sys=0.00, real=0.00 secs] 
2022-01-16T15:52:21.953+0800: 0.459: [CMS-concurrent-mark-start]
2022-01-16T15:52:21.955+0800: 0.461: [CMS-concurrent-mark: 0.002/0.002 secs] [Times: user=0.00 sys=0.00, real=0.00 secs] 
2022-01-16T15:52:21.955+0800: 0.461: [CMS-concurrent-preclean-start]
2022-01-16T15:52:21.956+0800: 0.461: [CMS-concurrent-preclean: 0.000/0.000 secs] [Times: user=0.00 sys=0.00, real=0.00 secs] 
2022-01-16T15:52:21.956+0800: 0.461: [CMS-concurrent-abortable-preclean-start]
2022-01-16T15:52:21.956+0800: 0.461: [CMS-concurrent-abortable-preclean: 0.000/0.000 secs] [Times: user=0.00 sys=0.00, real=0.00 secs] 
2022-01-16T15:52:21.956+0800: 0.461: [GC (CMS Final Remark) [YG occupancy: 41547 K (157248 K)]0.461: [Rescan (parallel) , 0.0002815 secs]0.461: [weak refs processing, 0.0000066 secs]0.462: [class unloading, 0.0001703 secs]0.462: [scrub symbol table, 0.0003183 secs]0.462: [scrub string table, 0.0000915 secs][1 CMS-remark: 334127K(349568K)] 375674K(506816K), 0.0009291 secs] [Times: user=0.00 sys=0.00, real=0.00 secs] 
2022-01-16T15:52:21.957+0800: 0.462: [CMS-concurrent-sweep-start]
2022-01-16T15:52:21.957+0800: 0.463: [CMS-concurrent-sweep: 0.001/0.001 secs] [Times: user=0.00 sys=0.00, real=0.00 secs] 
2022-01-16T15:52:21.957+0800: 0.463: [CMS-concurrent-reset-start]
2022-01-16T15:52:21.958+0800: 0.463: [CMS-concurrent-reset: 0.000/0.000 secs] [Times: user=0.00 sys=0.00, real=0.00 secs] 
2022-01-16T15:52:21.971+0800: 0.476: [GC (Allocation Failure) 0.476: [ParNew: 157233K->17472K(157248K), 0.0091245 secs] 398346K->303282K(506816K), 0.0091777 secs] [Times: user=0.06 sys=0.00, real=0.01 secs] 
2022-01-16T15:52:21.980+0800: 0.486: [GC (CMS Initial Mark) [1 CMS-initial-mark: 285810K(349568K)] 303617K(506816K), 0.0000930 secs] [Times: user=0.00 sys=0.00, real=0.00 secs] 
2022-01-16T15:52:21.980+0800: 0.486: [CMS-concurrent-mark-start]
2022-01-16T15:52:21.982+0800: 0.488: [CMS-concurrent-mark: 0.002/0.002 secs] [Times: user=0.00 sys=0.00, real=0.00 secs] 
2022-01-16T15:52:21.982+0800: 0.488: [CMS-concurrent-preclean-start]
2022-01-16T15:52:21.983+0800: 0.488: [CMS-concurrent-preclean: 0.000/0.000 secs] [Times: user=0.00 sys=0.00, real=0.00 secs] 
2022-01-16T15:52:21.983+0800: 0.488: [CMS-concurrent-abortable-preclean-start]
2022-01-16T15:52:21.998+0800: 0.503: [GC (Allocation Failure) 0.503: [ParNew: 157142K->17472K(157248K), 0.0077086 secs] 442952K->341575K(506816K), 0.0077600 secs] [Times: user=0.00 sys=0.00, real=0.01 secs] 
2022-01-16T15:52:22.023+0800: 0.528: [GC (Allocation Failure) 0.528: [ParNew: 157248K->157248K(157248K), 0.0000124 secs]0.528: [CMS2022-01-16T15:52:22.023+0800: 0.528: [CMS-concurrent-abortable-preclean: 0.001/0.040 secs] [Times: user=0.03 sys=0.00, real=0.04 secs] 
 (concurrent mode failure): 324103K->293217K(349568K), 0.0399518 secs] 481351K->293217K(506816K), [Metaspace: 2607K->2607K(1056768K)], 0.0400211 secs] [Times: user=0.05 sys=0.00, real=0.04 secs] 
2022-01-16T15:52:22.081+0800: 0.587: [GC (Allocation Failure) 0.587: [ParNew: 139776K->17472K(157248K), 0.0079948 secs] 432993K->343024K(506816K), 0.0080440 secs] [Times: user=0.03 sys=0.00, real=0.01 secs] 
2022-01-16T15:52:22.090+0800: 0.595: [GC (CMS Initial Mark) [1 CMS-initial-mark: 325552K(349568K)] 346414K(506816K), 0.0001765 secs] [Times: user=0.00 sys=0.00, real=0.00 secs] 
2022-01-16T15:52:22.090+0800: 0.595: [CMS-concurrent-mark-start]
2022-01-16T15:52:22.092+0800: 0.597: [CMS-concurrent-mark: 0.002/0.002 secs] [Times: user=0.00 sys=0.00, real=0.00 secs] 
2022-01-16T15:52:22.092+0800: 0.597: [CMS-concurrent-preclean-start]
2022-01-16T15:52:22.092+0800: 0.598: [CMS-concurrent-preclean: 0.000/0.000 secs] [Times: user=0.00 sys=0.00, real=0.00 secs] 
2022-01-16T15:52:22.092+0800: 0.598: [CMS-concurrent-abortable-preclean-start]
2022-01-16T15:52:22.092+0800: 0.598: [CMS-concurrent-abortable-preclean: 0.000/0.000 secs] [Times: user=0.00 sys=0.00, real=0.00 secs] 
2022-01-16T15:52:22.093+0800: 0.598: [GC (CMS Final Remark) [YG occupancy: 43443 K (157248 K)]0.598: [Rescan (parallel) , 0.0002312 secs]0.599: [weak refs processing, 0.0000058 secs]0.599: [class unloading, 0.0002753 secs]0.599: [scrub symbol table, 0.0004033 secs]0.599: [scrub string table, 0.0000963 secs][1 CMS-remark: 325552K(349568K)] 368996K(506816K), 0.0011340 secs] [Times: user=0.00 sys=0.00, real=0.00 secs] 
2022-01-16T15:52:22.094+0800: 0.600: [CMS-concurrent-sweep-start]
2022-01-16T15:52:22.095+0800: 0.600: [CMS-concurrent-sweep: 0.000/0.000 secs] [Times: user=0.00 sys=0.00, real=0.00 secs] 
2022-01-16T15:52:22.095+0800: 0.600: [CMS-concurrent-reset-start]
2022-01-16T15:52:22.095+0800: 0.601: [CMS-concurrent-reset: 0.000/0.000 secs] [Times: user=0.00 sys=0.00, real=0.00 secs] 
2022-01-16T15:52:22.111+0800: 0.617: [GC (Allocation Failure) 0.617: [ParNew: 157248K->17471K(157248K), 0.0089619 secs] 443425K->350340K(506816K), 0.0090096 secs] [Times: user=0.05 sys=0.00, real=0.01 secs] 
2022-01-16T15:52:22.121+0800: 0.626: [GC (CMS Initial Mark) [1 CMS-initial-mark: 332868K(349568K)] 350541K(506816K), 0.0001240 secs] [Times: user=0.00 sys=0.00, real=0.00 secs] 
2022-01-16T15:52:22.121+0800: 0.626: [CMS-concurrent-mark-start]
2022-01-16T15:52:22.123+0800: 0.628: [CMS-concurrent-mark: 0.002/0.002 secs] [Times: user=0.00 sys=0.00, real=0.00 secs] 
2022-01-16T15:52:22.123+0800: 0.628: [CMS-concurrent-preclean-start]
2022-01-16T15:52:22.123+0800: 0.629: [CMS-concurrent-preclean: 0.000/0.000 secs] [Times: user=0.00 sys=0.00, real=0.00 secs] 
2022-01-16T15:52:22.124+0800: 0.629: [CMS-concurrent-abortable-preclean-start]
2022-01-16T15:52:22.124+0800: 0.629: [CMS-concurrent-abortable-preclean: 0.000/0.000 secs] [Times: user=0.00 sys=0.00, real=0.00 secs] 
2022-01-16T15:52:22.124+0800: 0.629: [GC (CMS Final Remark) [YG occupancy: 38452 K (157248 K)]0.629: [Rescan (parallel) , 0.0002075 secs]0.629: [weak refs processing, 0.0000051 secs]0.629: [class unloading, 0.0001841 secs]0.629: [scrub symbol table, 0.0002822 secs]0.630: [scrub string table, 0.0000966 secs][1 CMS-remark: 332868K(349568K)] 371321K(506816K), 0.0008226 secs] [Times: user=0.00 sys=0.00, real=0.00 secs] 
2022-01-16T15:52:22.124+0800: 0.630: [CMS-concurrent-sweep-start]
2022-01-16T15:52:22.125+0800: 0.630: [CMS-concurrent-sweep: 0.001/0.001 secs] [Times: user=0.00 sys=0.00, real=0.00 secs] 
2022-01-16T15:52:22.125+0800: 0.630: [CMS-concurrent-reset-start]
2022-01-16T15:52:22.125+0800: 0.631: [CMS-concurrent-reset: 0.000/0.000 secs] [Times: user=0.00 sys=0.00, real=0.00 secs] 
2022-01-16T15:52:22.139+0800: 0.645: [GC (Allocation Failure) 0.645: [ParNew: 157247K->157247K(157248K), 0.0000131 secs]0.645: [CMS: 305306K->333930K(349568K), 0.0452902 secs] 462554K->333930K(506816K), [Metaspace: 2607K->2607K(1056768K)], 0.0453661 secs] [Times: user=0.05 sys=0.00, real=0.05 secs] 
2022-01-16T15:52:22.185+0800: 0.690: [GC (CMS Initial Mark) [1 CMS-initial-mark: 333930K(349568K)] 334499K(506816K), 0.0000977 secs] [Times: user=0.00 sys=0.00, real=0.00 secs] 
2022-01-16T15:52:22.185+0800: 0.690: [CMS-concurrent-mark-start]
2022-01-16T15:52:22.187+0800: 0.692: [CMS-concurrent-mark: 0.002/0.002 secs] [Times: user=0.00 sys=0.00, real=0.00 secs] 
2022-01-16T15:52:22.187+0800: 0.692: [CMS-concurrent-preclean-start]
2022-01-16T15:52:22.188+0800: 0.693: [CMS-concurrent-preclean: 0.000/0.000 secs] [Times: user=0.00 sys=0.00, real=0.00 secs] 
2022-01-16T15:52:22.188+0800: 0.693: [CMS-concurrent-abortable-preclean-start]
2022-01-16T15:52:22.188+0800: 0.693: [CMS-concurrent-abortable-preclean: 0.000/0.000 secs] [Times: user=0.00 sys=0.00, real=0.00 secs] 
2022-01-16T15:52:22.188+0800: 0.693: [GC (CMS Final Remark) [YG occupancy: 24149 K (157248 K)]0.693: [Rescan (parallel) , 0.0002458 secs]0.693: [weak refs processing, 0.0000058 secs]0.693: [class unloading, 0.0001790 secs]0.693: [scrub symbol table, 0.0002950 secs]0.694: [scrub string table, 0.0000890 secs][1 CMS-remark: 333930K(349568K)] 358079K(506816K), 0.0008617 secs] [Times: user=0.00 sys=0.00, real=0.00 secs] 
2022-01-16T15:52:22.189+0800: 0.694: [CMS-concurrent-sweep-start]
2022-01-16T15:52:22.189+0800: 0.694: [CMS-concurrent-sweep: 0.000/0.000 secs] [Times: user=0.00 sys=0.00, real=0.00 secs] 
2022-01-16T15:52:22.189+0800: 0.694: [CMS-concurrent-reset-start]
2022-01-16T15:52:22.189+0800: 0.695: [CMS-concurrent-reset: 0.000/0.000 secs] [Times: user=0.00 sys=0.00, real=0.00 secs] 
2022-01-16T15:52:22.204+0800: 0.709: [GC (Allocation Failure) 0.709: [ParNew: 139480K->139480K(157248K), 0.0000164 secs]0.709: [CMS: 333877K->335622K(349568K), 0.0464812 secs] 473357K->335622K(506816K), [Metaspace: 2607K->2607K(1056768K)], 0.0465592 secs] [Times: user=0.05 sys=0.00, real=0.05 secs] 
2022-01-16T15:52:22.251+0800: 0.756: [GC (CMS Initial Mark) [1 CMS-initial-mark: 335622K(349568K)] 335960K(506816K), 0.0000773 secs] [Times: user=0.00 sys=0.00, real=0.00 secs] 
2022-01-16T15:52:22.251+0800: 0.756: [CMS-concurrent-mark-start]
2022-01-16T15:52:22.253+0800: 0.758: [CMS-concurrent-mark: 0.002/0.002 secs] [Times: user=0.00 sys=0.00, real=0.00 secs] 
2022-01-16T15:52:22.253+0800: 0.758: [CMS-concurrent-preclean-start]
2022-01-16T15:52:22.253+0800: 0.759: [CMS-concurrent-preclean: 0.000/0.000 secs] [Times: user=0.00 sys=0.00, real=0.00 secs] 
2022-01-16T15:52:22.253+0800: 0.759: [CMS-concurrent-abortable-preclean-start]
2022-01-16T15:52:22.253+0800: 0.759: [CMS-concurrent-abortable-preclean: 0.000/0.000 secs] [Times: user=0.00 sys=0.00, real=0.00 secs] 
2022-01-16T15:52:22.254+0800: 0.759: [GC (CMS Final Remark) [YG occupancy: 23482 K (157248 K)]0.759: [Rescan (parallel) , 0.0002108 secs]0.759: [weak refs processing, 0.0000066 secs]0.759: [class unloading, 0.0002097 secs]0.759: [scrub symbol table, 0.0002914 secs]0.760: [scrub string table, 0.0000879 secs][1 CMS-remark: 335622K(349568K)] 359105K(506816K), 0.0008686 secs] [Times: user=0.00 sys=0.00, real=0.00 secs] 
2022-01-16T15:52:22.255+0800: 0.760: [CMS-concurrent-sweep-start]
2022-01-16T15:52:22.255+0800: 0.760: [CMS-concurrent-sweep: 0.000/0.000 secs] [Times: user=0.00 sys=0.00, real=0.00 secs] 
2022-01-16T15:52:22.255+0800: 0.760: [CMS-concurrent-reset-start]
2022-01-16T15:52:22.255+0800: 0.761: [CMS-concurrent-reset: 0.000/0.000 secs] [Times: user=0.00 sys=0.00, real=0.00 secs] 
2022-01-16T15:52:22.270+0800: 0.775: [GC (Allocation Failure) 0.775: [ParNew: 139776K->139776K(157248K), 0.0000124 secs]0.775: [CMS: 335535K->339879K(349568K), 0.0475889 secs] 475311K->339879K(506816K), [Metaspace: 2607K->2607K(1056768K)], 0.0476557 secs] [Times: user=0.05 sys=0.00, real=0.05 secs] 
2022-01-16T15:52:22.318+0800: 0.823: [GC (CMS Initial Mark) [1 CMS-initial-mark: 339879K(349568K)] 342707K(506816K), 0.0001747 secs] [Times: user=0.00 sys=0.00, real=0.00 secs] 
2022-01-16T15:52:22.318+0800: 0.823: [CMS-concurrent-mark-start]
2022-01-16T15:52:22.320+0800: 0.825: [CMS-concurrent-mark: 0.002/0.002 secs] [Times: user=0.03 sys=0.00, real=0.00 secs] 
2022-01-16T15:52:22.320+0800: 0.825: [CMS-concurrent-preclean-start]
2022-01-16T15:52:22.320+0800: 0.826: [CMS-concurrent-preclean: 0.000/0.000 secs] [Times: user=0.00 sys=0.00, real=0.00 secs] 
2022-01-16T15:52:22.320+0800: 0.826: [CMS-concurrent-abortable-preclean-start]
2022-01-16T15:52:22.320+0800: 0.826: [CMS-concurrent-abortable-preclean: 0.000/0.000 secs] [Times: user=0.00 sys=0.00, real=0.00 secs] 
2022-01-16T15:52:22.321+0800: 0.826: [GC (CMS Final Remark) [YG occupancy: 26133 K (157248 K)]0.826: [Rescan (parallel) , 0.0003501 secs]0.826: [weak refs processing, 0.0000062 secs]0.826: [class unloading, 0.0001779 secs]0.826: [scrub symbol table, 0.0002862 secs]0.827: [scrub string table, 0.0001134 secs][1 CMS-remark: 339879K(349568K)] 366012K(506816K), 0.0009922 secs] [Times: user=0.00 sys=0.00, real=0.00 secs] 
2022-01-16T15:52:22.322+0800: 0.827: [CMS-concurrent-sweep-start]
2022-01-16T15:52:22.322+0800: 0.827: [CMS-concurrent-sweep: 0.000/0.000 secs] [Times: user=0.00 sys=0.00, real=0.00 secs] 
2022-01-16T15:52:22.322+0800: 0.827: [CMS-concurrent-reset-start]
2022-01-16T15:52:22.322+0800: 0.828: [CMS-concurrent-reset: 0.000/0.000 secs] [Times: user=0.00 sys=0.00, real=0.00 secs] 
2022-01-16T15:52:22.337+0800: 0.842: [GC (Allocation Failure) 0.842: [ParNew: 139776K->139776K(157248K), 0.0000128 secs]0.842: [CMS: 339870K->344716K(349568K), 0.0486267 secs] 479646K->344716K(506816K), [Metaspace: 2607K->2607K(1056768K)], 0.0487295 secs] [Times: user=0.05 sys=0.00, real=0.05 secs] 
2022-01-16T15:52:22.386+0800: 0.891: [GC (CMS Initial Mark) [1 CMS-initial-mark: 344716K(349568K)] 347711K(506816K), 0.0001893 secs] [Times: user=0.00 sys=0.00, real=0.00 secs] 
2022-01-16T15:52:22.386+0800: 0.891: [CMS-concurrent-mark-start]
2022-01-16T15:52:22.388+0800: 0.894: [CMS-concurrent-mark: 0.002/0.002 secs] [Times: user=0.00 sys=0.00, real=0.00 secs] 
2022-01-16T15:52:22.388+0800: 0.894: [CMS-concurrent-preclean-start]
2022-01-16T15:52:22.389+0800: 0.894: [CMS-concurrent-preclean: 0.000/0.000 secs] [Times: user=0.00 sys=0.00, real=0.00 secs] 
2022-01-16T15:52:22.389+0800: 0.894: [CMS-concurrent-abortable-preclean-start]
2022-01-16T15:52:22.389+0800: 0.894: [CMS-concurrent-abortable-preclean: 0.000/0.000 secs] [Times: user=0.00 sys=0.00, real=0.00 secs] 
2022-01-16T15:52:22.389+0800: 0.894: [GC (CMS Final Remark) [YG occupancy: 16393 K (157248 K)]0.894: [Rescan (parallel) , 0.0002833 secs]0.895: [weak refs processing, 0.0000062 secs]0.895: [class unloading, 0.0002611 secs]0.895: [scrub symbol table, 0.0004299 secs]0.895: [scrub string table, 0.0000974 secs][1 CMS-remark: 344716K(349568K)] 361109K(506816K), 0.0011694 secs] [Times: user=0.00 sys=0.00, real=0.00 secs] 
2022-01-16T15:52:22.390+0800: 0.896: [CMS-concurrent-sweep-start]
2022-01-16T15:52:22.391+0800: 0.896: [CMS-concurrent-sweep: 0.000/0.000 secs] [Times: user=0.00 sys=0.00, real=0.00 secs] 
2022-01-16T15:52:22.391+0800: 0.896: [CMS-concurrent-reset-start]
2022-01-16T15:52:22.391+0800: 0.897: [CMS-concurrent-reset: 0.000/0.000 secs] [Times: user=0.00 sys=0.00, real=0.00 secs] 
2022-01-16T15:52:22.406+0800: 0.911: [GC (Allocation Failure) 0.911: [ParNew: 139258K->139258K(157248K), 0.0000120 secs]0.911: [CMS: 344716K->345426K(349568K), 0.0487321 secs] 483974K->345426K(506816K), [Metaspace: 2607K->2607K(1056768K)], 0.0487999 secs] [Times: user=0.05 sys=0.00, real=0.05 secs] 
2022-01-16T15:52:22.455+0800: 0.960: [GC (CMS Initial Mark) [1 CMS-initial-mark: 345426K(349568K)] 349573K(506816K), 0.0001192 secs] [Times: user=0.00 sys=0.00, real=0.00 secs] 
2022-01-16T15:52:22.455+0800: 0.960: [CMS-concurrent-mark-start]
2022-01-16T15:52:22.457+0800: 0.963: [CMS-concurrent-mark: 0.002/0.002 secs] [Times: user=0.00 sys=0.00, real=0.00 secs] 
2022-01-16T15:52:22.457+0800: 0.963: [CMS-concurrent-preclean-start]
2022-01-16T15:52:22.458+0800: 0.963: [CMS-concurrent-preclean: 0.000/0.000 secs] [Times: user=0.00 sys=0.00, real=0.00 secs] 
2022-01-16T15:52:22.458+0800: 0.963: [CMS-concurrent-abortable-preclean-start]
2022-01-16T15:52:22.458+0800: 0.963: [CMS-concurrent-abortable-preclean: 0.000/0.000 secs] [Times: user=0.00 sys=0.00, real=0.00 secs] 
2022-01-16T15:52:22.458+0800: 0.963: [GC (CMS Final Remark) [YG occupancy: 19809 K (157248 K)]0.963: [Rescan (parallel) , 0.0003559 secs]0.964: [weak refs processing, 0.0000062 secs]0.964: [class unloading, 0.0001670 secs]0.964: [scrub symbol table, 0.0003318 secs]0.964: [scrub string table, 0.0000890 secs][1 CMS-remark: 345426K(349568K)] 365236K(506816K), 0.0010028 secs] [Times: user=0.00 sys=0.00, real=0.00 secs] 
2022-01-16T15:52:22.459+0800: 0.964: [CMS-concurrent-sweep-start]
2022-01-16T15:52:22.459+0800: 0.965: [CMS-concurrent-sweep: 0.000/0.000 secs] [Times: user=0.00 sys=0.00, real=0.00 secs] 
2022-01-16T15:52:22.459+0800: 0.965: [CMS-concurrent-reset-start]
2022-01-16T15:52:22.460+0800: 0.965: [CMS-concurrent-reset: 0.000/0.000 secs] [Times: user=0.00 sys=0.00, real=0.00 secs] 
2022-01-16T15:52:22.476+0800: 0.981: [GC (Allocation Failure) 0.981: [ParNew: 139773K->139773K(157248K), 0.0000124 secs]0.981: [CMS: 345230K->340177K(349568K), 0.0491500 secs] 485004K->340177K(506816K), [Metaspace: 2607K->2607K(1056768K)], 0.0492174 secs] [Times: user=0.05 sys=0.00, real=0.05 secs] 
2022-01-16T15:52:22.525+0800: 1.031: [GC (CMS Initial Mark) [1 CMS-initial-mark: 340177K(349568K)] 340465K(506816K), 0.0001050 secs] [Times: user=0.00 sys=0.00, real=0.00 secs] 
2022-01-16T15:52:22.525+0800: 1.031: [CMS-concurrent-mark-start]
2022-01-16T15:52:22.527+0800: 1.033: [CMS-concurrent-mark: 0.002/0.002 secs] [Times: user=0.00 sys=0.00, real=0.00 secs] 
2022-01-16T15:52:22.527+0800: 1.033: [CMS-concurrent-preclean-start]
2022-01-16T15:52:22.528+0800: 1.033: [CMS-concurrent-preclean: 0.000/0.000 secs] [Times: user=0.00 sys=0.00, real=0.00 secs] 
2022-01-16T15:52:22.528+0800: 1.033: [CMS-concurrent-abortable-preclean-start]
2022-01-16T15:52:22.528+0800: 1.033: [CMS-concurrent-abortable-preclean: 0.000/0.000 secs] [Times: user=0.00 sys=0.00, real=0.00 secs] 
2022-01-16T15:52:22.528+0800: 1.033: [GC (CMS Final Remark) [YG occupancy: 25238 K (157248 K)]1.033: [Rescan (parallel) , 0.0003785 secs]1.034: [weak refs processing, 0.0000168 secs]1.034: [class unloading, 0.0001944 secs]1.034: [scrub symbol table, 0.0002866 secs]1.034: [scrub string table, 0.0000871 secs][1 CMS-remark: 340177K(349568K)] 365415K(506816K), 0.0010338 secs] [Times: user=0.00 sys=0.00, real=0.00 secs] 
2022-01-16T15:52:22.529+0800: 1.035: [CMS-concurrent-sweep-start]
2022-01-16T15:52:22.530+0800: 1.035: [CMS-concurrent-sweep: 0.001/0.001 secs] [Times: user=0.00 sys=0.00, real=0.00 secs] 
2022-01-16T15:52:22.530+0800: 1.035: [CMS-concurrent-reset-start]
2022-01-16T15:52:22.530+0800: 1.035: [CMS-concurrent-reset: 0.000/0.000 secs] [Times: user=0.00 sys=0.00, real=0.00 secs] 
2022-01-16T15:52:22.544+0800: 1.050: [GC (Allocation Failure) 1.050: [ParNew: 139776K->139776K(157248K), 0.0000135 secs]1.050: [CMS: 339824K->342084K(349568K), 0.0486315 secs] 479600K->342084K(506816K), [Metaspace: 2607K->2607K(1056768K)], 0.0487157 secs] [Times: user=0.05 sys=0.00, real=0.05 secs] 
2022-01-16T15:52:22.593+0800: 1.098: [GC (CMS Initial Mark) [1 CMS-initial-mark: 342084K(349568K)] 342636K(506816K), 0.0001907 secs] [Times: user=0.00 sys=0.00, real=0.00 secs] 
2022-01-16T15:52:22.593+0800: 1.099: [CMS-concurrent-mark-start]
2022-01-16T15:52:22.595+0800: 1.101: [CMS-concurrent-mark: 0.002/0.002 secs] [Times: user=0.00 sys=0.00, real=0.00 secs] 
2022-01-16T15:52:22.595+0800: 1.101: [CMS-concurrent-preclean-start]
2022-01-16T15:52:22.596+0800: 1.101: [CMS-concurrent-preclean: 0.000/0.000 secs] [Times: user=0.00 sys=0.00, real=0.00 secs] 
2022-01-16T15:52:22.596+0800: 1.101: [CMS-concurrent-abortable-preclean-start]
2022-01-16T15:52:22.596+0800: 1.101: [CMS-concurrent-abortable-preclean: 0.000/0.000 secs] [Times: user=0.00 sys=0.00, real=0.00 secs] 
2022-01-16T15:52:22.596+0800: 1.101: [GC (CMS Final Remark) [YG occupancy: 26155 K (157248 K)]1.101: [Rescan (parallel) , 0.0004660 secs]1.102: [weak refs processing, 0.0000069 secs]1.102: [class unloading, 0.0001816 secs]1.102: [scrub symbol table, 0.0002979 secs]1.102: [scrub string table, 0.0000893 secs][1 CMS-remark: 342084K(349568K)] 368239K(506816K), 0.0011012 secs] [Times: user=0.00 sys=0.00, real=0.00 secs] 
2022-01-16T15:52:22.597+0800: 1.103: [CMS-concurrent-sweep-start]
2022-01-16T15:52:22.598+0800: 1.103: [CMS-concurrent-sweep: 0.001/0.001 secs] [Times: user=0.00 sys=0.00, real=0.00 secs] 
2022-01-16T15:52:22.598+0800: 1.103: [CMS-concurrent-reset-start]
2022-01-16T15:52:22.598+0800: 1.104: [CMS-concurrent-reset: 0.000/0.000 secs] [Times: user=0.00 sys=0.00, real=0.00 secs] 
Heap
 par new generation   total 157248K, used 100978K [0x00000000e0000000, 0x00000000eaaa0000, 0x00000000eaaa0000)
  eden space 139776K,  72% used [0x00000000e0000000, 0x00000000e629c8d8, 0x00000000e8880000)
  from space 17472K,   0% used [0x00000000e9990000, 0x00000000e9990000, 0x00000000eaaa0000)
  to   space 17472K,   0% used [0x00000000e8880000, 0x00000000e8880000, 0x00000000e9990000)
 concurrent mark-sweep generation total 349568K, used 341688K [0x00000000eaaa0000, 0x0000000100000000, 0x0000000100000000)
 Metaspace       used 2614K, capacity 4486K, committed 4864K, reserved 1056768K
  class space    used 280K, capacity 386K, committed 512K, reserved 1048576K
