Java HotSpot(TM) 64-Bit Server VM (25.40-b25) for windows-amd64 JRE (1.8.0_40-b25), built on Feb 10 2015 21:53:57 by "java_re" with MS VC++ 10.0 (VS2010)
Memory: 4k page, physical 16654396k(3725012k free), swap 33306932k(11560852k free)
CommandLine flags: -XX:InitialHeapSize=536870912 -XX:MaxHeapSize=536870912 -XX:+PrintGC -XX:+PrintGCDateStamps -XX:+PrintGCDetails -XX:+PrintGCTimeStamps -XX:+UseCompressedClassPointers -XX:+UseCompressedOops -XX:+UseG1GC -XX:-UseLargePagesIndividualAllocation 
2022-01-16T15:56:02.584+0800: 0.135: [GC pause (G1 Evacuation Pause) (young), 0.0029208 secs]
   [Parallel Time: 2.2 ms, GC Workers: 4]
      [GC Worker Start (ms): Min: 135.6, Avg: 136.1, Max: 137.6, Diff: 2.0]
      [Ext Root Scanning (ms): Min: 0.0, Avg: 0.2, Max: 0.3, Diff: 0.3, Sum: 0.6]
      [Update RS (ms): Min: 0.0, Avg: 0.0, Max: 0.0, Diff: 0.0, Sum: 0.0]
         [Processed Buffers: Min: 0, Avg: 0.0, Max: 0, Diff: 0, Sum: 0]
      [Scan RS (ms): Min: 0.0, Avg: 0.0, Max: 0.0, Diff: 0.0, Sum: 0.0]
      [Code Root Scanning (ms): Min: 0.0, Avg: 0.0, Max: 0.0, Diff: 0.0, Sum: 0.0]
      [Object Copy (ms): Min: 0.0, Avg: 1.3, Max: 1.8, Diff: 1.8, Sum: 5.2]
      [Termination (ms): Min: 0.0, Avg: 0.0, Max: 0.1, Diff: 0.1, Sum: 0.2]
      [GC Worker Other (ms): Min: 0.0, Avg: 0.0, Max: 0.0, Diff: 0.0, Sum: 0.1]
      [GC Worker Total (ms): Min: 0.0, Avg: 1.5, Max: 2.1, Diff: 2.1, Sum: 6.1]
      [GC Worker End (ms): Min: 137.6, Avg: 137.6, Max: 137.7, Diff: 0.1]
   [Code Root Fixup: 0.0 ms]
   [Code Root Purge: 0.0 ms]
   [Clear CT: 0.3 ms]
   [Other: 0.5 ms]
      [Choose CSet: 0.0 ms]
      [Ref Proc: 0.1 ms]
      [Ref Enq: 0.0 ms]
      [Redirty Cards: 0.3 ms]
      [Humongous Reclaim: 0.0 ms]
      [Free CSet: 0.0 ms]
   [Eden: 25.0M(25.0M)->0.0B(21.0M) Survivors: 0.0B->4096.0K Heap: 33.2M(512.0M)->11.7M(512.0M)]
 [Times: user=0.00 sys=0.00, real=0.00 secs] 
2022-01-16T15:56:02.592+0800: 0.143: [GC pause (G1 Evacuation Pause) (young), 0.0037628 secs]
   [Parallel Time: 2.9 ms, GC Workers: 4]
      [GC Worker Start (ms): Min: 143.1, Avg: 143.1, Max: 143.1, Diff: 0.1]
      [Ext Root Scanning (ms): Min: 0.1, Avg: 0.2, Max: 0.2, Diff: 0.1, Sum: 0.7]
      [Update RS (ms): Min: 0.0, Avg: 0.0, Max: 0.0, Diff: 0.0, Sum: 0.0]
         [Processed Buffers: Min: 0, Avg: 0.0, Max: 0, Diff: 0, Sum: 0]
      [Scan RS (ms): Min: 0.0, Avg: 0.0, Max: 0.0, Diff: 0.0, Sum: 0.0]
      [Code Root Scanning (ms): Min: 0.0, Avg: 0.0, Max: 0.0, Diff: 0.0, Sum: 0.0]
      [Object Copy (ms): Min: 1.8, Avg: 2.1, Max: 2.6, Diff: 0.7, Sum: 8.3]
      [Termination (ms): Min: 0.0, Avg: 0.5, Max: 0.7, Diff: 0.7, Sum: 2.0]
      [GC Worker Other (ms): Min: 0.0, Avg: 0.0, Max: 0.0, Diff: 0.0, Sum: 0.0]
      [GC Worker Total (ms): Min: 2.7, Avg: 2.8, Max: 2.8, Diff: 0.1, Sum: 11.0]
      [GC Worker End (ms): Min: 145.9, Avg: 145.9, Max: 145.9, Diff: 0.0]
   [Code Root Fixup: 0.0 ms]
   [Code Root Purge: 0.0 ms]
   [Clear CT: 0.3 ms]
   [Other: 0.6 ms]
      [Choose CSet: 0.0 ms]
      [Ref Proc: 0.1 ms]
      [Ref Enq: 0.0 ms]
      [Redirty Cards: 0.3 ms]
      [Humongous Reclaim: 0.0 ms]
      [Free CSet: 0.0 ms]
   [Eden: 21.0M(21.0M)->0.0B(24.0M) Survivors: 4096.0K->4096.0K Heap: 36.3M(512.0M)->22.2M(512.0M)]
 [Times: user=0.00 sys=0.06, real=0.00 secs] 
2022-01-16T15:56:02.602+0800: 0.154: [GC pause (G1 Evacuation Pause) (young), 0.0032402 secs]
   [Parallel Time: 2.7 ms, GC Workers: 4]
      [GC Worker Start (ms): Min: 153.6, Avg: 153.7, Max: 153.7, Diff: 0.1]
      [Ext Root Scanning (ms): Min: 0.1, Avg: 0.2, Max: 0.2, Diff: 0.1, Sum: 0.6]
      [Update RS (ms): Min: 0.0, Avg: 0.1, Max: 0.3, Diff: 0.3, Sum: 0.4]
         [Processed Buffers: Min: 1, Avg: 2.0, Max: 3, Diff: 2, Sum: 8]
      [Scan RS (ms): Min: 0.0, Avg: 0.0, Max: 0.0, Diff: 0.0, Sum: 0.0]
      [Code Root Scanning (ms): Min: 0.0, Avg: 0.0, Max: 0.0, Diff: 0.0, Sum: 0.0]
      [Object Copy (ms): Min: 2.2, Avg: 2.3, Max: 2.4, Diff: 0.2, Sum: 9.2]
      [Termination (ms): Min: 0.0, Avg: 0.1, Max: 0.1, Diff: 0.1, Sum: 0.2]
      [GC Worker Other (ms): Min: 0.0, Avg: 0.0, Max: 0.0, Diff: 0.0, Sum: 0.0]
      [GC Worker Total (ms): Min: 2.6, Avg: 2.6, Max: 2.7, Diff: 0.1, Sum: 10.5]
      [GC Worker End (ms): Min: 156.3, Avg: 156.3, Max: 156.3, Diff: 0.0]
   [Code Root Fixup: 0.0 ms]
   [Code Root Purge: 0.0 ms]
   [Clear CT: 0.3 ms]
   [Other: 0.2 ms]
      [Choose CSet: 0.0 ms]
      [Ref Proc: 0.0 ms]
      [Ref Enq: 0.0 ms]
      [Redirty Cards: 0.1 ms]
      [Humongous Reclaim: 0.0 ms]
      [Free CSet: 0.0 ms]
   [Eden: 24.0M(24.0M)->0.0B(36.0M) Survivors: 4096.0K->4096.0K Heap: 49.2M(512.0M)->31.3M(512.0M)]
 [Times: user=0.00 sys=0.00, real=0.00 secs] 
2022-01-16T15:56:02.616+0800: 0.167: [GC pause (G1 Evacuation Pause) (young), 0.0038018 secs]
   [Parallel Time: 3.6 ms, GC Workers: 4]
      [GC Worker Start (ms): Min: 167.3, Avg: 167.3, Max: 167.4, Diff: 0.1]
      [Ext Root Scanning (ms): Min: 0.1, Avg: 0.2, Max: 0.2, Diff: 0.1, Sum: 0.7]
      [Update RS (ms): Min: 0.0, Avg: 0.0, Max: 0.0, Diff: 0.0, Sum: 0.1]
         [Processed Buffers: Min: 0, Avg: 1.3, Max: 3, Diff: 3, Sum: 5]
      [Scan RS (ms): Min: 0.0, Avg: 0.0, Max: 0.0, Diff: 0.0, Sum: 0.0]
      [Code Root Scanning (ms): Min: 0.0, Avg: 0.0, Max: 0.0, Diff: 0.0, Sum: 0.0]
      [Object Copy (ms): Min: 3.1, Avg: 3.2, Max: 3.3, Diff: 0.2, Sum: 12.8]
      [Termination (ms): Min: 0.0, Avg: 0.1, Max: 0.2, Diff: 0.2, Sum: 0.5]
      [GC Worker Other (ms): Min: 0.0, Avg: 0.0, Max: 0.0, Diff: 0.0, Sum: 0.1]
      [GC Worker Total (ms): Min: 3.5, Avg: 3.5, Max: 3.6, Diff: 0.1, Sum: 14.1]
      [GC Worker End (ms): Min: 170.9, Avg: 170.9, Max: 170.9, Diff: 0.0]
   [Code Root Fixup: 0.0 ms]
   [Code Root Purge: 0.0 ms]
   [Clear CT: 0.0 ms]
   [Other: 0.2 ms]
      [Choose CSet: 0.0 ms]
      [Ref Proc: 0.0 ms]
      [Ref Enq: 0.0 ms]
      [Redirty Cards: 0.0 ms]
      [Humongous Reclaim: 0.0 ms]
      [Free CSet: 0.0 ms]
   [Eden: 36.0M(36.0M)->0.0B(52.0M) Survivors: 4096.0K->5120.0K Heap: 77.0M(512.0M)->45.1M(512.0M)]
 [Times: user=0.00 sys=0.00, real=0.00 secs] 
2022-01-16T15:56:02.639+0800: 0.191: [GC pause (G1 Evacuation Pause) (young), 0.0051874 secs]
   [Parallel Time: 5.0 ms, GC Workers: 4]
      [GC Worker Start (ms): Min: 190.6, Avg: 190.7, Max: 190.7, Diff: 0.1]
      [Ext Root Scanning (ms): Min: 0.1, Avg: 0.2, Max: 0.3, Diff: 0.2, Sum: 0.8]
      [Update RS (ms): Min: 0.2, Avg: 0.4, Max: 0.5, Diff: 0.3, Sum: 1.6]
         [Processed Buffers: Min: 5, Avg: 8.0, Max: 9, Diff: 4, Sum: 32]
      [Scan RS (ms): Min: 0.0, Avg: 0.0, Max: 0.0, Diff: 0.0, Sum: 0.0]
      [Code Root Scanning (ms): Min: 0.0, Avg: 0.0, Max: 0.0, Diff: 0.0, Sum: 0.0]
      [Object Copy (ms): Min: 4.1, Avg: 4.1, Max: 4.3, Diff: 0.3, Sum: 16.6]
      [Termination (ms): Min: 0.0, Avg: 0.1, Max: 0.2, Diff: 0.2, Sum: 0.4]
      [GC Worker Other (ms): Min: 0.0, Avg: 0.0, Max: 0.0, Diff: 0.0, Sum: 0.0]
      [GC Worker Total (ms): Min: 4.8, Avg: 4.9, Max: 4.9, Diff: 0.1, Sum: 19.5]
      [GC Worker End (ms): Min: 195.5, Avg: 195.5, Max: 195.6, Diff: 0.0]
   [Code Root Fixup: 0.0 ms]
   [Code Root Purge: 0.0 ms]
   [Clear CT: 0.0 ms]
   [Other: 0.2 ms]
      [Choose CSet: 0.0 ms]
      [Ref Proc: 0.0 ms]
      [Ref Enq: 0.0 ms]
      [Redirty Cards: 0.0 ms]
      [Humongous Reclaim: 0.0 ms]
      [Free CSet: 0.0 ms]
   [Eden: 52.0M(52.0M)->0.0B(65.0M) Survivors: 5120.0K->8192.0K Heap: 117.1M(512.0M)->68.6M(512.0M)]
 [Times: user=0.02 sys=0.00, real=0.01 secs] 
2022-01-16T15:56:02.661+0800: 0.212: [GC pause (G1 Evacuation Pause) (young), 0.0074829 secs]
   [Parallel Time: 7.3 ms, GC Workers: 4]
      [GC Worker Start (ms): Min: 212.4, Avg: 212.4, Max: 212.4, Diff: 0.1]
      [Ext Root Scanning (ms): Min: 0.1, Avg: 0.2, Max: 0.2, Diff: 0.1, Sum: 0.6]
      [Update RS (ms): Min: 0.4, Avg: 0.5, Max: 0.5, Diff: 0.0, Sum: 1.9]
         [Processed Buffers: Min: 9, Avg: 9.5, Max: 10, Diff: 1, Sum: 38]
      [Scan RS (ms): Min: 0.0, Avg: 0.0, Max: 0.0, Diff: 0.0, Sum: 0.0]
      [Code Root Scanning (ms): Min: 0.0, Avg: 0.0, Max: 0.0, Diff: 0.0, Sum: 0.0]
      [Object Copy (ms): Min: 6.2, Avg: 6.3, Max: 6.5, Diff: 0.4, Sum: 25.2]
      [Termination (ms): Min: 0.0, Avg: 0.2, Max: 0.3, Diff: 0.3, Sum: 0.9]
      [GC Worker Other (ms): Min: 0.0, Avg: 0.0, Max: 0.0, Diff: 0.0, Sum: 0.0]
      [GC Worker Total (ms): Min: 7.1, Avg: 7.2, Max: 7.2, Diff: 0.1, Sum: 28.6]
      [GC Worker End (ms): Min: 219.5, Avg: 219.6, Max: 219.6, Diff: 0.1]
   [Code Root Fixup: 0.0 ms]
   [Code Root Purge: 0.0 ms]
   [Clear CT: 0.0 ms]
   [Other: 0.2 ms]
      [Choose CSet: 0.0 ms]
      [Ref Proc: 0.0 ms]
      [Ref Enq: 0.0 ms]
      [Redirty Cards: 0.0 ms]
      [Humongous Reclaim: 0.0 ms]
      [Free CSet: 0.0 ms]
   [Eden: 65.0M(65.0M)->0.0B(69.0M) Survivors: 8192.0K->10.0M Heap: 148.4M(512.0M)->99.5M(512.0M)]
 [Times: user=0.00 sys=0.00, real=0.01 secs] 
2022-01-16T15:56:02.686+0800: 0.237: [GC pause (G1 Evacuation Pause) (young), 0.0059896 secs]
   [Parallel Time: 5.7 ms, GC Workers: 4]
      [GC Worker Start (ms): Min: 237.2, Avg: 237.2, Max: 237.2, Diff: 0.1]
      [Ext Root Scanning (ms): Min: 0.1, Avg: 0.2, Max: 0.2, Diff: 0.1, Sum: 0.6]
      [Update RS (ms): Min: 0.5, Avg: 0.6, Max: 0.6, Diff: 0.0, Sum: 2.2]
         [Processed Buffers: Min: 10, Avg: 11.0, Max: 12, Diff: 2, Sum: 44]
      [Scan RS (ms): Min: 0.0, Avg: 0.0, Max: 0.0, Diff: 0.0, Sum: 0.0]
      [Code Root Scanning (ms): Min: 0.0, Avg: 0.0, Max: 0.0, Diff: 0.0, Sum: 0.0]
      [Object Copy (ms): Min: 4.8, Avg: 4.9, Max: 4.9, Diff: 0.1, Sum: 19.5]
      [Termination (ms): Min: 0.0, Avg: 0.1, Max: 0.1, Diff: 0.1, Sum: 0.2]
      [GC Worker Other (ms): Min: 0.0, Avg: 0.0, Max: 0.0, Diff: 0.0, Sum: 0.0]
      [GC Worker Total (ms): Min: 5.6, Avg: 5.6, Max: 5.7, Diff: 0.1, Sum: 22.6]
      [GC Worker End (ms): Min: 242.8, Avg: 242.8, Max: 242.9, Diff: 0.0]
   [Code Root Fixup: 0.0 ms]
   [Code Root Purge: 0.0 ms]
   [Clear CT: 0.1 ms]
   [Other: 0.2 ms]
      [Choose CSet: 0.0 ms]
      [Ref Proc: 0.0 ms]
      [Ref Enq: 0.0 ms]
      [Redirty Cards: 0.0 ms]
      [Humongous Reclaim: 0.0 ms]
      [Free CSet: 0.0 ms]
   [Eden: 69.0M(69.0M)->0.0B(136.0M) Survivors: 10.0M->10.0M Heap: 181.3M(512.0M)->123.8M(512.0M)]
 [Times: user=0.06 sys=0.00, real=0.01 secs] 
2022-01-16T15:56:02.736+0800: 0.287: [GC pause (G1 Evacuation Pause) (young), 0.0114495 secs]
   [Parallel Time: 11.2 ms, GC Workers: 4]
      [GC Worker Start (ms): Min: 287.0, Avg: 287.0, Max: 287.0, Diff: 0.0]
      [Ext Root Scanning (ms): Min: 0.1, Avg: 0.1, Max: 0.1, Diff: 0.0, Sum: 0.6]
      [Update RS (ms): Min: 0.2, Avg: 0.2, Max: 0.2, Diff: 0.0, Sum: 0.8]
         [Processed Buffers: Min: 1, Avg: 3.8, Max: 6, Diff: 5, Sum: 15]
      [Scan RS (ms): Min: 0.0, Avg: 0.0, Max: 0.0, Diff: 0.0, Sum: 0.1]
      [Code Root Scanning (ms): Min: 0.0, Avg: 0.0, Max: 0.0, Diff: 0.0, Sum: 0.0]
      [Object Copy (ms): Min: 10.5, Avg: 10.6, Max: 10.6, Diff: 0.1, Sum: 42.3]
      [Termination (ms): Min: 0.0, Avg: 0.1, Max: 0.2, Diff: 0.2, Sum: 0.4]
      [GC Worker Other (ms): Min: 0.0, Avg: 0.0, Max: 0.0, Diff: 0.0, Sum: 0.0]
      [GC Worker Total (ms): Min: 11.0, Avg: 11.0, Max: 11.1, Diff: 0.2, Sum: 44.2]
      [GC Worker End (ms): Min: 297.9, Avg: 298.0, Max: 298.1, Diff: 0.2]
   [Code Root Fixup: 0.0 ms]
   [Code Root Purge: 0.0 ms]
   [Clear CT: 0.0 ms]
   [Other: 0.2 ms]
      [Choose CSet: 0.0 ms]
      [Ref Proc: 0.0 ms]
      [Ref Enq: 0.0 ms]
      [Redirty Cards: 0.0 ms]
      [Humongous Reclaim: 0.1 ms]
      [Free CSet: 0.0 ms]
   [Eden: 136.0M(136.0M)->0.0B(129.0M) Survivors: 10.0M->19.0M Heap: 298.8M(512.0M)->183.5M(512.0M)]
 [Times: user=0.00 sys=0.00, real=0.01 secs] 
2022-01-16T15:56:02.770+0800: 0.321: [GC pause (G1 Humongous Allocation) (young) (initial-mark), 0.0099420 secs]
   [Parallel Time: 9.7 ms, GC Workers: 4]
      [GC Worker Start (ms): Min: 321.1, Avg: 321.2, Max: 321.2, Diff: 0.1]
      [Ext Root Scanning (ms): Min: 0.1, Avg: 0.2, Max: 0.2, Diff: 0.1, Sum: 0.7]
      [Update RS (ms): Min: 0.2, Avg: 0.2, Max: 0.2, Diff: 0.0, Sum: 0.7]
         [Processed Buffers: Min: 0, Avg: 2.8, Max: 4, Diff: 4, Sum: 11]
      [Scan RS (ms): Min: 0.0, Avg: 0.0, Max: 0.0, Diff: 0.0, Sum: 0.0]
      [Code Root Scanning (ms): Min: 0.0, Avg: 0.0, Max: 0.0, Diff: 0.0, Sum: 0.0]
      [Object Copy (ms): Min: 9.1, Avg: 9.2, Max: 9.2, Diff: 0.1, Sum: 36.6]
      [Termination (ms): Min: 0.0, Avg: 0.1, Max: 0.1, Diff: 0.1, Sum: 0.2]
      [GC Worker Other (ms): Min: 0.0, Avg: 0.0, Max: 0.0, Diff: 0.0, Sum: 0.0]
      [GC Worker Total (ms): Min: 9.5, Avg: 9.6, Max: 9.6, Diff: 0.1, Sum: 38.3]
      [GC Worker End (ms): Min: 330.7, Avg: 330.7, Max: 330.7, Diff: 0.0]
   [Code Root Fixup: 0.0 ms]
   [Code Root Purge: 0.0 ms]
   [Clear CT: 0.0 ms]
   [Other: 0.3 ms]
      [Choose CSet: 0.0 ms]
      [Ref Proc: 0.1 ms]
      [Ref Enq: 0.0 ms]
      [Redirty Cards: 0.0 ms]
      [Humongous Reclaim: 0.0 ms]
      [Free CSet: 0.0 ms]
   [Eden: 127.0M(129.0M)->0.0B(138.0M) Survivors: 19.0M->19.0M Heap: 333.9M(512.0M)->234.4M(512.0M)]
 [Times: user=0.00 sys=0.00, real=0.01 secs] 
2022-01-16T15:56:02.780+0800: 0.331: [GC concurrent-root-region-scan-start]
2022-01-16T15:56:02.780+0800: 0.331: [GC concurrent-root-region-scan-end, 0.0001615 secs]
2022-01-16T15:56:02.780+0800: 0.331: [GC concurrent-mark-start]
2022-01-16T15:56:02.782+0800: 0.334: [GC concurrent-mark-end, 0.0023071 secs]
2022-01-16T15:56:02.783+0800: 0.334: [GC remark 0.334: [Finalize Marking, 0.0001765 secs] 0.334: [GC ref-proc, 0.0000423 secs] 0.334: [Unloading, 0.0004959 secs], 0.0011982 secs]
 [Times: user=0.00 sys=0.00, real=0.00 secs] 
2022-01-16T15:56:02.784+0800: 0.335: [GC cleanup 251M->243M(512M), 0.0005524 secs]
 [Times: user=0.00 sys=0.00, real=0.00 secs] 
2022-01-16T15:56:02.785+0800: 0.336: [GC concurrent-cleanup-start]
2022-01-16T15:56:02.785+0800: 0.336: [GC concurrent-cleanup-end, 0.0000252 secs]
2022-01-16T15:56:02.814+0800: 0.365: [GC pause (G1 Evacuation Pause) (young) (to-space exhausted), 0.0086293 secs]
   [Parallel Time: 8.1 ms, GC Workers: 4]
      [GC Worker Start (ms): Min: 365.5, Avg: 365.5, Max: 365.6, Diff: 0.0]
      [Ext Root Scanning (ms): Min: 0.1, Avg: 0.2, Max: 0.2, Diff: 0.0, Sum: 0.6]
      [Update RS (ms): Min: 0.2, Avg: 0.2, Max: 0.3, Diff: 0.0, Sum: 1.0]
         [Processed Buffers: Min: 1, Avg: 4.0, Max: 5, Diff: 4, Sum: 16]
      [Scan RS (ms): Min: 0.0, Avg: 0.0, Max: 0.0, Diff: 0.0, Sum: 0.0]
      [Code Root Scanning (ms): Min: 0.0, Avg: 0.0, Max: 0.0, Diff: 0.0, Sum: 0.0]
      [Object Copy (ms): Min: 7.7, Avg: 7.7, Max: 7.7, Diff: 0.0, Sum: 30.7]
      [Termination (ms): Min: 0.0, Avg: 0.0, Max: 0.0, Diff: 0.0, Sum: 0.0]
      [GC Worker Other (ms): Min: 0.0, Avg: 0.0, Max: 0.0, Diff: 0.0, Sum: 0.0]
      [GC Worker Total (ms): Min: 8.1, Avg: 8.1, Max: 8.1, Diff: 0.0, Sum: 32.4]
      [GC Worker End (ms): Min: 373.7, Avg: 373.7, Max: 373.7, Diff: 0.0]
   [Code Root Fixup: 0.0 ms]
   [Code Root Purge: 0.0 ms]
   [Clear CT: 0.0 ms]
   [Other: 0.5 ms]
      [Evacuation Failure: 0.2 ms]
      [Choose CSet: 0.0 ms]
      [Ref Proc: 0.1 ms]
      [Ref Enq: 0.0 ms]
      [Redirty Cards: 0.0 ms]
      [Humongous Reclaim: 0.1 ms]
      [Free CSet: 0.0 ms]
   [Eden: 138.0M(138.0M)->0.0B(5120.0K) Survivors: 19.0M->20.0M Heap: 407.2M(512.0M)->316.2M(512.0M)]
 [Times: user=0.00 sys=0.00, real=0.01 secs] 
2022-01-16T15:56:02.824+0800: 0.375: [GC pause (G1 Evacuation Pause) (mixed), 0.0045974 secs]
   [Parallel Time: 4.4 ms, GC Workers: 4]
      [GC Worker Start (ms): Min: 375.2, Avg: 375.3, Max: 375.3, Diff: 0.1]
      [Ext Root Scanning (ms): Min: 0.1, Avg: 0.1, Max: 0.2, Diff: 0.0, Sum: 0.6]
      [Update RS (ms): Min: 0.2, Avg: 0.3, Max: 0.3, Diff: 0.0, Sum: 1.0]
         [Processed Buffers: Min: 2, Avg: 4.3, Max: 5, Diff: 3, Sum: 17]
      [Scan RS (ms): Min: 0.0, Avg: 0.0, Max: 0.0, Diff: 0.0, Sum: 0.1]
      [Code Root Scanning (ms): Min: 0.0, Avg: 0.0, Max: 0.0, Diff: 0.0, Sum: 0.0]
      [Object Copy (ms): Min: 3.6, Avg: 3.7, Max: 3.7, Diff: 0.0, Sum: 14.6]
      [Termination (ms): Min: 0.0, Avg: 0.1, Max: 0.2, Diff: 0.2, Sum: 0.4]
      [GC Worker Other (ms): Min: 0.0, Avg: 0.0, Max: 0.0, Diff: 0.0, Sum: 0.0]
      [GC Worker Total (ms): Min: 4.2, Avg: 4.2, Max: 4.3, Diff: 0.1, Sum: 16.8]
      [GC Worker End (ms): Min: 379.4, Avg: 379.5, Max: 379.6, Diff: 0.2]
   [Code Root Fixup: 0.0 ms]
   [Code Root Purge: 0.0 ms]
   [Clear CT: 0.0 ms]
   [Other: 0.2 ms]
      [Choose CSet: 0.0 ms]
      [Ref Proc: 0.0 ms]
      [Ref Enq: 0.0 ms]
      [Redirty Cards: 0.0 ms]
      [Humongous Reclaim: 0.0 ms]
      [Free CSet: 0.0 ms]
   [Eden: 5120.0K(5120.0K)->0.0B(86.0M) Survivors: 20.0M->4096.0K Heap: 323.2M(512.0M)->298.8M(512.0M)]
 [Times: user=0.01 sys=0.03, real=0.01 secs] 
2022-01-16T15:56:02.830+0800: 0.382: [GC pause (G1 Humongous Allocation) (young) (initial-mark), 0.0012267 secs]
   [Parallel Time: 0.9 ms, GC Workers: 4]
      [GC Worker Start (ms): Min: 381.6, Avg: 381.6, Max: 381.6, Diff: 0.1]
      [Ext Root Scanning (ms): Min: 0.1, Avg: 0.2, Max: 0.2, Diff: 0.0, Sum: 0.6]
      [Update RS (ms): Min: 0.1, Avg: 0.1, Max: 0.2, Diff: 0.1, Sum: 0.6]
         [Processed Buffers: Min: 1, Avg: 1.3, Max: 2, Diff: 1, Sum: 5]
      [Scan RS (ms): Min: 0.0, Avg: 0.0, Max: 0.0, Diff: 0.0, Sum: 0.0]
      [Code Root Scanning (ms): Min: 0.0, Avg: 0.0, Max: 0.0, Diff: 0.0, Sum: 0.0]
      [Object Copy (ms): Min: 0.4, Avg: 0.4, Max: 0.5, Diff: 0.2, Sum: 1.7]
      [Termination (ms): Min: 0.0, Avg: 0.0, Max: 0.1, Diff: 0.1, Sum: 0.2]
      [GC Worker Other (ms): Min: 0.0, Avg: 0.0, Max: 0.0, Diff: 0.0, Sum: 0.0]
      [GC Worker Total (ms): Min: 0.8, Avg: 0.8, Max: 0.8, Diff: 0.1, Sum: 3.1]
      [GC Worker End (ms): Min: 382.4, Avg: 382.4, Max: 382.4, Diff: 0.0]
   [Code Root Fixup: 0.0 ms]
   [Code Root Purge: 0.0 ms]
   [Clear CT: 0.1 ms]
   [Other: 0.3 ms]
      [Choose CSet: 0.0 ms]
      [Ref Proc: 0.0 ms]
      [Ref Enq: 0.0 ms]
      [Redirty Cards: 0.1 ms]
      [Humongous Reclaim: 0.0 ms]
      [Free CSet: 0.0 ms]
   [Eden: 8192.0K(86.0M)->0.0B(80.0M) Survivors: 4096.0K->6144.0K Heap: 306.8M(512.0M)->301.4M(512.0M)]
 [Times: user=0.00 sys=0.00, real=0.00 secs] 
2022-01-16T15:56:02.832+0800: 0.383: [GC concurrent-root-region-scan-start]
2022-01-16T15:56:02.832+0800: 0.383: [GC concurrent-root-region-scan-end, 0.0001243 secs]
2022-01-16T15:56:02.832+0800: 0.383: [GC concurrent-mark-start]
2022-01-16T15:56:02.834+0800: 0.385: [GC concurrent-mark-end, 0.0019691 secs]
2022-01-16T15:56:02.834+0800: 0.385: [GC remark 0.385: [Finalize Marking, 0.0000904 secs] 0.385: [GC ref-proc, 0.0000430 secs] 0.385: [Unloading, 0.0004296 secs], 0.0010761 secs]
 [Times: user=0.00 sys=0.00, real=0.00 secs] 
2022-01-16T15:56:02.835+0800: 0.386: [GC cleanup 315M->308M(512M), 0.0003687 secs]
 [Times: user=0.00 sys=0.00, real=0.00 secs] 
2022-01-16T15:56:02.836+0800: 0.387: [GC concurrent-cleanup-start]
2022-01-16T15:56:02.836+0800: 0.387: [GC concurrent-cleanup-end, 0.0000117 secs]
2022-01-16T15:56:02.847+0800: 0.398: [GC pause (G1 Evacuation Pause) (young), 0.0040403 secs]
   [Parallel Time: 3.6 ms, GC Workers: 4]
      [GC Worker Start (ms): Min: 398.2, Avg: 398.2, Max: 398.2, Diff: 0.1]
      [Ext Root Scanning (ms): Min: 0.1, Avg: 0.1, Max: 0.2, Diff: 0.0, Sum: 0.6]
      [Update RS (ms): Min: 0.2, Avg: 0.2, Max: 0.3, Diff: 0.1, Sum: 0.9]
         [Processed Buffers: Min: 0, Avg: 3.5, Max: 5, Diff: 5, Sum: 14]
      [Scan RS (ms): Min: 0.0, Avg: 0.0, Max: 0.0, Diff: 0.0, Sum: 0.0]
      [Code Root Scanning (ms): Min: 0.0, Avg: 0.0, Max: 0.0, Diff: 0.0, Sum: 0.0]
      [Object Copy (ms): Min: 3.0, Avg: 3.1, Max: 3.2, Diff: 0.1, Sum: 12.4]
      [Termination (ms): Min: 0.0, Avg: 0.0, Max: 0.1, Diff: 0.1, Sum: 0.2]
      [GC Worker Other (ms): Min: 0.0, Avg: 0.0, Max: 0.0, Diff: 0.0, Sum: 0.0]
      [GC Worker Total (ms): Min: 3.5, Avg: 3.5, Max: 3.6, Diff: 0.1, Sum: 14.2]
      [GC Worker End (ms): Min: 401.8, Avg: 401.8, Max: 401.8, Diff: 0.0]
   [Code Root Fixup: 0.0 ms]
   [Code Root Purge: 0.0 ms]
   [Clear CT: 0.1 ms]
   [Other: 0.3 ms]
      [Choose CSet: 0.0 ms]
      [Ref Proc: 0.1 ms]
      [Ref Enq: 0.0 ms]
      [Redirty Cards: 0.1 ms]
      [Humongous Reclaim: 0.0 ms]
      [Free CSet: 0.0 ms]
   [Eden: 80.0M(80.0M)->0.0B(14.0M) Survivors: 6144.0K->11.0M Heap: 389.2M(512.0M)->325.3M(512.0M)]
 [Times: user=0.00 sys=0.00, real=0.00 secs] 
2022-01-16T15:56:02.854+0800: 0.405: [GC pause (G1 Evacuation Pause) (mixed), 0.0035356 secs]
   [Parallel Time: 3.3 ms, GC Workers: 4]
      [GC Worker Start (ms): Min: 405.1, Avg: 405.2, Max: 405.2, Diff: 0.0]
      [Ext Root Scanning (ms): Min: 0.1, Avg: 0.1, Max: 0.2, Diff: 0.0, Sum: 0.6]
      [Update RS (ms): Min: 0.2, Avg: 0.2, Max: 0.2, Diff: 0.0, Sum: 0.9]
         [Processed Buffers: Min: 1, Avg: 3.8, Max: 5, Diff: 4, Sum: 15]
      [Scan RS (ms): Min: 0.0, Avg: 0.0, Max: 0.0, Diff: 0.0, Sum: 0.1]
      [Code Root Scanning (ms): Min: 0.0, Avg: 0.0, Max: 0.0, Diff: 0.0, Sum: 0.0]
      [Object Copy (ms): Min: 2.8, Avg: 2.8, Max: 2.8, Diff: 0.0, Sum: 11.2]
      [Termination (ms): Min: 0.0, Avg: 0.0, Max: 0.0, Diff: 0.0, Sum: 0.0]
      [GC Worker Other (ms): Min: 0.0, Avg: 0.0, Max: 0.0, Diff: 0.0, Sum: 0.0]
      [GC Worker Total (ms): Min: 3.2, Avg: 3.2, Max: 3.2, Diff: 0.0, Sum: 12.9]
      [GC Worker End (ms): Min: 408.4, Avg: 408.4, Max: 408.4, Diff: 0.0]
   [Code Root Fixup: 0.0 ms]
   [Code Root Purge: 0.0 ms]
   [Clear CT: 0.0 ms]
   [Other: 0.2 ms]
      [Choose CSet: 0.0 ms]
      [Ref Proc: 0.0 ms]
      [Ref Enq: 0.0 ms]
      [Redirty Cards: 0.0 ms]
      [Humongous Reclaim: 0.0 ms]
      [Free CSet: 0.0 ms]
   [Eden: 14.0M(14.0M)->0.0B(21.0M) Survivors: 11.0M->4096.0K Heap: 341.2M(512.0M)->289.7M(512.0M)]
 [Times: user=0.00 sys=0.00, real=0.00 secs] 
2022-01-16T15:56:02.861+0800: 0.413: [GC pause (G1 Evacuation Pause) (mixed), 0.0028592 secs]
   [Parallel Time: 2.5 ms, GC Workers: 4]
      [GC Worker Start (ms): Min: 412.6, Avg: 412.6, Max: 412.6, Diff: 0.1]
      [Ext Root Scanning (ms): Min: 0.1, Avg: 0.2, Max: 0.2, Diff: 0.1, Sum: 0.7]
      [Update RS (ms): Min: 0.3, Avg: 0.3, Max: 0.4, Diff: 0.0, Sum: 1.3]
         [Processed Buffers: Min: 3, Avg: 6.0, Max: 8, Diff: 5, Sum: 24]
      [Scan RS (ms): Min: 0.0, Avg: 0.0, Max: 0.0, Diff: 0.0, Sum: 0.1]
      [Code Root Scanning (ms): Min: 0.0, Avg: 0.0, Max: 0.0, Diff: 0.0, Sum: 0.0]
      [Object Copy (ms): Min: 1.8, Avg: 1.8, Max: 1.9, Diff: 0.1, Sum: 7.3]
      [Termination (ms): Min: 0.0, Avg: 0.1, Max: 0.1, Diff: 0.1, Sum: 0.3]
      [GC Worker Other (ms): Min: 0.0, Avg: 0.0, Max: 0.0, Diff: 0.0, Sum: 0.0]
      [GC Worker Total (ms): Min: 2.4, Avg: 2.4, Max: 2.5, Diff: 0.1, Sum: 9.7]
      [GC Worker End (ms): Min: 415.0, Avg: 415.0, Max: 415.1, Diff: 0.1]
   [Code Root Fixup: 0.0 ms]
   [Code Root Purge: 0.0 ms]
   [Clear CT: 0.1 ms]
   [Other: 0.3 ms]
      [Choose CSet: 0.0 ms]
      [Ref Proc: 0.1 ms]
      [Ref Enq: 0.0 ms]
      [Redirty Cards: 0.1 ms]
      [Humongous Reclaim: 0.0 ms]
      [Free CSet: 0.0 ms]
   [Eden: 21.0M(21.0M)->0.0B(88.0M) Survivors: 4096.0K->4096.0K Heap: 315.5M(512.0M)->290.1M(512.0M)]
 [Times: user=0.00 sys=0.00, real=0.00 secs] 
2022-01-16T15:56:02.865+0800: 0.416: [GC pause (G1 Humongous Allocation) (young) (initial-mark), 0.0008434 secs]
   [Parallel Time: 0.6 ms, GC Workers: 4]
      [GC Worker Start (ms): Min: 415.7, Avg: 415.8, Max: 415.8, Diff: 0.0]
      [Ext Root Scanning (ms): Min: 0.1, Avg: 0.1, Max: 0.1, Diff: 0.0, Sum: 0.5]
      [Update RS (ms): Min: 0.0, Avg: 0.1, Max: 0.1, Diff: 0.1, Sum: 0.3]
         [Processed Buffers: Min: 1, Avg: 1.3, Max: 2, Diff: 1, Sum: 5]
      [Scan RS (ms): Min: 0.0, Avg: 0.0, Max: 0.0, Diff: 0.0, Sum: 0.0]
      [Code Root Scanning (ms): Min: 0.0, Avg: 0.0, Max: 0.0, Diff: 0.0, Sum: 0.0]
      [Object Copy (ms): Min: 0.3, Avg: 0.3, Max: 0.3, Diff: 0.1, Sum: 1.2]
      [Termination (ms): Min: 0.0, Avg: 0.0, Max: 0.0, Diff: 0.0, Sum: 0.1]
      [GC Worker Other (ms): Min: 0.0, Avg: 0.0, Max: 0.0, Diff: 0.0, Sum: 0.0]
      [GC Worker Total (ms): Min: 0.5, Avg: 0.5, Max: 0.5, Diff: 0.0, Sum: 2.1]
      [GC Worker End (ms): Min: 416.3, Avg: 416.3, Max: 416.3, Diff: 0.0]
   [Code Root Fixup: 0.0 ms]
   [Code Root Purge: 0.0 ms]
   [Clear CT: 0.1 ms]
   [Other: 0.2 ms]
      [Choose CSet: 0.0 ms]
      [Ref Proc: 0.1 ms]
      [Ref Enq: 0.0 ms]
      [Redirty Cards: 0.1 ms]
      [Humongous Reclaim: 0.0 ms]
      [Free CSet: 0.0 ms]
   [Eden: 1024.0K(88.0M)->0.0B(92.0M) Survivors: 4096.0K->4096.0K Heap: 290.9M(512.0M)->289.4M(512.0M)]
 [Times: user=0.00 sys=0.00, real=0.00 secs] 
2022-01-16T15:56:02.865+0800: 0.417: [GC concurrent-root-region-scan-start]
2022-01-16T15:56:02.866+0800: 0.417: [GC concurrent-root-region-scan-end, 0.0000992 secs]
2022-01-16T15:56:02.866+0800: 0.417: [GC concurrent-mark-start]
2022-01-16T15:56:02.867+0800: 0.418: [GC concurrent-mark-end, 0.0016289 secs]
2022-01-16T15:56:02.867+0800: 0.418: [GC remark 0.418: [Finalize Marking, 0.0000427 secs] 0.419: [GC ref-proc, 0.0000303 secs] 0.419: [Unloading, 0.0003723 secs], 0.0009616 secs]
 [Times: user=0.00 sys=0.00, real=0.00 secs] 
2022-01-16T15:56:02.868+0800: 0.419: [GC cleanup 304M->294M(512M), 0.0002676 secs]
 [Times: user=0.00 sys=0.00, real=0.00 secs] 
2022-01-16T15:56:02.869+0800: 0.420: [GC concurrent-cleanup-start]
2022-01-16T15:56:02.869+0800: 0.420: [GC concurrent-cleanup-end, 0.0000124 secs]
2022-01-16T15:56:02.884+0800: 0.435: [GC pause (G1 Evacuation Pause) (young), 0.0039943 secs]
   [Parallel Time: 3.8 ms, GC Workers: 4]
      [GC Worker Start (ms): Min: 435.0, Avg: 435.0, Max: 435.0, Diff: 0.1]
      [Ext Root Scanning (ms): Min: 0.1, Avg: 0.2, Max: 0.2, Diff: 0.1, Sum: 0.6]
      [Update RS (ms): Min: 0.3, Avg: 0.3, Max: 0.3, Diff: 0.0, Sum: 1.3]
         [Processed Buffers: Min: 2, Avg: 5.3, Max: 7, Diff: 5, Sum: 21]
      [Scan RS (ms): Min: 0.0, Avg: 0.0, Max: 0.0, Diff: 0.0, Sum: 0.0]
      [Code Root Scanning (ms): Min: 0.0, Avg: 0.0, Max: 0.0, Diff: 0.0, Sum: 0.0]
      [Object Copy (ms): Min: 3.2, Avg: 3.2, Max: 3.2, Diff: 0.0, Sum: 12.9]
      [Termination (ms): Min: 0.0, Avg: 0.0, Max: 0.0, Diff: 0.0, Sum: 0.0]
      [GC Worker Other (ms): Min: 0.0, Avg: 0.0, Max: 0.0, Diff: 0.0, Sum: 0.0]
      [GC Worker Total (ms): Min: 3.7, Avg: 3.7, Max: 3.8, Diff: 0.1, Sum: 14.9]
      [GC Worker End (ms): Min: 438.7, Avg: 438.7, Max: 438.7, Diff: 0.0]
   [Code Root Fixup: 0.0 ms]
   [Code Root Purge: 0.0 ms]
   [Clear CT: 0.0 ms]
   [Other: 0.2 ms]
      [Choose CSet: 0.0 ms]
      [Ref Proc: 0.0 ms]
      [Ref Enq: 0.0 ms]
      [Redirty Cards: 0.0 ms]
      [Humongous Reclaim: 0.0 ms]
      [Free CSet: 0.0 ms]
   [Eden: 92.0M(92.0M)->0.0B(13.0M) Survivors: 4096.0K->12.0M Heap: 397.7M(512.0M)->318.2M(512.0M)]
 [Times: user=0.00 sys=0.00, real=0.00 secs] 
2022-01-16T15:56:02.890+0800: 0.441: [GC pause (G1 Evacuation Pause) (mixed), 0.0043451 secs]
   [Parallel Time: 4.1 ms, GC Workers: 4]
      [GC Worker Start (ms): Min: 441.4, Avg: 441.4, Max: 441.4, Diff: 0.0]
      [Ext Root Scanning (ms): Min: 0.1, Avg: 0.1, Max: 0.1, Diff: 0.0, Sum: 0.6]
      [Update RS (ms): Min: 0.3, Avg: 0.3, Max: 0.3, Diff: 0.0, Sum: 1.1]
         [Processed Buffers: Min: 4, Avg: 5.3, Max: 6, Diff: 2, Sum: 21]
      [Scan RS (ms): Min: 0.0, Avg: 0.0, Max: 0.0, Diff: 0.0, Sum: 0.1]
      [Code Root Scanning (ms): Min: 0.0, Avg: 0.0, Max: 0.0, Diff: 0.0, Sum: 0.0]
      [Object Copy (ms): Min: 3.5, Avg: 3.5, Max: 3.5, Diff: 0.0, Sum: 13.9]
      [Termination (ms): Min: 0.0, Avg: 0.0, Max: 0.2, Diff: 0.2, Sum: 0.2]
      [GC Worker Other (ms): Min: 0.0, Avg: 0.0, Max: 0.0, Diff: 0.0, Sum: 0.0]
      [GC Worker Total (ms): Min: 3.9, Avg: 4.0, Max: 4.1, Diff: 0.1, Sum: 15.9]
      [GC Worker End (ms): Min: 445.4, Avg: 445.4, Max: 445.5, Diff: 0.1]
   [Code Root Fixup: 0.0 ms]
   [Code Root Purge: 0.0 ms]
   [Clear CT: 0.0 ms]
   [Other: 0.2 ms]
      [Choose CSet: 0.0 ms]
      [Ref Proc: 0.0 ms]
      [Ref Enq: 0.0 ms]
      [Redirty Cards: 0.0 ms]
      [Humongous Reclaim: 0.0 ms]
      [Free CSet: 0.0 ms]
   [Eden: 13.0M(13.0M)->0.0B(82.0M) Survivors: 12.0M->3072.0K Heap: 333.1M(512.0M)->301.6M(512.0M)]
 [Times: user=0.00 sys=0.00, real=0.00 secs] 
2022-01-16T15:56:02.895+0800: 0.446: [GC pause (G1 Humongous Allocation) (young) (initial-mark), 0.0008737 secs]
   [Parallel Time: 0.6 ms, GC Workers: 4]
      [GC Worker Start (ms): Min: 446.0, Avg: 446.0, Max: 446.1, Diff: 0.1]
      [Ext Root Scanning (ms): Min: 0.1, Avg: 0.2, Max: 0.2, Diff: 0.1, Sum: 0.6]
      [Update RS (ms): Min: 0.1, Avg: 0.1, Max: 0.2, Diff: 0.1, Sum: 0.4]
         [Processed Buffers: Min: 1, Avg: 1.3, Max: 2, Diff: 1, Sum: 5]
      [Scan RS (ms): Min: 0.0, Avg: 0.0, Max: 0.0, Diff: 0.0, Sum: 0.0]
      [Code Root Scanning (ms): Min: 0.0, Avg: 0.0, Max: 0.0, Diff: 0.0, Sum: 0.0]
      [Object Copy (ms): Min: 0.2, Avg: 0.3, Max: 0.3, Diff: 0.1, Sum: 1.1]
      [Termination (ms): Min: 0.0, Avg: 0.0, Max: 0.0, Diff: 0.0, Sum: 0.1]
      [GC Worker Other (ms): Min: 0.0, Avg: 0.0, Max: 0.0, Diff: 0.0, Sum: 0.0]
      [GC Worker Total (ms): Min: 0.5, Avg: 0.5, Max: 0.6, Diff: 0.1, Sum: 2.2]
      [GC Worker End (ms): Min: 446.6, Avg: 446.6, Max: 446.6, Diff: 0.0]
   [Code Root Fixup: 0.0 ms]
   [Code Root Purge: 0.0 ms]
   [Clear CT: 0.1 ms]
   [Other: 0.2 ms]
      [Choose CSet: 0.0 ms]
      [Ref Proc: 0.0 ms]
      [Ref Enq: 0.0 ms]
      [Redirty Cards: 0.1 ms]
      [Humongous Reclaim: 0.0 ms]
      [Free CSet: 0.0 ms]
   [Eden: 1024.0K(82.0M)->0.0B(85.0M) Survivors: 3072.0K->4096.0K Heap: 302.6M(512.0M)->302.0M(512.0M)]
 [Times: user=0.00 sys=0.00, real=0.00 secs] 
2022-01-16T15:56:02.896+0800: 0.447: [GC concurrent-root-region-scan-start]
2022-01-16T15:56:02.896+0800: 0.447: [GC concurrent-root-region-scan-end, 0.0000831 secs]
2022-01-16T15:56:02.896+0800: 0.447: [GC concurrent-mark-start]
2022-01-16T15:56:02.898+0800: 0.449: [GC concurrent-mark-end, 0.0016806 secs]
2022-01-16T15:56:02.898+0800: 0.449: [GC remark 0.449: [Finalize Marking, 0.0000521 secs] 0.449: [GC ref-proc, 0.0000416 secs] 0.449: [Unloading, 0.0004336 secs], 0.0011009 secs]
 [Times: user=0.00 sys=0.00, real=0.00 secs] 
2022-01-16T15:56:02.899+0800: 0.450: [GC cleanup 317M->307M(512M), 0.0002388 secs]
 [Times: user=0.00 sys=0.00, real=0.00 secs] 
2022-01-16T15:56:02.899+0800: 0.450: [GC concurrent-cleanup-start]
2022-01-16T15:56:02.899+0800: 0.450: [GC concurrent-cleanup-end, 0.0000124 secs]
2022-01-16T15:56:02.913+0800: 0.464: [GC pause (G1 Evacuation Pause) (young), 0.0035381 secs]
   [Parallel Time: 3.3 ms, GC Workers: 4]
      [GC Worker Start (ms): Min: 463.7, Avg: 463.7, Max: 463.7, Diff: 0.0]
      [Ext Root Scanning (ms): Min: 0.1, Avg: 0.1, Max: 0.1, Diff: 0.0, Sum: 0.6]
      [Update RS (ms): Min: 0.3, Avg: 0.3, Max: 0.3, Diff: 0.0, Sum: 1.2]
         [Processed Buffers: Min: 1, Avg: 4.8, Max: 6, Diff: 5, Sum: 19]
      [Scan RS (ms): Min: 0.0, Avg: 0.0, Max: 0.0, Diff: 0.0, Sum: 0.0]
      [Code Root Scanning (ms): Min: 0.0, Avg: 0.0, Max: 0.0, Diff: 0.0, Sum: 0.0]
      [Object Copy (ms): Min: 2.8, Avg: 2.8, Max: 2.8, Diff: 0.0, Sum: 11.2]
      [Termination (ms): Min: 0.0, Avg: 0.0, Max: 0.1, Diff: 0.1, Sum: 0.2]
      [GC Worker Other (ms): Min: 0.0, Avg: 0.0, Max: 0.0, Diff: 0.0, Sum: 0.0]
      [GC Worker Total (ms): Min: 3.3, Avg: 3.3, Max: 3.3, Diff: 0.0, Sum: 13.1]
      [GC Worker End (ms): Min: 467.0, Avg: 467.0, Max: 467.0, Diff: 0.0]
   [Code Root Fixup: 0.0 ms]
   [Code Root Purge: 0.0 ms]
   [Clear CT: 0.0 ms]
   [Other: 0.2 ms]
      [Choose CSet: 0.0 ms]
      [Ref Proc: 0.0 ms]
      [Ref Enq: 0.0 ms]
      [Redirty Cards: 0.0 ms]
      [Humongous Reclaim: 0.0 ms]
      [Free CSet: 0.0 ms]
   [Eden: 85.0M(85.0M)->0.0B(13.0M) Survivors: 4096.0K->12.0M Heap: 393.5M(512.0M)->321.5M(512.0M)]
 [Times: user=0.00 sys=0.00, real=0.00 secs] 
2022-01-16T15:56:02.919+0800: 0.470: [GC pause (G1 Evacuation Pause) (mixed), 0.0049544 secs]
   [Parallel Time: 4.7 ms, GC Workers: 4]
      [GC Worker Start (ms): Min: 469.8, Avg: 469.8, Max: 469.8, Diff: 0.0]
      [Ext Root Scanning (ms): Min: 0.1, Avg: 0.1, Max: 0.2, Diff: 0.0, Sum: 0.6]
      [Update RS (ms): Min: 0.3, Avg: 0.4, Max: 0.4, Diff: 0.0, Sum: 1.4]
         [Processed Buffers: Min: 3, Avg: 6.3, Max: 8, Diff: 5, Sum: 25]
      [Scan RS (ms): Min: 0.0, Avg: 0.0, Max: 0.0, Diff: 0.0, Sum: 0.1]
      [Code Root Scanning (ms): Min: 0.0, Avg: 0.0, Max: 0.0, Diff: 0.0, Sum: 0.0]
      [Object Copy (ms): Min: 4.1, Avg: 4.1, Max: 4.1, Diff: 0.0, Sum: 16.5]
      [Termination (ms): Min: 0.0, Avg: 0.0, Max: 0.1, Diff: 0.1, Sum: 0.1]
      [GC Worker Other (ms): Min: 0.0, Avg: 0.0, Max: 0.0, Diff: 0.0, Sum: 0.0]
      [GC Worker Total (ms): Min: 4.7, Avg: 4.7, Max: 4.7, Diff: 0.0, Sum: 18.8]
      [GC Worker End (ms): Min: 474.4, Avg: 474.4, Max: 474.5, Diff: 0.0]
   [Code Root Fixup: 0.0 ms]
   [Code Root Purge: 0.0 ms]
   [Clear CT: 0.0 ms]
   [Other: 0.2 ms]
      [Choose CSet: 0.0 ms]
      [Ref Proc: 0.0 ms]
      [Ref Enq: 0.0 ms]
      [Redirty Cards: 0.0 ms]
      [Humongous Reclaim: 0.0 ms]
      [Free CSet: 0.0 ms]
   [Eden: 13.0M(13.0M)->0.0B(80.0M) Survivors: 12.0M->4096.0K Heap: 338.5M(512.0M)->309.0M(512.0M)]
 [Times: user=0.06 sys=0.00, real=0.01 secs] 
2022-01-16T15:56:02.924+0800: 0.475: [GC pause (G1 Humongous Allocation) (young) (initial-mark), 0.0010509 secs]
   [Parallel Time: 0.8 ms, GC Workers: 4]
      [GC Worker Start (ms): Min: 475.5, Avg: 475.5, Max: 475.6, Diff: 0.1]
      [Ext Root Scanning (ms): Min: 0.1, Avg: 0.2, Max: 0.2, Diff: 0.1, Sum: 0.6]
      [Update RS (ms): Min: 0.1, Avg: 0.1, Max: 0.2, Diff: 0.2, Sum: 0.5]
         [Processed Buffers: Min: 1, Avg: 1.3, Max: 2, Diff: 1, Sum: 5]
      [Scan RS (ms): Min: 0.0, Avg: 0.0, Max: 0.0, Diff: 0.0, Sum: 0.0]
      [Code Root Scanning (ms): Min: 0.0, Avg: 0.0, Max: 0.0, Diff: 0.0, Sum: 0.0]
      [Object Copy (ms): Min: 0.4, Avg: 0.4, Max: 0.5, Diff: 0.1, Sum: 1.7]
      [Termination (ms): Min: 0.0, Avg: 0.0, Max: 0.1, Diff: 0.1, Sum: 0.2]
      [GC Worker Other (ms): Min: 0.0, Avg: 0.0, Max: 0.0, Diff: 0.0, Sum: 0.0]
      [GC Worker Total (ms): Min: 0.7, Avg: 0.7, Max: 0.8, Diff: 0.1, Sum: 3.0]
      [GC Worker End (ms): Min: 476.3, Avg: 476.3, Max: 476.3, Diff: 0.0]
   [Code Root Fixup: 0.0 ms]
   [Code Root Purge: 0.0 ms]
   [Clear CT: 0.1 ms]
   [Other: 0.2 ms]
      [Choose CSet: 0.0 ms]
      [Ref Proc: 0.0 ms]
      [Ref Enq: 0.0 ms]
      [Redirty Cards: 0.1 ms]
      [Humongous Reclaim: 0.0 ms]
      [Free CSet: 0.0 ms]
   [Eden: 4096.0K(80.0M)->0.0B(82.0M) Survivors: 4096.0K->5120.0K Heap: 312.3M(512.0M)->309.6M(512.0M)]
 [Times: user=0.00 sys=0.00, real=0.00 secs] 
2022-01-16T15:56:02.926+0800: 0.477: [GC concurrent-root-region-scan-start]
2022-01-16T15:56:02.926+0800: 0.477: [GC concurrent-root-region-scan-end, 0.0000904 secs]
2022-01-16T15:56:02.926+0800: 0.477: [GC concurrent-mark-start]
2022-01-16T15:56:02.927+0800: 0.479: [GC concurrent-mark-end, 0.0018433 secs]
2022-01-16T15:56:02.928+0800: 0.479: [GC remark 0.479: [Finalize Marking, 0.0000740 secs] 0.479: [GC ref-proc, 0.0000306 secs] 0.479: [Unloading, 0.0003694 secs], 0.0010429 secs]
 [Times: user=0.00 sys=0.00, real=0.00 secs] 
2022-01-16T15:56:02.929+0800: 0.480: [GC cleanup 323M->316M(512M), 0.0003089 secs]
 [Times: user=0.00 sys=0.00, real=0.00 secs] 
2022-01-16T15:56:02.929+0800: 0.480: [GC concurrent-cleanup-start]
2022-01-16T15:56:02.929+0800: 0.480: [GC concurrent-cleanup-end, 0.0000117 secs]
2022-01-16T15:56:02.942+0800: 0.494: [GC pause (G1 Evacuation Pause) (young), 0.0043921 secs]
   [Parallel Time: 4.1 ms, GC Workers: 4]
      [GC Worker Start (ms): Min: 493.7, Avg: 493.9, Max: 493.9, Diff: 0.2]
      [Ext Root Scanning (ms): Min: 0.0, Avg: 0.1, Max: 0.2, Diff: 0.2, Sum: 0.4]
      [Update RS (ms): Min: 0.4, Avg: 0.5, Max: 0.6, Diff: 0.2, Sum: 1.9]
         [Processed Buffers: Min: 4, Avg: 7.5, Max: 9, Diff: 5, Sum: 30]
      [Scan RS (ms): Min: 0.0, Avg: 0.0, Max: 0.0, Diff: 0.0, Sum: 0.0]
      [Code Root Scanning (ms): Min: 0.0, Avg: 0.0, Max: 0.0, Diff: 0.0, Sum: 0.0]
      [Object Copy (ms): Min: 3.2, Avg: 3.3, Max: 3.4, Diff: 0.2, Sum: 13.3]
      [Termination (ms): Min: 0.0, Avg: 0.1, Max: 0.1, Diff: 0.1, Sum: 0.2]
      [GC Worker Other (ms): Min: 0.0, Avg: 0.0, Max: 0.0, Diff: 0.0, Sum: 0.0]
      [GC Worker Total (ms): Min: 3.9, Avg: 4.0, Max: 4.1, Diff: 0.2, Sum: 15.9]
      [GC Worker End (ms): Min: 497.8, Avg: 497.8, Max: 497.8, Diff: 0.0]
   [Code Root Fixup: 0.0 ms]
   [Code Root Purge: 0.0 ms]
   [Clear CT: 0.0 ms]
   [Other: 0.2 ms]
      [Choose CSet: 0.0 ms]
      [Ref Proc: 0.0 ms]
      [Ref Enq: 0.0 ms]
      [Redirty Cards: 0.0 ms]
      [Humongous Reclaim: 0.1 ms]
      [Free CSet: 0.0 ms]
   [Eden: 82.0M(82.0M)->0.0B(14.0M) Survivors: 5120.0K->11.0M Heap: 409.1M(512.0M)->344.9M(512.0M)]
 [Times: user=0.00 sys=0.00, real=0.01 secs] 
2022-01-16T15:56:02.949+0800: 0.500: [GC pause (G1 Evacuation Pause) (mixed), 0.0048767 secs]
   [Parallel Time: 4.5 ms, GC Workers: 4]
      [GC Worker Start (ms): Min: 500.4, Avg: 500.4, Max: 500.4, Diff: 0.0]
      [Ext Root Scanning (ms): Min: 0.1, Avg: 0.1, Max: 0.1, Diff: 0.0, Sum: 0.6]
      [Update RS (ms): Min: 0.4, Avg: 0.4, Max: 0.4, Diff: 0.1, Sum: 1.6]
         [Processed Buffers: Min: 4, Avg: 6.8, Max: 8, Diff: 4, Sum: 27]
      [Scan RS (ms): Min: 0.0, Avg: 0.0, Max: 0.1, Diff: 0.0, Sum: 0.1]
      [Code Root Scanning (ms): Min: 0.0, Avg: 0.0, Max: 0.0, Diff: 0.0, Sum: 0.0]
      [Object Copy (ms): Min: 3.9, Avg: 3.9, Max: 3.9, Diff: 0.0, Sum: 15.6]
      [Termination (ms): Min: 0.0, Avg: 0.0, Max: 0.0, Diff: 0.0, Sum: 0.0]
      [GC Worker Other (ms): Min: 0.0, Avg: 0.0, Max: 0.0, Diff: 0.0, Sum: 0.0]
      [GC Worker Total (ms): Min: 4.5, Avg: 4.5, Max: 4.5, Diff: 0.0, Sum: 17.9]
      [GC Worker End (ms): Min: 504.9, Avg: 504.9, Max: 504.9, Diff: 0.0]
   [Code Root Fixup: 0.0 ms]
   [Code Root Purge: 0.0 ms]
   [Clear CT: 0.0 ms]
   [Other: 0.4 ms]
      [Choose CSet: 0.0 ms]
      [Ref Proc: 0.2 ms]
      [Ref Enq: 0.0 ms]
      [Redirty Cards: 0.0 ms]
      [Humongous Reclaim: 0.0 ms]
      [Free CSet: 0.0 ms]
   [Eden: 14.0M(14.0M)->0.0B(55.0M) Survivors: 11.0M->4096.0K Heap: 365.0M(512.0M)->331.9M(512.0M)]
 [Times: user=0.06 sys=0.00, real=0.01 secs] 
2022-01-16T15:56:02.954+0800: 0.505: [GC pause (G1 Humongous Allocation) (young) (initial-mark), 0.0007096 secs]
   [Parallel Time: 0.6 ms, GC Workers: 4]
      [GC Worker Start (ms): Min: 505.5, Avg: 505.6, Max: 505.7, Diff: 0.2]
      [Ext Root Scanning (ms): Min: 0.0, Avg: 0.1, Max: 0.2, Diff: 0.2, Sum: 0.5]
      [Update RS (ms): Min: 0.1, Avg: 0.1, Max: 0.2, Diff: 0.2, Sum: 0.4]
         [Processed Buffers: Min: 1, Avg: 1.3, Max: 2, Diff: 1, Sum: 5]
      [Scan RS (ms): Min: 0.0, Avg: 0.0, Max: 0.0, Diff: 0.0, Sum: 0.0]
      [Code Root Scanning (ms): Min: 0.0, Avg: 0.0, Max: 0.0, Diff: 0.0, Sum: 0.0]
      [Object Copy (ms): Min: 0.2, Avg: 0.2, Max: 0.3, Diff: 0.1, Sum: 1.0]
      [Termination (ms): Min: 0.0, Avg: 0.0, Max: 0.0, Diff: 0.0, Sum: 0.1]
      [GC Worker Other (ms): Min: 0.0, Avg: 0.0, Max: 0.0, Diff: 0.0, Sum: 0.0]
      [GC Worker Total (ms): Min: 0.4, Avg: 0.5, Max: 0.5, Diff: 0.2, Sum: 2.0]
      [GC Worker End (ms): Min: 506.1, Avg: 506.1, Max: 506.1, Diff: 0.0]
   [Code Root Fixup: 0.0 ms]
   [Code Root Purge: 0.0 ms]
   [Clear CT: 0.0 ms]
   [Other: 0.1 ms]
      [Choose CSet: 0.0 ms]
      [Ref Proc: 0.0 ms]
      [Ref Enq: 0.0 ms]
      [Redirty Cards: 0.0 ms]
      [Humongous Reclaim: 0.0 ms]
      [Free CSet: 0.0 ms]
   [Eden: 1024.0K(55.0M)->0.0B(56.0M) Survivors: 4096.0K->3072.0K Heap: 332.8M(512.0M)->331.8M(512.0M)]
 [Times: user=0.00 sys=0.00, real=0.00 secs] 
2022-01-16T15:56:02.955+0800: 0.506: [GC concurrent-root-region-scan-start]
2022-01-16T15:56:02.955+0800: 0.506: [GC concurrent-root-region-scan-end, 0.0000671 secs]
2022-01-16T15:56:02.955+0800: 0.506: [GC concurrent-mark-start]
2022-01-16T15:56:02.957+0800: 0.508: [GC concurrent-mark-end, 0.0017284 secs]
2022-01-16T15:56:02.957+0800: 0.508: [GC remark 0.508: [Finalize Marking, 0.0000252 secs] 0.508: [GC ref-proc, 0.0000292 secs] 0.508: [Unloading, 0.0004018 secs], 0.0010487 secs]
 [Times: user=0.00 sys=0.00, real=0.00 secs] 
2022-01-16T15:56:02.958+0800: 0.509: [GC cleanup 345M->338M(512M), 0.0002206 secs]
 [Times: user=0.00 sys=0.00, real=0.00 secs] 
2022-01-16T15:56:02.958+0800: 0.510: [GC concurrent-cleanup-start]
2022-01-16T15:56:02.958+0800: 0.510: [GC concurrent-cleanup-end, 0.0000113 secs]
2022-01-16T15:56:02.967+0800: 0.518: [GC pause (G1 Evacuation Pause) (young), 0.0031188 secs]
   [Parallel Time: 2.9 ms, GC Workers: 4]
      [GC Worker Start (ms): Min: 518.1, Avg: 518.1, Max: 518.2, Diff: 0.0]
      [Ext Root Scanning (ms): Min: 0.1, Avg: 0.1, Max: 0.2, Diff: 0.0, Sum: 0.6]
      [Update RS (ms): Min: 0.4, Avg: 0.5, Max: 0.7, Diff: 0.4, Sum: 1.9]
         [Processed Buffers: Min: 4, Avg: 6.3, Max: 7, Diff: 3, Sum: 25]
      [Scan RS (ms): Min: 0.0, Avg: 0.0, Max: 0.0, Diff: 0.0, Sum: 0.0]
      [Code Root Scanning (ms): Min: 0.0, Avg: 0.0, Max: 0.0, Diff: 0.0, Sum: 0.0]
      [Object Copy (ms): Min: 1.9, Avg: 2.2, Max: 2.3, Diff: 0.4, Sum: 8.7]
      [Termination (ms): Min: 0.0, Avg: 0.1, Max: 0.1, Diff: 0.1, Sum: 0.2]
      [GC Worker Other (ms): Min: 0.0, Avg: 0.0, Max: 0.0, Diff: 0.0, Sum: 0.0]
      [GC Worker Total (ms): Min: 2.9, Avg: 2.9, Max: 2.9, Diff: 0.0, Sum: 11.5]
      [GC Worker End (ms): Min: 521.0, Avg: 521.0, Max: 521.0, Diff: 0.0]
   [Code Root Fixup: 0.0 ms]
   [Code Root Purge: 0.0 ms]
   [Clear CT: 0.0 ms]
   [Other: 0.2 ms]
      [Choose CSet: 0.0 ms]
      [Ref Proc: 0.0 ms]
      [Ref Enq: 0.0 ms]
      [Redirty Cards: 0.0 ms]
      [Humongous Reclaim: 0.0 ms]
      [Free CSet: 0.0 ms]
   [Eden: 56.0M(56.0M)->0.0B(17.0M) Survivors: 3072.0K->8192.0K Heap: 395.7M(512.0M)->351.9M(512.0M)]
 [Times: user=0.06 sys=0.00, real=0.00 secs] 
2022-01-16T15:56:02.973+0800: 0.524: [GC pause (G1 Evacuation Pause) (mixed), 0.0053099 secs]
   [Parallel Time: 4.9 ms, GC Workers: 4]
      [GC Worker Start (ms): Min: 524.0, Avg: 524.0, Max: 524.0, Diff: 0.0]
      [Ext Root Scanning (ms): Min: 0.1, Avg: 0.1, Max: 0.1, Diff: 0.0, Sum: 0.6]
      [Update RS (ms): Min: 0.3, Avg: 0.4, Max: 0.4, Diff: 0.0, Sum: 1.4]
         [Processed Buffers: Min: 4, Avg: 6.5, Max: 8, Diff: 4, Sum: 26]
      [Scan RS (ms): Min: 0.0, Avg: 0.1, Max: 0.1, Diff: 0.1, Sum: 0.2]
      [Code Root Scanning (ms): Min: 0.0, Avg: 0.0, Max: 0.0, Diff: 0.0, Sum: 0.0]
      [Object Copy (ms): Min: 4.3, Avg: 4.3, Max: 4.4, Diff: 0.1, Sum: 17.4]
      [Termination (ms): Min: 0.0, Avg: 0.0, Max: 0.0, Diff: 0.0, Sum: 0.0]
      [GC Worker Other (ms): Min: 0.0, Avg: 0.0, Max: 0.0, Diff: 0.0, Sum: 0.0]
      [GC Worker Total (ms): Min: 4.9, Avg: 4.9, Max: 4.9, Diff: 0.0, Sum: 19.7]
      [GC Worker End (ms): Min: 528.9, Avg: 528.9, Max: 528.9, Diff: 0.0]
   [Code Root Fixup: 0.0 ms]
   [Code Root Purge: 0.0 ms]
   [Clear CT: 0.0 ms]
   [Other: 0.3 ms]
      [Choose CSet: 0.0 ms]
      [Ref Proc: 0.2 ms]
      [Ref Enq: 0.0 ms]
      [Redirty Cards: 0.0 ms]
      [Humongous Reclaim: 0.0 ms]
      [Free CSet: 0.1 ms]
   [Eden: 17.0M(17.0M)->0.0B(21.0M) Survivors: 8192.0K->4096.0K Heap: 373.7M(512.0M)->334.8M(512.0M)]
 [Times: user=0.00 sys=0.00, real=0.00 secs] 
2022-01-16T15:56:02.982+0800: 0.533: [GC pause (G1 Evacuation Pause) (mixed), 0.0021120 secs]
   [Parallel Time: 1.9 ms, GC Workers: 4]
      [GC Worker Start (ms): Min: 533.0, Avg: 533.0, Max: 533.0, Diff: 0.0]
      [Ext Root Scanning (ms): Min: 0.1, Avg: 0.1, Max: 0.1, Diff: 0.0, Sum: 0.6]
      [Update RS (ms): Min: 0.5, Avg: 0.5, Max: 0.5, Diff: 0.0, Sum: 1.9]
         [Processed Buffers: Min: 6, Avg: 7.8, Max: 9, Diff: 3, Sum: 31]
      [Scan RS (ms): Min: 0.0, Avg: 0.0, Max: 0.0, Diff: 0.0, Sum: 0.0]
      [Code Root Scanning (ms): Min: 0.0, Avg: 0.0, Max: 0.0, Diff: 0.0, Sum: 0.0]
      [Object Copy (ms): Min: 1.2, Avg: 1.2, Max: 1.2, Diff: 0.0, Sum: 4.9]
      [Termination (ms): Min: 0.0, Avg: 0.0, Max: 0.0, Diff: 0.0, Sum: 0.1]
      [GC Worker Other (ms): Min: 0.0, Avg: 0.0, Max: 0.0, Diff: 0.0, Sum: 0.0]
      [GC Worker Total (ms): Min: 1.9, Avg: 1.9, Max: 1.9, Diff: 0.0, Sum: 7.5]
      [GC Worker End (ms): Min: 534.9, Avg: 534.9, Max: 534.9, Diff: 0.0]
   [Code Root Fixup: 0.0 ms]
   [Code Root Purge: 0.0 ms]
   [Clear CT: 0.0 ms]
   [Other: 0.2 ms]
      [Choose CSet: 0.0 ms]
      [Ref Proc: 0.0 ms]
      [Ref Enq: 0.0 ms]
      [Redirty Cards: 0.0 ms]
      [Humongous Reclaim: 0.0 ms]
      [Free CSet: 0.0 ms]
   [Eden: 21.0M(21.0M)->0.0B(47.0M) Survivors: 4096.0K->4096.0K Heap: 359.1M(512.0M)->340.7M(512.0M)]
 [Times: user=0.06 sys=0.00, real=0.00 secs] 
2022-01-16T15:56:02.984+0800: 0.535: [GC pause (G1 Humongous Allocation) (young) (initial-mark), 0.0007778 secs]
   [Parallel Time: 0.6 ms, GC Workers: 4]
      [GC Worker Start (ms): Min: 535.3, Avg: 535.3, Max: 535.3, Diff: 0.0]
      [Ext Root Scanning (ms): Min: 0.1, Avg: 0.1, Max: 0.1, Diff: 0.0, Sum: 0.5]
      [Update RS (ms): Min: 0.0, Avg: 0.0, Max: 0.1, Diff: 0.0, Sum: 0.2]
         [Processed Buffers: Min: 1, Avg: 1.3, Max: 2, Diff: 1, Sum: 5]
      [Scan RS (ms): Min: 0.0, Avg: 0.0, Max: 0.0, Diff: 0.0, Sum: 0.0]
      [Code Root Scanning (ms): Min: 0.0, Avg: 0.0, Max: 0.0, Diff: 0.0, Sum: 0.0]
      [Object Copy (ms): Min: 0.4, Avg: 0.4, Max: 0.4, Diff: 0.0, Sum: 1.7]
      [Termination (ms): Min: 0.0, Avg: 0.0, Max: 0.0, Diff: 0.0, Sum: 0.1]
      [GC Worker Other (ms): Min: 0.0, Avg: 0.0, Max: 0.0, Diff: 0.0, Sum: 0.0]
      [GC Worker Total (ms): Min: 0.6, Avg: 0.6, Max: 0.6, Diff: 0.0, Sum: 2.5]
      [GC Worker End (ms): Min: 535.9, Avg: 535.9, Max: 535.9, Diff: 0.0]
   [Code Root Fixup: 0.0 ms]
   [Code Root Purge: 0.0 ms]
   [Clear CT: 0.0 ms]
   [Other: 0.1 ms]
      [Choose CSet: 0.0 ms]
      [Ref Proc: 0.0 ms]
      [Ref Enq: 0.0 ms]
      [Redirty Cards: 0.0 ms]
      [Humongous Reclaim: 0.0 ms]
      [Free CSet: 0.0 ms]
   [Eden: 2048.0K(47.0M)->0.0B(47.0M) Survivors: 4096.0K->1024.0K Heap: 342.1M(512.0M)->341.1M(512.0M)]
 [Times: user=0.00 sys=0.00, real=0.00 secs] 
2022-01-16T15:56:02.985+0800: 0.536: [GC concurrent-root-region-scan-start]
2022-01-16T15:56:02.985+0800: 0.536: [GC concurrent-root-region-scan-end, 0.0000124 secs]
2022-01-16T15:56:02.985+0800: 0.536: [GC concurrent-mark-start]
2022-01-16T15:56:02.987+0800: 0.538: [GC concurrent-mark-end, 0.0019501 secs]
2022-01-16T15:56:02.987+0800: 0.538: [GC remark 0.538: [Finalize Marking, 0.0000303 secs] 0.538: [GC ref-proc, 0.0000335 secs] 0.538: [Unloading, 0.0003676 secs], 0.0010451 secs]
 [Times: user=0.00 sys=0.00, real=0.00 secs] 
2022-01-16T15:56:02.988+0800: 0.539: [GC cleanup 352M->340M(512M), 0.0002108 secs]
 [Times: user=0.00 sys=0.00, real=0.00 secs] 
2022-01-16T15:56:02.988+0800: 0.539: [GC concurrent-cleanup-start]
2022-01-16T15:56:02.988+0800: 0.539: [GC concurrent-cleanup-end, 0.0000248 secs]
2022-01-16T15:56:02.995+0800: 0.546: [GC pause (G1 Evacuation Pause) (young), 0.0025379 secs]
   [Parallel Time: 2.3 ms, GC Workers: 4]
      [GC Worker Start (ms): Min: 546.0, Avg: 546.0, Max: 546.0, Diff: 0.0]
      [Ext Root Scanning (ms): Min: 0.1, Avg: 0.1, Max: 0.1, Diff: 0.0, Sum: 0.5]
      [Update RS (ms): Min: 0.6, Avg: 0.7, Max: 0.7, Diff: 0.0, Sum: 2.7]
         [Processed Buffers: Min: 9, Avg: 11.3, Max: 13, Diff: 4, Sum: 45]
      [Scan RS (ms): Min: 0.0, Avg: 0.0, Max: 0.0, Diff: 0.0, Sum: 0.0]
      [Code Root Scanning (ms): Min: 0.0, Avg: 0.0, Max: 0.0, Diff: 0.0, Sum: 0.0]
      [Object Copy (ms): Min: 1.5, Avg: 1.5, Max: 1.5, Diff: 0.0, Sum: 6.0]
      [Termination (ms): Min: 0.0, Avg: 0.0, Max: 0.0, Diff: 0.0, Sum: 0.1]
      [GC Worker Other (ms): Min: 0.0, Avg: 0.0, Max: 0.0, Diff: 0.0, Sum: 0.0]
      [GC Worker Total (ms): Min: 2.3, Avg: 2.3, Max: 2.3, Diff: 0.0, Sum: 9.3]
      [GC Worker End (ms): Min: 548.3, Avg: 548.3, Max: 548.3, Diff: 0.0]
   [Code Root Fixup: 0.0 ms]
   [Code Root Purge: 0.0 ms]
   [Clear CT: 0.0 ms]
   [Other: 0.2 ms]
      [Choose CSet: 0.0 ms]
      [Ref Proc: 0.0 ms]
      [Ref Enq: 0.0 ms]
      [Redirty Cards: 0.0 ms]
      [Humongous Reclaim: 0.0 ms]
      [Free CSet: 0.0 ms]
   [Eden: 47.0M(47.0M)->0.0B(19.0M) Survivors: 1024.0K->6144.0K Heap: 386.2M(512.0M)->347.4M(512.0M)]
 [Times: user=0.00 sys=0.00, real=0.00 secs] 
2022-01-16T15:56:03.001+0800: 0.553: [GC pause (G1 Evacuation Pause) (mixed), 0.0058390 secs]
   [Parallel Time: 5.5 ms, GC Workers: 4]
      [GC Worker Start (ms): Min: 552.6, Avg: 552.6, Max: 552.6, Diff: 0.0]
      [Ext Root Scanning (ms): Min: 0.1, Avg: 0.1, Max: 0.2, Diff: 0.0, Sum: 0.6]
      [Update RS (ms): Min: 0.6, Avg: 0.6, Max: 0.7, Diff: 0.0, Sum: 2.5]
         [Processed Buffers: Min: 9, Avg: 11.5, Max: 13, Diff: 4, Sum: 46]
      [Scan RS (ms): Min: 0.0, Avg: 0.0, Max: 0.0, Diff: 0.0, Sum: 0.1]
      [Code Root Scanning (ms): Min: 0.0, Avg: 0.0, Max: 0.0, Diff: 0.0, Sum: 0.0]
      [Object Copy (ms): Min: 4.4, Avg: 4.4, Max: 4.5, Diff: 0.0, Sum: 17.8]
      [Termination (ms): Min: 0.0, Avg: 0.2, Max: 0.3, Diff: 0.3, Sum: 0.7]
      [GC Worker Other (ms): Min: 0.0, Avg: 0.0, Max: 0.0, Diff: 0.0, Sum: 0.0]
      [GC Worker Total (ms): Min: 5.3, Avg: 5.4, Max: 5.5, Diff: 0.2, Sum: 21.7]
      [GC Worker End (ms): Min: 557.9, Avg: 558.0, Max: 558.1, Diff: 0.2]
   [Code Root Fixup: 0.0 ms]
   [Code Root Purge: 0.0 ms]
   [Clear CT: 0.0 ms]
   [Other: 0.3 ms]
      [Choose CSet: 0.0 ms]
      [Ref Proc: 0.0 ms]
      [Ref Enq: 0.0 ms]
      [Redirty Cards: 0.0 ms]
      [Humongous Reclaim: 0.1 ms]
      [Free CSet: 0.1 ms]
   [Eden: 19.0M(19.0M)->0.0B(57.0M) Survivors: 6144.0K->4096.0K Heap: 371.6M(512.0M)->332.2M(512.0M)]
 [Times: user=0.00 sys=0.00, real=0.01 secs] 
2022-01-16T15:56:03.008+0800: 0.559: [GC pause (G1 Humongous Allocation) (young) (initial-mark), 0.0008587 secs]
   [Parallel Time: 0.7 ms, GC Workers: 4]
      [GC Worker Start (ms): Min: 558.7, Avg: 558.7, Max: 558.7, Diff: 0.0]
      [Ext Root Scanning (ms): Min: 0.1, Avg: 0.2, Max: 0.2, Diff: 0.0, Sum: 0.6]
      [Update RS (ms): Min: 0.1, Avg: 0.1, Max: 0.2, Diff: 0.1, Sum: 0.4]
         [Processed Buffers: Min: 1, Avg: 1.3, Max: 2, Diff: 1, Sum: 5]
      [Scan RS (ms): Min: 0.0, Avg: 0.0, Max: 0.0, Diff: 0.0, Sum: 0.0]
      [Code Root Scanning (ms): Min: 0.0, Avg: 0.0, Max: 0.0, Diff: 0.0, Sum: 0.0]
      [Object Copy (ms): Min: 0.3, Avg: 0.4, Max: 0.4, Diff: 0.1, Sum: 1.6]
      [Termination (ms): Min: 0.0, Avg: 0.0, Max: 0.0, Diff: 0.0, Sum: 0.0]
      [GC Worker Other (ms): Min: 0.0, Avg: 0.0, Max: 0.0, Diff: 0.0, Sum: 0.0]
      [GC Worker Total (ms): Min: 0.7, Avg: 0.7, Max: 0.7, Diff: 0.0, Sum: 2.7]
      [GC Worker End (ms): Min: 559.4, Avg: 559.4, Max: 559.4, Diff: 0.0]
   [Code Root Fixup: 0.0 ms]
   [Code Root Purge: 0.0 ms]
   [Clear CT: 0.0 ms]
   [Other: 0.1 ms]
      [Choose CSet: 0.0 ms]
      [Ref Proc: 0.0 ms]
      [Ref Enq: 0.0 ms]
      [Redirty Cards: 0.0 ms]
      [Humongous Reclaim: 0.0 ms]
      [Free CSet: 0.0 ms]
   [Eden: 2048.0K(57.0M)->0.0B(55.0M) Survivors: 4096.0K->5120.0K Heap: 333.5M(512.0M)->332.8M(512.0M)]
 [Times: user=0.00 sys=0.00, real=0.00 secs] 
2022-01-16T15:56:03.008+0800: 0.560: [GC concurrent-root-region-scan-start]
2022-01-16T15:56:03.009+0800: 0.560: [GC concurrent-root-region-scan-end, 0.0001021 secs]
2022-01-16T15:56:03.009+0800: 0.560: [GC concurrent-mark-start]
2022-01-16T15:56:03.010+0800: 0.562: [GC concurrent-mark-end, 0.0018342 secs]
2022-01-16T15:56:03.010+0800: 0.562: [GC remark 0.562: [Finalize Marking, 0.0000868 secs] 0.562: [GC ref-proc, 0.0000292 secs] 0.562: [Unloading, 0.0004055 secs], 0.0011329 secs]
 [Times: user=0.00 sys=0.00, real=0.00 secs] 
2022-01-16T15:56:03.012+0800: 0.563: [GC cleanup 346M->338M(512M), 0.0002454 secs]
 [Times: user=0.00 sys=0.00, real=0.00 secs] 
2022-01-16T15:56:03.012+0800: 0.563: [GC concurrent-cleanup-start]
2022-01-16T15:56:03.012+0800: 0.563: [GC concurrent-cleanup-end, 0.0000109 secs]
2022-01-16T15:56:03.020+0800: 0.571: [GC pause (G1 Evacuation Pause) (young), 0.0035779 secs]
   [Parallel Time: 3.4 ms, GC Workers: 4]
      [GC Worker Start (ms): Min: 571.2, Avg: 571.2, Max: 571.2, Diff: 0.0]
      [Ext Root Scanning (ms): Min: 0.1, Avg: 0.1, Max: 0.1, Diff: 0.0, Sum: 0.6]
      [Update RS (ms): Min: 0.8, Avg: 0.8, Max: 0.8, Diff: 0.0, Sum: 3.1]
         [Processed Buffers: Min: 10, Avg: 13.8, Max: 15, Diff: 5, Sum: 55]
      [Scan RS (ms): Min: 0.0, Avg: 0.0, Max: 0.0, Diff: 0.0, Sum: 0.0]
      [Code Root Scanning (ms): Min: 0.0, Avg: 0.0, Max: 0.0, Diff: 0.0, Sum: 0.0]
      [Object Copy (ms): Min: 2.4, Avg: 2.4, Max: 2.4, Diff: 0.0, Sum: 9.5]
      [Termination (ms): Min: 0.0, Avg: 0.0, Max: 0.1, Diff: 0.1, Sum: 0.1]
      [GC Worker Other (ms): Min: 0.0, Avg: 0.0, Max: 0.0, Diff: 0.0, Sum: 0.0]
      [GC Worker Total (ms): Min: 3.3, Avg: 3.4, Max: 3.4, Diff: 0.0, Sum: 13.4]
      [GC Worker End (ms): Min: 574.6, Avg: 574.6, Max: 574.6, Diff: 0.0]
   [Code Root Fixup: 0.0 ms]
   [Code Root Purge: 0.0 ms]
   [Clear CT: 0.0 ms]
   [Other: 0.2 ms]
      [Choose CSet: 0.0 ms]
      [Ref Proc: 0.0 ms]
      [Ref Enq: 0.0 ms]
      [Redirty Cards: 0.0 ms]
      [Humongous Reclaim: 0.0 ms]
      [Free CSet: 0.0 ms]
   [Eden: 55.0M(55.0M)->0.0B(17.0M) Survivors: 5120.0K->8192.0K Heap: 396.9M(512.0M)->351.3M(512.0M)]
 [Times: user=0.00 sys=0.00, real=0.00 secs] 
2022-01-16T15:56:03.027+0800: 0.578: [GC pause (G1 Evacuation Pause) (mixed), 0.0049449 secs]
   [Parallel Time: 4.5 ms, GC Workers: 4]
      [GC Worker Start (ms): Min: 578.3, Avg: 578.3, Max: 578.3, Diff: 0.0]
      [Ext Root Scanning (ms): Min: 0.1, Avg: 0.1, Max: 0.1, Diff: 0.0, Sum: 0.6]
      [Update RS (ms): Min: 0.6, Avg: 0.6, Max: 0.6, Diff: 0.0, Sum: 2.4]
         [Processed Buffers: Min: 8, Avg: 10.3, Max: 12, Diff: 4, Sum: 41]
      [Scan RS (ms): Min: 0.0, Avg: 0.0, Max: 0.0, Diff: 0.0, Sum: 0.1]
      [Code Root Scanning (ms): Min: 0.0, Avg: 0.0, Max: 0.0, Diff: 0.0, Sum: 0.0]
      [Object Copy (ms): Min: 3.6, Avg: 3.6, Max: 3.6, Diff: 0.0, Sum: 14.5]
      [Termination (ms): Min: 0.0, Avg: 0.1, Max: 0.1, Diff: 0.1, Sum: 0.3]
      [GC Worker Other (ms): Min: 0.0, Avg: 0.0, Max: 0.0, Diff: 0.0, Sum: 0.0]
      [GC Worker Total (ms): Min: 4.4, Avg: 4.5, Max: 4.5, Diff: 0.1, Sum: 17.8]
      [GC Worker End (ms): Min: 582.8, Avg: 582.8, Max: 582.9, Diff: 0.1]
   [Code Root Fixup: 0.0 ms]
   [Code Root Purge: 0.0 ms]
   [Clear CT: 0.0 ms]
   [Other: 0.4 ms]
      [Choose CSet: 0.0 ms]
      [Ref Proc: 0.2 ms]
      [Ref Enq: 0.0 ms]
      [Redirty Cards: 0.0 ms]
      [Humongous Reclaim: 0.0 ms]
      [Free CSet: 0.0 ms]
   [Eden: 17.0M(17.0M)->0.0B(44.0M) Survivors: 8192.0K->4096.0K Heap: 372.7M(512.0M)->344.7M(512.0M)]
 [Times: user=0.06 sys=0.00, real=0.01 secs] 
2022-01-16T15:56:03.033+0800: 0.584: [GC pause (G1 Humongous Allocation) (young) (initial-mark), 0.0009080 secs]
   [Parallel Time: 0.7 ms, GC Workers: 4]
      [GC Worker Start (ms): Min: 584.5, Avg: 584.5, Max: 584.5, Diff: 0.0]
      [Ext Root Scanning (ms): Min: 0.1, Avg: 0.1, Max: 0.2, Diff: 0.0, Sum: 0.6]
      [Update RS (ms): Min: 0.0, Avg: 0.1, Max: 0.2, Diff: 0.2, Sum: 0.5]
         [Processed Buffers: Min: 1, Avg: 1.3, Max: 2, Diff: 1, Sum: 5]
      [Scan RS (ms): Min: 0.0, Avg: 0.0, Max: 0.0, Diff: 0.0, Sum: 0.0]
      [Code Root Scanning (ms): Min: 0.0, Avg: 0.0, Max: 0.0, Diff: 0.0, Sum: 0.0]
      [Object Copy (ms): Min: 0.4, Avg: 0.4, Max: 0.5, Diff: 0.1, Sum: 1.7]
      [Termination (ms): Min: 0.0, Avg: 0.0, Max: 0.1, Diff: 0.1, Sum: 0.1]
      [GC Worker Other (ms): Min: 0.0, Avg: 0.0, Max: 0.0, Diff: 0.0, Sum: 0.0]
      [GC Worker Total (ms): Min: 0.7, Avg: 0.7, Max: 0.7, Diff: 0.0, Sum: 2.9]
      [GC Worker End (ms): Min: 585.3, Avg: 585.3, Max: 585.3, Diff: 0.0]
   [Code Root Fixup: 0.0 ms]
   [Code Root Purge: 0.0 ms]
   [Clear CT: 0.0 ms]
   [Other: 0.1 ms]
      [Choose CSet: 0.0 ms]
      [Ref Proc: 0.0 ms]
      [Ref Enq: 0.0 ms]
      [Redirty Cards: 0.0 ms]
      [Humongous Reclaim: 0.0 ms]
      [Free CSet: 0.0 ms]
   [Eden: 5120.0K(44.0M)->0.0B(44.0M) Survivors: 4096.0K->1024.0K Heap: 348.7M(512.0M)->345.2M(512.0M)]
 [Times: user=0.00 sys=0.00, real=0.00 secs] 
2022-01-16T15:56:03.034+0800: 0.585: [GC concurrent-root-region-scan-start]
2022-01-16T15:56:03.034+0800: 0.586: [GC concurrent-root-region-scan-end, 0.0000941 secs]
2022-01-16T15:56:03.034+0800: 0.586: [GC concurrent-mark-start]
2022-01-16T15:56:03.037+0800: 0.588: [GC concurrent-mark-end, 0.0021317 secs]
2022-01-16T15:56:03.037+0800: 0.588: [GC remark 0.588: [Finalize Marking, 0.0000551 secs] 0.588: [GC ref-proc, 0.0000303 secs] 0.588: [Unloading, 0.0004135 secs], 0.0014320 secs]
 [Times: user=0.00 sys=0.00, real=0.00 secs] 
2022-01-16T15:56:03.038+0800: 0.589: [GC cleanup 359M->350M(512M), 0.0003172 secs]
 [Times: user=0.00 sys=0.00, real=0.00 secs] 
2022-01-16T15:56:03.038+0800: 0.590: [GC concurrent-cleanup-start]
2022-01-16T15:56:03.039+0800: 0.590: [GC concurrent-cleanup-end, 0.0000139 secs]
2022-01-16T15:56:03.045+0800: 0.596: [GC pause (G1 Evacuation Pause) (young), 0.0024916 secs]
   [Parallel Time: 2.2 ms, GC Workers: 4]
      [GC Worker Start (ms): Min: 595.8, Avg: 595.8, Max: 595.8, Diff: 0.0]
      [Ext Root Scanning (ms): Min: 0.1, Avg: 0.1, Max: 0.2, Diff: 0.0, Sum: 0.6]
      [Update RS (ms): Min: 0.7, Avg: 0.7, Max: 0.7, Diff: 0.0, Sum: 2.9]
         [Processed Buffers: Min: 9, Avg: 12.8, Max: 14, Diff: 5, Sum: 51]
      [Scan RS (ms): Min: 0.0, Avg: 0.0, Max: 0.0, Diff: 0.0, Sum: 0.0]
      [Code Root Scanning (ms): Min: 0.0, Avg: 0.0, Max: 0.0, Diff: 0.0, Sum: 0.0]
      [Object Copy (ms): Min: 1.1, Avg: 1.2, Max: 1.3, Diff: 0.2, Sum: 4.9]
      [Termination (ms): Min: 0.0, Avg: 0.1, Max: 0.2, Diff: 0.2, Sum: 0.3]
      [GC Worker Other (ms): Min: 0.0, Avg: 0.0, Max: 0.0, Diff: 0.0, Sum: 0.0]
      [GC Worker Total (ms): Min: 2.2, Avg: 2.2, Max: 2.2, Diff: 0.0, Sum: 8.7]
      [GC Worker End (ms): Min: 598.0, Avg: 598.0, Max: 598.0, Diff: 0.0]
   [Code Root Fixup: 0.0 ms]
   [Code Root Purge: 0.0 ms]
   [Clear CT: 0.0 ms]
   [Other: 0.3 ms]
      [Choose CSet: 0.0 ms]
      [Ref Proc: 0.0 ms]
      [Ref Enq: 0.0 ms]
      [Redirty Cards: 0.0 ms]
      [Humongous Reclaim: 0.1 ms]
      [Free CSet: 0.0 ms]
   [Eden: 44.0M(44.0M)->0.0B(19.0M) Survivors: 1024.0K->6144.0K Heap: 389.7M(512.0M)->350.9M(512.0M)]
 [Times: user=0.06 sys=0.00, real=0.00 secs] 
2022-01-16T15:56:03.051+0800: 0.602: [GC pause (G1 Evacuation Pause) (mixed), 0.0051404 secs]
   [Parallel Time: 4.9 ms, GC Workers: 4]
      [GC Worker Start (ms): Min: 602.2, Avg: 602.2, Max: 602.2, Diff: 0.0]
      [Ext Root Scanning (ms): Min: 0.1, Avg: 0.1, Max: 0.1, Diff: 0.0, Sum: 0.6]
      [Update RS (ms): Min: 0.5, Avg: 0.5, Max: 0.5, Diff: 0.1, Sum: 2.0]
         [Processed Buffers: Min: 9, Avg: 9.5, Max: 10, Diff: 1, Sum: 38]
      [Scan RS (ms): Min: 0.0, Avg: 0.0, Max: 0.0, Diff: 0.0, Sum: 0.1]
      [Code Root Scanning (ms): Min: 0.0, Avg: 0.0, Max: 0.0, Diff: 0.0, Sum: 0.0]
      [Object Copy (ms): Min: 4.1, Avg: 4.2, Max: 4.2, Diff: 0.1, Sum: 16.6]
      [Termination (ms): Min: 0.0, Avg: 0.0, Max: 0.1, Diff: 0.1, Sum: 0.2]
      [GC Worker Other (ms): Min: 0.0, Avg: 0.0, Max: 0.0, Diff: 0.0, Sum: 0.0]
      [GC Worker Total (ms): Min: 4.9, Avg: 4.9, Max: 4.9, Diff: 0.0, Sum: 19.6]
      [GC Worker End (ms): Min: 607.1, Avg: 607.1, Max: 607.1, Diff: 0.0]
   [Code Root Fixup: 0.0 ms]
   [Code Root Purge: 0.0 ms]
   [Clear CT: 0.0 ms]
   [Other: 0.2 ms]
      [Choose CSet: 0.0 ms]
      [Ref Proc: 0.0 ms]
      [Ref Enq: 0.0 ms]
      [Redirty Cards: 0.0 ms]
      [Humongous Reclaim: 0.0 ms]
      [Free CSet: 0.0 ms]
   [Eden: 19.0M(19.0M)->0.0B(21.0M) Survivors: 6144.0K->4096.0K Heap: 374.0M(512.0M)->336.3M(512.0M)]
 [Times: user=0.00 sys=0.00, real=0.00 secs] 
2022-01-16T15:56:03.060+0800: 0.611: [GC pause (G1 Evacuation Pause) (mixed), 0.0022046 secs]
   [Parallel Time: 1.9 ms, GC Workers: 4]
      [GC Worker Start (ms): Min: 611.4, Avg: 611.4, Max: 611.4, Diff: 0.0]
      [Ext Root Scanning (ms): Min: 0.1, Avg: 0.1, Max: 0.1, Diff: 0.0, Sum: 0.5]
      [Update RS (ms): Min: 0.6, Avg: 0.6, Max: 0.6, Diff: 0.0, Sum: 2.5]
         [Processed Buffers: Min: 10, Avg: 10.8, Max: 12, Diff: 2, Sum: 43]
      [Scan RS (ms): Min: 0.0, Avg: 0.0, Max: 0.0, Diff: 0.0, Sum: 0.0]
      [Code Root Scanning (ms): Min: 0.0, Avg: 0.0, Max: 0.0, Diff: 0.0, Sum: 0.0]
      [Object Copy (ms): Min: 1.1, Avg: 1.1, Max: 1.1, Diff: 0.0, Sum: 4.5]
      [Termination (ms): Min: 0.0, Avg: 0.0, Max: 0.0, Diff: 0.0, Sum: 0.0]
      [GC Worker Other (ms): Min: 0.0, Avg: 0.0, Max: 0.0, Diff: 0.0, Sum: 0.0]
      [GC Worker Total (ms): Min: 1.9, Avg: 1.9, Max: 1.9, Diff: 0.0, Sum: 7.7]
      [GC Worker End (ms): Min: 613.3, Avg: 613.3, Max: 613.3, Diff: 0.0]
   [Code Root Fixup: 0.0 ms]
   [Code Root Purge: 0.0 ms]
   [Clear CT: 0.0 ms]
   [Other: 0.2 ms]
      [Choose CSet: 0.0 ms]
      [Ref Proc: 0.1 ms]
      [Ref Enq: 0.0 ms]
      [Redirty Cards: 0.0 ms]
      [Humongous Reclaim: 0.0 ms]
      [Free CSet: 0.0 ms]
   [Eden: 21.0M(21.0M)->0.0B(45.0M) Survivors: 4096.0K->4096.0K Heap: 362.0M(512.0M)->344.5M(512.0M)]
 [Times: user=0.06 sys=0.00, real=0.00 secs] 
2022-01-16T15:56:03.064+0800: 0.615: [GC pause (G1 Humongous Allocation) (young) (initial-mark), 0.0009732 secs]
   [Parallel Time: 0.8 ms, GC Workers: 4]
      [GC Worker Start (ms): Min: 614.8, Avg: 614.9, Max: 614.9, Diff: 0.0]
      [Ext Root Scanning (ms): Min: 0.1, Avg: 0.1, Max: 0.1, Diff: 0.0, Sum: 0.6]
      [Update RS (ms): Min: 0.1, Avg: 0.1, Max: 0.2, Diff: 0.1, Sum: 0.3]
         [Processed Buffers: Min: 1, Avg: 1.3, Max: 2, Diff: 1, Sum: 5]
      [Scan RS (ms): Min: 0.0, Avg: 0.0, Max: 0.0, Diff: 0.0, Sum: 0.0]
      [Code Root Scanning (ms): Min: 0.0, Avg: 0.0, Max: 0.0, Diff: 0.0, Sum: 0.0]
      [Object Copy (ms): Min: 0.4, Avg: 0.6, Max: 0.6, Diff: 0.2, Sum: 2.2]
      [Termination (ms): Min: 0.0, Avg: 0.0, Max: 0.1, Diff: 0.1, Sum: 0.1]
      [GC Worker Other (ms): Min: 0.0, Avg: 0.0, Max: 0.0, Diff: 0.0, Sum: 0.0]
      [GC Worker Total (ms): Min: 0.8, Avg: 0.8, Max: 0.8, Diff: 0.0, Sum: 3.2]
      [GC Worker End (ms): Min: 615.7, Avg: 615.7, Max: 615.7, Diff: 0.0]
   [Code Root Fixup: 0.0 ms]
   [Code Root Purge: 0.0 ms]
   [Clear CT: 0.0 ms]
   [Other: 0.1 ms]
      [Choose CSet: 0.0 ms]
      [Ref Proc: 0.0 ms]
      [Ref Enq: 0.0 ms]
      [Redirty Cards: 0.0 ms]
      [Humongous Reclaim: 0.0 ms]
      [Free CSet: 0.0 ms]
   [Eden: 7168.0K(45.0M)->0.0B(43.0M) Survivors: 4096.0K->2048.0K Heap: 351.3M(512.0M)->345.8M(512.0M)]
 [Times: user=0.00 sys=0.00, real=0.00 secs] 
2022-01-16T15:56:03.065+0800: 0.616: [GC concurrent-root-region-scan-start]
2022-01-16T15:56:03.065+0800: 0.616: [GC concurrent-root-region-scan-end, 0.0000711 secs]
2022-01-16T15:56:03.065+0800: 0.616: [GC concurrent-mark-start]
2022-01-16T15:56:03.067+0800: 0.618: [GC concurrent-mark-end, 0.0020343 secs]
2022-01-16T15:56:03.067+0800: 0.618: [GC remark 0.618: [Finalize Marking, 0.0000394 secs] 0.618: [GC ref-proc, 0.0000288 secs] 0.618: [Unloading, 0.0003800 secs], 0.0010852 secs]
 [Times: user=0.00 sys=0.00, real=0.00 secs] 
2022-01-16T15:56:03.068+0800: 0.619: [GC cleanup 361M->355M(512M), 0.0002210 secs]
 [Times: user=0.00 sys=0.00, real=0.00 secs] 
2022-01-16T15:56:03.068+0800: 0.619: [GC concurrent-cleanup-start]
2022-01-16T15:56:03.068+0800: 0.619: [GC concurrent-cleanup-end, 0.0000113 secs]
2022-01-16T15:56:03.074+0800: 0.625: [GC pause (G1 Evacuation Pause) (young), 0.0026655 secs]
   [Parallel Time: 2.5 ms, GC Workers: 4]
      [GC Worker Start (ms): Min: 625.4, Avg: 625.4, Max: 625.4, Diff: 0.0]
      [Ext Root Scanning (ms): Min: 0.1, Avg: 0.1, Max: 0.2, Diff: 0.0, Sum: 0.6]
      [Update RS (ms): Min: 0.8, Avg: 0.8, Max: 0.8, Diff: 0.0, Sum: 3.3]
         [Processed Buffers: Min: 10, Avg: 14.5, Max: 17, Diff: 7, Sum: 58]
      [Scan RS (ms): Min: 0.0, Avg: 0.0, Max: 0.0, Diff: 0.0, Sum: 0.0]
      [Code Root Scanning (ms): Min: 0.0, Avg: 0.0, Max: 0.0, Diff: 0.0, Sum: 0.0]
      [Object Copy (ms): Min: 1.4, Avg: 1.4, Max: 1.4, Diff: 0.1, Sum: 5.7]
      [Termination (ms): Min: 0.0, Avg: 0.0, Max: 0.1, Diff: 0.1, Sum: 0.1]
      [GC Worker Other (ms): Min: 0.0, Avg: 0.0, Max: 0.0, Diff: 0.0, Sum: 0.0]
      [GC Worker Total (ms): Min: 2.4, Avg: 2.4, Max: 2.4, Diff: 0.0, Sum: 9.7]
      [GC Worker End (ms): Min: 627.8, Avg: 627.8, Max: 627.8, Diff: 0.0]
   [Code Root Fixup: 0.0 ms]
   [Code Root Purge: 0.0 ms]
   [Clear CT: 0.0 ms]
   [Other: 0.2 ms]
      [Choose CSet: 0.0 ms]
      [Ref Proc: 0.0 ms]
      [Ref Enq: 0.0 ms]
      [Redirty Cards: 0.0 ms]
      [Humongous Reclaim: 0.1 ms]
      [Free CSet: 0.0 ms]
   [Eden: 43.0M(43.0M)->0.0B(19.0M) Survivors: 2048.0K->6144.0K Heap: 398.4M(512.0M)->357.8M(512.0M)]
 [Times: user=0.06 sys=0.00, real=0.00 secs] 
2022-01-16T15:56:03.081+0800: 0.632: [GC pause (G1 Evacuation Pause) (mixed), 0.0064013 secs]
   [Parallel Time: 6.0 ms, GC Workers: 4]
      [GC Worker Start (ms): Min: 632.3, Avg: 632.3, Max: 632.3, Diff: 0.0]
      [Ext Root Scanning (ms): Min: 0.1, Avg: 0.1, Max: 0.1, Diff: 0.0, Sum: 0.6]
      [Update RS (ms): Min: 1.0, Avg: 1.1, Max: 1.1, Diff: 0.0, Sum: 4.2]
         [Processed Buffers: Min: 14, Avg: 18.3, Max: 20, Diff: 6, Sum: 73]
      [Scan RS (ms): Min: 0.0, Avg: 0.0, Max: 0.0, Diff: 0.0, Sum: 0.1]
      [Code Root Scanning (ms): Min: 0.0, Avg: 0.0, Max: 0.0, Diff: 0.0, Sum: 0.0]
      [Object Copy (ms): Min: 4.7, Avg: 4.7, Max: 4.7, Diff: 0.0, Sum: 18.9]
      [Termination (ms): Min: 0.0, Avg: 0.0, Max: 0.0, Diff: 0.0, Sum: 0.0]
      [GC Worker Other (ms): Min: 0.0, Avg: 0.0, Max: 0.0, Diff: 0.0, Sum: 0.0]
      [GC Worker Total (ms): Min: 5.9, Avg: 5.9, Max: 6.0, Diff: 0.0, Sum: 23.8]
      [GC Worker End (ms): Min: 638.2, Avg: 638.2, Max: 638.2, Diff: 0.0]
   [Code Root Fixup: 0.0 ms]
   [Code Root Purge: 0.0 ms]
   [Clear CT: 0.0 ms]
   [Other: 0.4 ms]
      [Choose CSet: 0.0 ms]
      [Ref Proc: 0.2 ms]
      [Ref Enq: 0.0 ms]
      [Redirty Cards: 0.0 ms]
      [Humongous Reclaim: 0.0 ms]
      [Free CSet: 0.0 ms]
   [Eden: 19.0M(19.0M)->0.0B(38.0M) Survivors: 6144.0K->4096.0K Heap: 386.2M(512.0M)->350.9M(512.0M)]
 [Times: user=0.00 sys=0.00, real=0.01 secs] 
2022-01-16T15:56:03.088+0800: 0.639: [GC pause (G1 Humongous Allocation) (young) (initial-mark), 0.0007927 secs]
   [Parallel Time: 0.7 ms, GC Workers: 4]
      [GC Worker Start (ms): Min: 639.0, Avg: 639.0, Max: 639.0, Diff: 0.0]
      [Ext Root Scanning (ms): Min: 0.1, Avg: 0.1, Max: 0.1, Diff: 0.0, Sum: 0.6]
      [Update RS (ms): Min: 0.1, Avg: 0.1, Max: 0.2, Diff: 0.1, Sum: 0.5]
         [Processed Buffers: Min: 1, Avg: 1.3, Max: 2, Diff: 1, Sum: 5]
      [Scan RS (ms): Min: 0.0, Avg: 0.0, Max: 0.0, Diff: 0.0, Sum: 0.0]
      [Code Root Scanning (ms): Min: 0.0, Avg: 0.0, Max: 0.0, Diff: 0.0, Sum: 0.0]
      [Object Copy (ms): Min: 0.2, Avg: 0.4, Max: 0.4, Diff: 0.2, Sum: 1.4]
      [Termination (ms): Min: 0.0, Avg: 0.0, Max: 0.0, Diff: 0.0, Sum: 0.0]
      [GC Worker Other (ms): Min: 0.0, Avg: 0.0, Max: 0.0, Diff: 0.0, Sum: 0.0]
      [GC Worker Total (ms): Min: 0.6, Avg: 0.6, Max: 0.6, Diff: 0.0, Sum: 2.5]
      [GC Worker End (ms): Min: 639.6, Avg: 639.6, Max: 639.6, Diff: 0.0]
   [Code Root Fixup: 0.0 ms]
   [Code Root Purge: 0.0 ms]
   [Clear CT: 0.0 ms]
   [Other: 0.1 ms]
      [Choose CSet: 0.0 ms]
      [Ref Proc: 0.0 ms]
      [Ref Enq: 0.0 ms]
      [Redirty Cards: 0.0 ms]
      [Humongous Reclaim: 0.0 ms]
      [Free CSet: 0.0 ms]
   [Eden: 2048.0K(38.0M)->0.0B(38.0M) Survivors: 4096.0K->1024.0K Heap: 352.1M(512.0M)->351.0M(512.0M)]
 [Times: user=0.00 sys=0.00, real=0.00 secs] 
2022-01-16T15:56:03.089+0800: 0.640: [GC concurrent-root-region-scan-start]
2022-01-16T15:56:03.089+0800: 0.640: [GC concurrent-root-region-scan-end, 0.0000773 secs]
2022-01-16T15:56:03.089+0800: 0.640: [GC concurrent-mark-start]
2022-01-16T15:56:03.091+0800: 0.642: [GC concurrent-mark-end, 0.0020012 secs]
2022-01-16T15:56:03.091+0800: 0.642: [GC remark 0.642: [Finalize Marking, 0.0000591 secs] 0.642: [GC ref-proc, 0.0000292 secs] 0.642: [Unloading, 0.0004215 secs], 0.0013835 secs]
 [Times: user=0.00 sys=0.00, real=0.00 secs] 
2022-01-16T15:56:03.092+0800: 0.643: [GC cleanup 367M->365M(512M), 0.0004146 secs]
 [Times: user=0.05 sys=0.00, real=0.00 secs] 
2022-01-16T15:56:03.093+0800: 0.644: [GC concurrent-cleanup-start]
2022-01-16T15:56:03.093+0800: 0.644: [GC concurrent-cleanup-end, 0.0000317 secs]
2022-01-16T15:56:03.098+0800: 0.649: [GC pause (G1 Evacuation Pause) (young), 0.0028792 secs]
   [Parallel Time: 2.6 ms, GC Workers: 4]
      [GC Worker Start (ms): Min: 649.5, Avg: 650.1, Max: 651.9, Diff: 2.5]
      [Ext Root Scanning (ms): Min: 0.0, Avg: 0.1, Max: 0.2, Diff: 0.2, Sum: 0.5]
      [Update RS (ms): Min: 0.0, Avg: 0.9, Max: 1.2, Diff: 1.2, Sum: 3.4]
         [Processed Buffers: Min: 0, Avg: 16.0, Max: 23, Diff: 23, Sum: 64]
      [Scan RS (ms): Min: 0.0, Avg: 0.0, Max: 0.0, Diff: 0.0, Sum: 0.0]
      [Code Root Scanning (ms): Min: 0.0, Avg: 0.0, Max: 0.0, Diff: 0.0, Sum: 0.0]
      [Object Copy (ms): Min: 0.0, Avg: 0.9, Max: 1.2, Diff: 1.2, Sum: 3.6]
      [Termination (ms): Min: 0.0, Avg: 0.0, Max: 0.1, Diff: 0.1, Sum: 0.1]
      [GC Worker Other (ms): Min: 0.0, Avg: 0.0, Max: 0.0, Diff: 0.0, Sum: 0.0]
      [GC Worker Total (ms): Min: 0.1, Avg: 1.9, Max: 2.6, Diff: 2.4, Sum: 7.7]
      [GC Worker End (ms): Min: 652.0, Avg: 652.0, Max: 652.0, Diff: 0.0]
   [Code Root Fixup: 0.0 ms]
   [Code Root Purge: 0.0 ms]
   [Clear CT: 0.0 ms]
   [Other: 0.2 ms]
      [Choose CSet: 0.0 ms]
      [Ref Proc: 0.1 ms]
      [Ref Enq: 0.0 ms]
      [Redirty Cards: 0.0 ms]
      [Humongous Reclaim: 0.0 ms]
      [Free CSet: 0.0 ms]
   [Eden: 38.0M(38.0M)->0.0B(20.0M) Survivors: 1024.0K->5120.0K Heap: 400.9M(512.0M)->366.9M(512.0M)]
 [Times: user=0.00 sys=0.00, real=0.00 secs] 
2022-01-16T15:56:03.105+0800: 0.656: [GC pause (G1 Evacuation Pause) (mixed), 0.0049475 secs]
   [Parallel Time: 4.6 ms, GC Workers: 4]
      [GC Worker Start (ms): Min: 655.9, Avg: 655.9, Max: 655.9, Diff: 0.0]
      [Ext Root Scanning (ms): Min: 0.2, Avg: 0.2, Max: 0.2, Diff: 0.0, Sum: 0.6]
      [Update RS (ms): Min: 0.4, Avg: 0.5, Max: 0.5, Diff: 0.1, Sum: 1.9]
         [Processed Buffers: Min: 7, Avg: 8.3, Max: 9, Diff: 2, Sum: 33]
      [Scan RS (ms): Min: 0.0, Avg: 0.0, Max: 0.0, Diff: 0.0, Sum: 0.1]
      [Code Root Scanning (ms): Min: 0.0, Avg: 0.0, Max: 0.0, Diff: 0.0, Sum: 0.0]
      [Object Copy (ms): Min: 3.7, Avg: 3.7, Max: 3.7, Diff: 0.1, Sum: 14.8]
      [Termination (ms): Min: 0.0, Avg: 0.1, Max: 0.2, Diff: 0.2, Sum: 0.4]
      [GC Worker Other (ms): Min: 0.0, Avg: 0.0, Max: 0.0, Diff: 0.0, Sum: 0.0]
      [GC Worker Total (ms): Min: 4.4, Avg: 4.5, Max: 4.6, Diff: 0.2, Sum: 17.9]
      [GC Worker End (ms): Min: 660.3, Avg: 660.3, Max: 660.4, Diff: 0.2]
   [Code Root Fixup: 0.0 ms]
   [Code Root Purge: 0.0 ms]
   [Clear CT: 0.0 ms]
   [Other: 0.3 ms]
      [Choose CSet: 0.0 ms]
      [Ref Proc: 0.0 ms]
      [Ref Enq: 0.0 ms]
      [Redirty Cards: 0.0 ms]
      [Humongous Reclaim: 0.1 ms]
      [Free CSet: 0.0 ms]
   [Eden: 20.0M(20.0M)->0.0B(28.0M) Survivors: 5120.0K->4096.0K Heap: 390.5M(512.0M)->360.2M(512.0M)]
 [Times: user=0.05 sys=0.02, real=0.00 secs] 
2022-01-16T15:56:03.110+0800: 0.661: [GC pause (G1 Humongous Allocation) (young) (initial-mark), 0.0009495 secs]
   [Parallel Time: 0.8 ms, GC Workers: 4]
      [GC Worker Start (ms): Min: 661.4, Avg: 661.4, Max: 661.5, Diff: 0.2]
      [Ext Root Scanning (ms): Min: 0.0, Avg: 0.2, Max: 0.4, Diff: 0.4, Sum: 0.8]
      [Update RS (ms): Min: 0.0, Avg: 0.1, Max: 0.2, Diff: 0.2, Sum: 0.4]
         [Processed Buffers: Min: 0, Avg: 1.3, Max: 2, Diff: 2, Sum: 5]
      [Scan RS (ms): Min: 0.0, Avg: 0.0, Max: 0.0, Diff: 0.0, Sum: 0.0]
      [Code Root Scanning (ms): Min: 0.0, Avg: 0.0, Max: 0.0, Diff: 0.0, Sum: 0.0]
      [Object Copy (ms): Min: 0.3, Avg: 0.4, Max: 0.5, Diff: 0.2, Sum: 1.5]
      [Termination (ms): Min: 0.0, Avg: 0.0, Max: 0.0, Diff: 0.0, Sum: 0.1]
      [GC Worker Other (ms): Min: 0.0, Avg: 0.0, Max: 0.0, Diff: 0.0, Sum: 0.0]
      [GC Worker Total (ms): Min: 0.6, Avg: 0.7, Max: 0.7, Diff: 0.2, Sum: 2.8]
      [GC Worker End (ms): Min: 662.1, Avg: 662.1, Max: 662.1, Diff: 0.0]
   [Code Root Fixup: 0.0 ms]
   [Code Root Purge: 0.0 ms]
   [Clear CT: 0.0 ms]
   [Other: 0.2 ms]
      [Choose CSet: 0.0 ms]
      [Ref Proc: 0.1 ms]
      [Ref Enq: 0.0 ms]
      [Redirty Cards: 0.0 ms]
      [Humongous Reclaim: 0.0 ms]
      [Free CSet: 0.0 ms]
   [Eden: 3072.0K(28.0M)->0.0B(27.0M) Survivors: 4096.0K->1024.0K Heap: 362.7M(512.0M)->360.2M(512.0M)]
 [Times: user=0.00 sys=0.00, real=0.00 secs] 
2022-01-16T15:56:03.111+0800: 0.662: [GC concurrent-root-region-scan-start]
2022-01-16T15:56:03.111+0800: 0.662: [GC concurrent-root-region-scan-end, 0.0000131 secs]
2022-01-16T15:56:03.111+0800: 0.662: [GC concurrent-mark-start]
2022-01-16T15:56:03.113+0800: 0.665: [GC concurrent-mark-end, 0.0021033 secs]
2022-01-16T15:56:03.113+0800: 0.665: [GC remark 0.665: [Finalize Marking, 0.0000390 secs] 0.665: [GC ref-proc, 0.0000306 secs] 0.665: [Unloading, 0.0003840 secs], 0.0011362 secs]
 [Times: user=0.00 sys=0.00, real=0.00 secs] 
2022-01-16T15:56:03.115+0800: 0.666: [GC cleanup 373M->366M(512M), 0.0002611 secs]
 [Times: user=0.00 sys=0.00, real=0.00 secs] 
2022-01-16T15:56:03.115+0800: 0.666: [GC concurrent-cleanup-start]
2022-01-16T15:56:03.115+0800: 0.666: [GC concurrent-cleanup-end, 0.0000120 secs]
2022-01-16T15:56:03.118+0800: 0.669: [GC pause (G1 Evacuation Pause) (young), 0.0021007 secs]
   [Parallel Time: 1.9 ms, GC Workers: 4]
      [GC Worker Start (ms): Min: 669.3, Avg: 669.3, Max: 669.3, Diff: 0.0]
      [Ext Root Scanning (ms): Min: 0.1, Avg: 0.1, Max: 0.1, Diff: 0.0, Sum: 0.5]
      [Update RS (ms): Min: 0.9, Avg: 0.9, Max: 0.9, Diff: 0.0, Sum: 3.6]
         [Processed Buffers: Min: 14, Avg: 15.8, Max: 17, Diff: 3, Sum: 63]
      [Scan RS (ms): Min: 0.0, Avg: 0.0, Max: 0.0, Diff: 0.0, Sum: 0.0]
      [Code Root Scanning (ms): Min: 0.0, Avg: 0.0, Max: 0.0, Diff: 0.0, Sum: 0.0]
      [Object Copy (ms): Min: 0.8, Avg: 0.8, Max: 0.8, Diff: 0.0, Sum: 3.0]
      [Termination (ms): Min: 0.0, Avg: 0.0, Max: 0.1, Diff: 0.1, Sum: 0.1]
      [GC Worker Other (ms): Min: 0.0, Avg: 0.0, Max: 0.0, Diff: 0.0, Sum: 0.0]
      [GC Worker Total (ms): Min: 1.8, Avg: 1.8, Max: 1.9, Diff: 0.1, Sum: 7.3]
      [GC Worker End (ms): Min: 671.1, Avg: 671.1, Max: 671.1, Diff: 0.1]
   [Code Root Fixup: 0.0 ms]
   [Code Root Purge: 0.0 ms]
   [Clear CT: 0.0 ms]
   [Other: 0.2 ms]
      [Choose CSet: 0.0 ms]
      [Ref Proc: 0.0 ms]
      [Ref Enq: 0.0 ms]
      [Redirty Cards: 0.0 ms]
      [Humongous Reclaim: 0.1 ms]
      [Free CSet: 0.0 ms]
   [Eden: 27.0M(27.0M)->0.0B(21.0M) Survivors: 1024.0K->4096.0K Heap: 387.2M(512.0M)->363.9M(512.0M)]
 [Times: user=0.00 sys=0.00, real=0.00 secs] 
2022-01-16T15:56:03.124+0800: 0.675: [GC pause (G1 Evacuation Pause) (mixed), 0.0049479 secs]
   [Parallel Time: 4.7 ms, GC Workers: 4]
      [GC Worker Start (ms): Min: 675.4, Avg: 675.4, Max: 675.4, Diff: 0.0]
      [Ext Root Scanning (ms): Min: 0.1, Avg: 0.1, Max: 0.1, Diff: 0.0, Sum: 0.6]
      [Update RS (ms): Min: 0.8, Avg: 0.8, Max: 0.9, Diff: 0.0, Sum: 3.3]
         [Processed Buffers: Min: 13, Avg: 14.8, Max: 16, Diff: 3, Sum: 59]
      [Scan RS (ms): Min: 0.0, Avg: 0.0, Max: 0.0, Diff: 0.0, Sum: 0.1]
      [Code Root Scanning (ms): Min: 0.0, Avg: 0.0, Max: 0.0, Diff: 0.0, Sum: 0.0]
      [Object Copy (ms): Min: 3.4, Avg: 3.4, Max: 3.4, Diff: 0.0, Sum: 13.6]
      [Termination (ms): Min: 0.0, Avg: 0.0, Max: 0.1, Diff: 0.1, Sum: 0.2]
      [GC Worker Other (ms): Min: 0.0, Avg: 0.0, Max: 0.0, Diff: 0.0, Sum: 0.0]
      [GC Worker Total (ms): Min: 4.4, Avg: 4.5, Max: 4.5, Diff: 0.1, Sum: 17.8]
      [GC Worker End (ms): Min: 679.9, Avg: 679.9, Max: 679.9, Diff: 0.1]
   [Code Root Fixup: 0.0 ms]
   [Code Root Purge: 0.0 ms]
   [Clear CT: 0.0 ms]
   [Other: 0.2 ms]
      [Choose CSet: 0.0 ms]
      [Ref Proc: 0.0 ms]
      [Ref Enq: 0.0 ms]
      [Redirty Cards: 0.0 ms]
      [Humongous Reclaim: 0.0 ms]
      [Free CSet: 0.0 ms]
   [Eden: 21.0M(21.0M)->0.0B(30.0M) Survivors: 4096.0K->4096.0K Heap: 391.7M(512.0M)->357.2M(512.0M)]
 [Times: user=0.00 sys=0.00, real=0.00 secs] 
2022-01-16T15:56:03.131+0800: 0.682: [GC pause (G1 Humongous Allocation) (young) (initial-mark), 0.0013459 secs]
   [Parallel Time: 1.2 ms, GC Workers: 4]
      [GC Worker Start (ms): Min: 682.2, Avg: 682.2, Max: 682.3, Diff: 0.2]
      [Ext Root Scanning (ms): Min: 0.0, Avg: 0.3, Max: 1.0, Diff: 1.0, Sum: 1.3]
      [Update RS (ms): Min: 0.0, Avg: 0.1, Max: 0.2, Diff: 0.2, Sum: 0.4]
         [Processed Buffers: Min: 0, Avg: 1.3, Max: 2, Diff: 2, Sum: 5]
      [Scan RS (ms): Min: 0.0, Avg: 0.0, Max: 0.0, Diff: 0.0, Sum: 0.0]
      [Code Root Scanning (ms): Min: 0.0, Avg: 0.0, Max: 0.0, Diff: 0.0, Sum: 0.0]
      [Object Copy (ms): Min: 0.0, Avg: 0.5, Max: 0.7, Diff: 0.7, Sum: 2.1]
      [Termination (ms): Min: 0.0, Avg: 0.1, Max: 0.1, Diff: 0.1, Sum: 0.2]
      [GC Worker Other (ms): Min: 0.0, Avg: 0.0, Max: 0.0, Diff: 0.0, Sum: 0.0]
      [GC Worker Total (ms): Min: 1.0, Avg: 1.0, Max: 1.0, Diff: 0.0, Sum: 4.1]
      [GC Worker End (ms): Min: 683.2, Avg: 683.2, Max: 683.3, Diff: 0.1]
   [Code Root Fixup: 0.0 ms]
   [Code Root Purge: 0.0 ms]
   [Clear CT: 0.0 ms]
   [Other: 0.2 ms]
      [Choose CSet: 0.0 ms]
      [Ref Proc: 0.0 ms]
      [Ref Enq: 0.0 ms]
      [Redirty Cards: 0.0 ms]
      [Humongous Reclaim: 0.0 ms]
      [Free CSet: 0.0 ms]
   [Eden: 10.0M(30.0M)->0.0B(29.0M) Survivors: 4096.0K->3072.0K Heap: 367.2M(512.0M)->359.2M(512.0M)]
 [Times: user=0.00 sys=0.00, real=0.00 secs] 
2022-01-16T15:56:03.132+0800: 0.684: [GC concurrent-root-region-scan-start]
2022-01-16T15:56:03.133+0800: 0.684: [GC concurrent-root-region-scan-end, 0.0001003 secs]
2022-01-16T15:56:03.133+0800: 0.684: [GC concurrent-mark-start]
2022-01-16T15:56:03.135+0800: 0.686: [GC concurrent-mark-end, 0.0020358 secs]
2022-01-16T15:56:03.135+0800: 0.686: [GC remark 0.686: [Finalize Marking, 0.0000580 secs] 0.686: [GC ref-proc, 0.0000299 secs] 0.686: [Unloading, 0.0004281 secs], 0.0013970 secs]
 [Times: user=0.00 sys=0.00, real=0.00 secs] 
2022-01-16T15:56:03.136+0800: 0.687: [GC cleanup 375M->370M(512M), 0.0002301 secs]
 [Times: user=0.00 sys=0.00, real=0.00 secs] 
2022-01-16T15:56:03.136+0800: 0.687: [GC concurrent-cleanup-start]
2022-01-16T15:56:03.136+0800: 0.688: [GC concurrent-cleanup-end, 0.0000171 secs]
2022-01-16T15:56:03.140+0800: 0.691: [GC pause (G1 Evacuation Pause) (young), 0.0026845 secs]
   [Parallel Time: 2.4 ms, GC Workers: 4]
      [GC Worker Start (ms): Min: 690.7, Avg: 691.3, Max: 693.0, Diff: 2.3]
      [Ext Root Scanning (ms): Min: 0.0, Avg: 0.1, Max: 0.1, Diff: 0.1, Sum: 0.4]
      [Update RS (ms): Min: 0.0, Avg: 0.6, Max: 0.8, Diff: 0.8, Sum: 2.3]
         [Processed Buffers: Min: 0, Avg: 10.3, Max: 15, Diff: 15, Sum: 41]
      [Scan RS (ms): Min: 0.0, Avg: 0.0, Max: 0.0, Diff: 0.0, Sum: 0.0]
      [Code Root Scanning (ms): Min: 0.0, Avg: 0.0, Max: 0.0, Diff: 0.0, Sum: 0.0]
      [Object Copy (ms): Min: 0.0, Avg: 1.0, Max: 1.4, Diff: 1.4, Sum: 4.0]
      [Termination (ms): Min: 0.0, Avg: 0.1, Max: 0.2, Diff: 0.2, Sum: 0.2]
      [GC Worker Other (ms): Min: 0.0, Avg: 0.0, Max: 0.0, Diff: 0.0, Sum: 0.0]
      [GC Worker Total (ms): Min: 0.0, Avg: 1.8, Max: 2.4, Diff: 2.4, Sum: 7.1]
      [GC Worker End (ms): Min: 693.0, Avg: 693.1, Max: 693.2, Diff: 0.1]
   [Code Root Fixup: 0.0 ms]
   [Code Root Purge: 0.0 ms]
   [Clear CT: 0.0 ms]
   [Other: 0.2 ms]
      [Choose CSet: 0.0 ms]
      [Ref Proc: 0.0 ms]
      [Ref Enq: 0.0 ms]
      [Redirty Cards: 0.0 ms]
      [Humongous Reclaim: 0.0 ms]
      [Free CSet: 0.0 ms]
   [Eden: 29.0M(29.0M)->0.0B(21.0M) Survivors: 3072.0K->4096.0K Heap: 387.9M(512.0M)->365.3M(512.0M)]
 [Times: user=0.00 sys=0.00, real=0.00 secs] 
2022-01-16T15:56:03.146+0800: 0.697: [GC pause (G1 Evacuation Pause) (mixed), 0.0051280 secs]
   [Parallel Time: 4.9 ms, GC Workers: 4]
      [GC Worker Start (ms): Min: 697.3, Avg: 698.5, Max: 702.1, Diff: 4.8]
      [Ext Root Scanning (ms): Min: 0.0, Avg: 0.1, Max: 0.2, Diff: 0.2, Sum: 0.5]
      [Update RS (ms): Min: 0.0, Avg: 0.7, Max: 0.9, Diff: 0.9, Sum: 2.7]
         [Processed Buffers: Min: 0, Avg: 12.3, Max: 18, Diff: 18, Sum: 49]
      [Scan RS (ms): Min: 0.0, Avg: 0.0, Max: 0.1, Diff: 0.1, Sum: 0.2]
      [Code Root Scanning (ms): Min: 0.0, Avg: 0.0, Max: 0.0, Diff: 0.0, Sum: 0.0]
      [Object Copy (ms): Min: 0.0, Avg: 2.7, Max: 3.7, Diff: 3.7, Sum: 11.0]
      [Termination (ms): Min: 0.0, Avg: 0.0, Max: 0.1, Diff: 0.1, Sum: 0.2]
      [GC Worker Other (ms): Min: 0.0, Avg: 0.0, Max: 0.0, Diff: 0.0, Sum: 0.0]
      [GC Worker Total (ms): Min: 0.0, Avg: 3.6, Max: 4.9, Diff: 4.8, Sum: 14.5]
      [GC Worker End (ms): Min: 702.1, Avg: 702.1, Max: 702.2, Diff: 0.1]
   [Code Root Fixup: 0.0 ms]
   [Code Root Purge: 0.0 ms]
   [Clear CT: 0.0 ms]
   [Other: 0.2 ms]
      [Choose CSet: 0.0 ms]
      [Ref Proc: 0.0 ms]
      [Ref Enq: 0.0 ms]
      [Redirty Cards: 0.0 ms]
      [Humongous Reclaim: 0.0 ms]
      [Free CSet: 0.0 ms]
   [Eden: 21.0M(21.0M)->0.0B(28.0M) Survivors: 4096.0K->4096.0K Heap: 391.9M(512.0M)->360.0M(512.0M)]
 [Times: user=0.00 sys=0.00, real=0.01 secs] 
2022-01-16T15:56:03.152+0800: 0.703: [GC pause (G1 Humongous Allocation) (young) (initial-mark), 0.0007760 secs]
   [Parallel Time: 0.6 ms, GC Workers: 4]
      [GC Worker Start (ms): Min: 702.7, Avg: 702.7, Max: 702.7, Diff: 0.0]
      [Ext Root Scanning (ms): Min: 0.1, Avg: 0.1, Max: 0.1, Diff: 0.0, Sum: 0.5]
      [Update RS (ms): Min: 0.0, Avg: 0.1, Max: 0.3, Diff: 0.3, Sum: 0.5]
         [Processed Buffers: Min: 1, Avg: 1.0, Max: 1, Diff: 0, Sum: 4]
      [Scan RS (ms): Min: 0.0, Avg: 0.0, Max: 0.0, Diff: 0.0, Sum: 0.0]
      [Code Root Scanning (ms): Min: 0.0, Avg: 0.0, Max: 0.0, Diff: 0.0, Sum: 0.0]
      [Object Copy (ms): Min: 0.1, Avg: 0.3, Max: 0.4, Diff: 0.3, Sum: 1.1]
      [Termination (ms): Min: 0.0, Avg: 0.0, Max: 0.0, Diff: 0.0, Sum: 0.1]
      [GC Worker Other (ms): Min: 0.0, Avg: 0.0, Max: 0.0, Diff: 0.0, Sum: 0.0]
      [GC Worker Total (ms): Min: 0.6, Avg: 0.6, Max: 0.6, Diff: 0.0, Sum: 2.3]
      [GC Worker End (ms): Min: 703.2, Avg: 703.2, Max: 703.2, Diff: 0.0]
   [Code Root Fixup: 0.0 ms]
   [Code Root Purge: 0.0 ms]
   [Clear CT: 0.1 ms]
   [Other: 0.1 ms]
      [Choose CSet: 0.0 ms]
      [Ref Proc: 0.0 ms]
      [Ref Enq: 0.0 ms]
      [Redirty Cards: 0.0 ms]
      [Humongous Reclaim: 0.0 ms]
      [Free CSet: 0.0 ms]
   [Eden: 1024.0K(28.0M)->0.0B(29.0M) Survivors: 4096.0K->1024.0K Heap: 360.6M(512.0M)->360.3M(512.0M)]
 [Times: user=0.00 sys=0.00, real=0.00 secs] 
2022-01-16T15:56:03.152+0800: 0.703: [GC concurrent-root-region-scan-start]
2022-01-16T15:56:03.152+0800: 0.704: [GC concurrent-root-region-scan-end, 0.0000135 secs]
2022-01-16T15:56:03.152+0800: 0.704: [GC concurrent-mark-start]
2022-01-16T15:56:03.154+0800: 0.706: [GC concurrent-mark-end, 0.0020489 secs]
2022-01-16T15:56:03.155+0800: 0.706: [GC remark 0.706: [Finalize Marking, 0.0000496 secs] 0.706: [GC ref-proc, 0.0000292 secs] 0.706: [Unloading, 0.0003763 secs], 0.0013521 secs]
 [Times: user=0.00 sys=0.00, real=0.00 secs] 
2022-01-16T15:56:03.156+0800: 0.707: [GC cleanup 375M->372M(512M), 0.0002644 secs]
 [Times: user=0.00 sys=0.00, real=0.00 secs] 
2022-01-16T15:56:03.156+0800: 0.707: [GC concurrent-cleanup-start]
2022-01-16T15:56:03.156+0800: 0.707: [GC concurrent-cleanup-end, 0.0000084 secs]
2022-01-16T15:56:03.160+0800: 0.711: [GC pause (G1 Evacuation Pause) (young), 0.0027764 secs]
   [Parallel Time: 2.6 ms, GC Workers: 4]
      [GC Worker Start (ms): Min: 710.8, Avg: 711.4, Max: 713.3, Diff: 2.5]
      [Ext Root Scanning (ms): Min: 0.0, Avg: 0.1, Max: 0.2, Diff: 0.2, Sum: 0.5]
      [Update RS (ms): Min: 0.0, Avg: 0.9, Max: 1.3, Diff: 1.3, Sum: 3.7]
         [Processed Buffers: Min: 0, Avg: 17.0, Max: 24, Diff: 24, Sum: 68]
      [Scan RS (ms): Min: 0.0, Avg: 0.0, Max: 0.0, Diff: 0.0, Sum: 0.0]
      [Code Root Scanning (ms): Min: 0.0, Avg: 0.0, Max: 0.0, Diff: 0.0, Sum: 0.0]
      [Object Copy (ms): Min: 0.0, Avg: 0.8, Max: 1.1, Diff: 1.1, Sum: 3.2]
      [Termination (ms): Min: 0.0, Avg: 0.1, Max: 0.1, Diff: 0.1, Sum: 0.2]
      [GC Worker Other (ms): Min: 0.0, Avg: 0.0, Max: 0.0, Diff: 0.0, Sum: 0.0]
      [GC Worker Total (ms): Min: 0.0, Avg: 1.9, Max: 2.6, Diff: 2.5, Sum: 7.6]
      [GC Worker End (ms): Min: 713.3, Avg: 713.3, Max: 713.3, Diff: 0.1]
   [Code Root Fixup: 0.0 ms]
   [Code Root Purge: 0.0 ms]
   [Clear CT: 0.0 ms]
   [Other: 0.2 ms]
      [Choose CSet: 0.0 ms]
      [Ref Proc: 0.0 ms]
      [Ref Enq: 0.0 ms]
      [Redirty Cards: 0.0 ms]
      [Humongous Reclaim: 0.0 ms]
      [Free CSet: 0.0 ms]
   [Eden: 29.0M(29.0M)->0.0B(21.0M) Survivors: 1024.0K->4096.0K Heap: 393.2M(512.0M)->369.7M(512.0M)]
 [Times: user=0.00 sys=0.00, real=0.00 secs] 
2022-01-16T15:56:03.166+0800: 0.717: [GC pause (G1 Evacuation Pause) (mixed), 0.0047608 secs]
   [Parallel Time: 4.5 ms, GC Workers: 4]
      [GC Worker Start (ms): Min: 717.4, Avg: 718.5, Max: 721.8, Diff: 4.4]
      [Ext Root Scanning (ms): Min: 0.0, Avg: 0.1, Max: 0.2, Diff: 0.2, Sum: 0.5]
      [Update RS (ms): Min: 0.0, Avg: 0.6, Max: 0.8, Diff: 0.8, Sum: 2.3]
         [Processed Buffers: Min: 0, Avg: 10.5, Max: 15, Diff: 15, Sum: 42]
      [Scan RS (ms): Min: 0.0, Avg: 0.0, Max: 0.1, Diff: 0.1, Sum: 0.1]
      [Code Root Scanning (ms): Min: 0.0, Avg: 0.0, Max: 0.0, Diff: 0.0, Sum: 0.0]
      [Object Copy (ms): Min: 0.0, Avg: 2.5, Max: 3.4, Diff: 3.4, Sum: 10.2]
      [Termination (ms): Min: 0.0, Avg: 0.1, Max: 0.1, Diff: 0.1, Sum: 0.3]
      [GC Worker Other (ms): Min: 0.0, Avg: 0.0, Max: 0.1, Diff: 0.1, Sum: 0.1]
      [GC Worker Total (ms): Min: 0.1, Avg: 3.4, Max: 4.5, Diff: 4.4, Sum: 13.4]
      [GC Worker End (ms): Min: 721.9, Avg: 721.9, Max: 721.9, Diff: 0.1]
   [Code Root Fixup: 0.0 ms]
   [Code Root Purge: 0.0 ms]
   [Clear CT: 0.0 ms]
   [Other: 0.2 ms]
      [Choose CSet: 0.0 ms]
      [Ref Proc: 0.0 ms]
      [Ref Enq: 0.0 ms]
      [Redirty Cards: 0.0 ms]
      [Humongous Reclaim: 0.0 ms]
      [Free CSet: 0.0 ms]
   [Eden: 21.0M(21.0M)->0.0B(22.0M) Survivors: 4096.0K->4096.0K Heap: 395.4M(512.0M)->367.4M(512.0M)]
 [Times: user=0.05 sys=0.00, real=0.01 secs] 
2022-01-16T15:56:03.171+0800: 0.723: [GC pause (G1 Humongous Allocation) (young) (initial-mark), 0.0008737 secs]
   [Parallel Time: 0.7 ms, GC Workers: 4]
      [GC Worker Start (ms): Min: 722.6, Avg: 722.6, Max: 722.6, Diff: 0.0]
      [Ext Root Scanning (ms): Min: 0.1, Avg: 0.1, Max: 0.1, Diff: 0.0, Sum: 0.5]
      [Update RS (ms): Min: 0.0, Avg: 0.1, Max: 0.2, Diff: 0.2, Sum: 0.5]
         [Processed Buffers: Min: 1, Avg: 1.0, Max: 1, Diff: 0, Sum: 4]
      [Scan RS (ms): Min: 0.0, Avg: 0.0, Max: 0.0, Diff: 0.0, Sum: 0.0]
      [Code Root Scanning (ms): Min: 0.0, Avg: 0.0, Max: 0.0, Diff: 0.0, Sum: 0.0]
      [Object Copy (ms): Min: 0.2, Avg: 0.4, Max: 0.5, Diff: 0.2, Sum: 1.5]
      [Termination (ms): Min: 0.0, Avg: 0.0, Max: 0.1, Diff: 0.1, Sum: 0.2]
      [GC Worker Other (ms): Min: 0.0, Avg: 0.0, Max: 0.0, Diff: 0.0, Sum: 0.0]
      [GC Worker Total (ms): Min: 0.7, Avg: 0.7, Max: 0.7, Diff: 0.1, Sum: 2.7]
      [GC Worker End (ms): Min: 723.3, Avg: 723.3, Max: 723.3, Diff: 0.0]
   [Code Root Fixup: 0.0 ms]
   [Code Root Purge: 0.0 ms]
   [Clear CT: 0.0 ms]
   [Other: 0.1 ms]
      [Choose CSet: 0.0 ms]
      [Ref Proc: 0.0 ms]
      [Ref Enq: 0.0 ms]
      [Redirty Cards: 0.0 ms]
      [Humongous Reclaim: 0.0 ms]
      [Free CSet: 0.0 ms]
   [Eden: 1024.0K(22.0M)->0.0B(24.0M) Survivors: 4096.0K->1024.0K Heap: 368.4M(512.0M)->367.9M(512.0M)]
 [Times: user=0.00 sys=0.00, real=0.00 secs] 
2022-01-16T15:56:03.172+0800: 0.724: [GC concurrent-root-region-scan-start]
2022-01-16T15:56:03.173+0800: 0.724: [GC concurrent-root-region-scan-end, 0.0000755 secs]
2022-01-16T15:56:03.173+0800: 0.724: [GC concurrent-mark-start]
2022-01-16T15:56:03.175+0800: 0.726: [GC concurrent-mark-end, 0.0019953 secs]
2022-01-16T15:56:03.175+0800: 0.726: [GC remark 0.726: [Finalize Marking, 0.0000317 secs] 0.726: [GC ref-proc, 0.0000314 secs] 0.726: [Unloading, 0.0003865 secs], 0.0011468 secs]
 [Times: user=0.00 sys=0.00, real=0.00 secs] 
2022-01-16T15:56:03.176+0800: 0.727: [GC cleanup 381M->376M(512M), 0.0002888 secs]
 [Times: user=0.00 sys=0.00, real=0.00 secs] 
2022-01-16T15:56:03.176+0800: 0.727: [GC concurrent-cleanup-start]
2022-01-16T15:56:03.176+0800: 0.727: [GC concurrent-cleanup-end, 0.0000109 secs]
2022-01-16T15:56:03.179+0800: 0.730: [GC pause (G1 Evacuation Pause) (young), 0.0024194 secs]
   [Parallel Time: 2.2 ms, GC Workers: 4]
      [GC Worker Start (ms): Min: 730.0, Avg: 730.5, Max: 732.1, Diff: 2.2]
      [Ext Root Scanning (ms): Min: 0.0, Avg: 0.1, Max: 0.2, Diff: 0.2, Sum: 0.5]
      [Update RS (ms): Min: 0.0, Avg: 0.9, Max: 1.3, Diff: 1.3, Sum: 3.7]
         [Processed Buffers: Min: 0, Avg: 17.5, Max: 24, Diff: 24, Sum: 70]
      [Scan RS (ms): Min: 0.0, Avg: 0.0, Max: 0.0, Diff: 0.0, Sum: 0.0]
      [Code Root Scanning (ms): Min: 0.0, Avg: 0.0, Max: 0.0, Diff: 0.0, Sum: 0.0]
      [Object Copy (ms): Min: 0.0, Avg: 0.6, Max: 0.8, Diff: 0.8, Sum: 2.2]
      [Termination (ms): Min: 0.0, Avg: 0.0, Max: 0.1, Diff: 0.1, Sum: 0.1]
      [GC Worker Other (ms): Min: 0.0, Avg: 0.0, Max: 0.0, Diff: 0.0, Sum: 0.0]
      [GC Worker Total (ms): Min: 0.0, Avg: 1.6, Max: 2.2, Diff: 2.2, Sum: 6.6]
      [GC Worker End (ms): Min: 732.1, Avg: 732.2, Max: 732.2, Diff: 0.0]
   [Code Root Fixup: 0.0 ms]
   [Code Root Purge: 0.0 ms]
   [Clear CT: 0.0 ms]
   [Other: 0.2 ms]
      [Choose CSet: 0.0 ms]
      [Ref Proc: 0.0 ms]
      [Ref Enq: 0.0 ms]
      [Redirty Cards: 0.0 ms]
      [Humongous Reclaim: 0.0 ms]
      [Free CSet: 0.0 ms]
   [Eden: 24.0M(24.0M)->0.0B(21.0M) Survivors: 1024.0K->4096.0K Heap: 394.9M(512.0M)->374.2M(512.0M)]
 [Times: user=0.00 sys=0.00, real=0.00 secs] 
2022-01-16T15:56:03.185+0800: 0.736: [GC pause (G1 Evacuation Pause) (mixed), 0.0040833 secs]
   [Parallel Time: 3.8 ms, GC Workers: 4]
      [GC Worker Start (ms): Min: 735.9, Avg: 735.9, Max: 735.9, Diff: 0.0]
      [Ext Root Scanning (ms): Min: 0.1, Avg: 0.1, Max: 0.2, Diff: 0.0, Sum: 0.6]
      [Update RS (ms): Min: 0.5, Avg: 0.6, Max: 0.6, Diff: 0.0, Sum: 2.2]
         [Processed Buffers: Min: 8, Avg: 10.0, Max: 11, Diff: 3, Sum: 40]
      [Scan RS (ms): Min: 0.0, Avg: 0.0, Max: 0.0, Diff: 0.0, Sum: 0.1]
      [Code Root Scanning (ms): Min: 0.0, Avg: 0.0, Max: 0.0, Diff: 0.0, Sum: 0.0]
      [Object Copy (ms): Min: 2.9, Avg: 2.9, Max: 3.0, Diff: 0.1, Sum: 11.7]
      [Termination (ms): Min: 0.0, Avg: 0.1, Max: 0.1, Diff: 0.1, Sum: 0.2]
      [GC Worker Other (ms): Min: 0.0, Avg: 0.0, Max: 0.0, Diff: 0.0, Sum: 0.0]
      [GC Worker Total (ms): Min: 3.7, Avg: 3.7, Max: 3.8, Diff: 0.1, Sum: 14.9]
      [GC Worker End (ms): Min: 739.6, Avg: 739.6, Max: 739.7, Diff: 0.1]
   [Code Root Fixup: 0.0 ms]
   [Code Root Purge: 0.0 ms]
   [Clear CT: 0.0 ms]
   [Other: 0.3 ms]
      [Choose CSet: 0.0 ms]
      [Ref Proc: 0.1 ms]
      [Ref Enq: 0.0 ms]
      [Redirty Cards: 0.0 ms]
      [Humongous Reclaim: 0.0 ms]
      [Free CSet: 0.0 ms]
   [Eden: 21.0M(21.0M)->0.0B(21.0M) Survivors: 4096.0K->4096.0K Heap: 399.6M(512.0M)->367.1M(512.0M)]
 [Times: user=0.06 sys=0.00, real=0.00 secs] 
2022-01-16T15:56:03.189+0800: 0.740: [GC pause (G1 Humongous Allocation) (young) (initial-mark), 0.0008784 secs]
   [Parallel Time: 0.7 ms, GC Workers: 4]
      [GC Worker Start (ms): Min: 740.4, Avg: 740.5, Max: 740.6, Diff: 0.1]
      [Ext Root Scanning (ms): Min: 0.0, Avg: 0.2, Max: 0.7, Diff: 0.7, Sum: 1.0]
      [Update RS (ms): Min: 0.0, Avg: 0.1, Max: 0.2, Diff: 0.2, Sum: 0.4]
         [Processed Buffers: Min: 0, Avg: 1.3, Max: 2, Diff: 2, Sum: 5]
      [Scan RS (ms): Min: 0.0, Avg: 0.0, Max: 0.0, Diff: 0.0, Sum: 0.0]
      [Code Root Scanning (ms): Min: 0.0, Avg: 0.0, Max: 0.0, Diff: 0.0, Sum: 0.0]
      [Object Copy (ms): Min: 0.0, Avg: 0.3, Max: 0.4, Diff: 0.4, Sum: 1.1]
      [Termination (ms): Min: 0.0, Avg: 0.0, Max: 0.0, Diff: 0.0, Sum: 0.1]
      [GC Worker Other (ms): Min: 0.0, Avg: 0.0, Max: 0.0, Diff: 0.0, Sum: 0.0]
      [GC Worker Total (ms): Min: 0.5, Avg: 0.6, Max: 0.7, Diff: 0.2, Sum: 2.6]
      [GC Worker End (ms): Min: 741.1, Avg: 741.1, Max: 741.1, Diff: 0.0]
   [Code Root Fixup: 0.0 ms]
   [Code Root Purge: 0.0 ms]
   [Clear CT: 0.0 ms]
   [Other: 0.2 ms]
      [Choose CSet: 0.0 ms]
      [Ref Proc: 0.1 ms]
      [Ref Enq: 0.0 ms]
      [Redirty Cards: 0.0 ms]
      [Humongous Reclaim: 0.0 ms]
      [Free CSet: 0.0 ms]
   [Eden: 3072.0K(21.0M)->0.0B(24.0M) Survivors: 4096.0K->1024.0K Heap: 369.3M(512.0M)->366.9M(512.0M)]
 [Times: user=0.00 sys=0.00, real=0.00 secs] 
2022-01-16T15:56:03.190+0800: 0.741: [GC concurrent-root-region-scan-start]
2022-01-16T15:56:03.190+0800: 0.741: [GC concurrent-root-region-scan-end, 0.0001021 secs]
2022-01-16T15:56:03.190+0800: 0.741: [GC concurrent-mark-start]
2022-01-16T15:56:03.193+0800: 0.744: [GC concurrent-mark-end, 0.0022710 secs]
2022-01-16T15:56:03.193+0800: 0.744: [GC remark 0.744: [Finalize Marking, 0.0000511 secs] 0.744: [GC ref-proc, 0.0000299 secs] 0.744: [Unloading, 0.0004172 secs], 0.0014852 secs]
 [Times: user=0.00 sys=0.00, real=0.00 secs] 
2022-01-16T15:56:03.194+0800: 0.745: [GC cleanup 380M->378M(512M), 0.0002622 secs]
 [Times: user=0.00 sys=0.00, real=0.00 secs] 
2022-01-16T15:56:03.195+0800: 0.746: [GC concurrent-cleanup-start]
2022-01-16T15:56:03.195+0800: 0.746: [GC concurrent-cleanup-end, 0.0000069 secs]
2022-01-16T15:56:03.197+0800: 0.748: [GC pause (G1 Evacuation Pause) (young), 0.0025923 secs]
   [Parallel Time: 2.4 ms, GC Workers: 4]
      [GC Worker Start (ms): Min: 748.5, Avg: 749.1, Max: 750.8, Diff: 2.3]
      [Ext Root Scanning (ms): Min: 0.0, Avg: 0.1, Max: 0.1, Diff: 0.1, Sum: 0.4]
      [Update RS (ms): Min: 0.0, Avg: 1.0, Max: 1.4, Diff: 1.4, Sum: 4.0]
         [Processed Buffers: Min: 0, Avg: 18.3, Max: 26, Diff: 26, Sum: 73]
      [Scan RS (ms): Min: 0.0, Avg: 0.0, Max: 0.0, Diff: 0.0, Sum: 0.0]
      [Code Root Scanning (ms): Min: 0.0, Avg: 0.0, Max: 0.0, Diff: 0.0, Sum: 0.0]
      [Object Copy (ms): Min: 0.0, Avg: 0.6, Max: 0.8, Diff: 0.8, Sum: 2.3]
      [Termination (ms): Min: 0.0, Avg: 0.1, Max: 0.1, Diff: 0.1, Sum: 0.2]
      [GC Worker Other (ms): Min: 0.0, Avg: 0.0, Max: 0.0, Diff: 0.0, Sum: 0.0]
      [GC Worker Total (ms): Min: 0.0, Avg: 1.7, Max: 2.4, Diff: 2.3, Sum: 7.0]
      [GC Worker End (ms): Min: 750.8, Avg: 750.8, Max: 750.9, Diff: 0.1]
   [Code Root Fixup: 0.0 ms]
   [Code Root Purge: 0.0 ms]
   [Clear CT: 0.0 ms]
   [Other: 0.2 ms]
      [Choose CSet: 0.0 ms]
      [Ref Proc: 0.1 ms]
      [Ref Enq: 0.0 ms]
      [Redirty Cards: 0.0 ms]
      [Humongous Reclaim: 0.0 ms]
      [Free CSet: 0.0 ms]
   [Eden: 24.0M(24.0M)->0.0B(21.0M) Survivors: 1024.0K->4096.0K Heap: 397.7M(512.0M)->375.6M(512.0M)]
 [Times: user=0.00 sys=0.00, real=0.00 secs] 
2022-01-16T15:56:03.204+0800: 0.755: [GC pause (G1 Evacuation Pause) (mixed), 0.0036680 secs]
   [Parallel Time: 3.4 ms, GC Workers: 4]
      [GC Worker Start (ms): Min: 755.0, Avg: 755.2, Max: 755.7, Diff: 0.7]
      [Ext Root Scanning (ms): Min: 0.0, Avg: 0.1, Max: 0.2, Diff: 0.2, Sum: 0.4]
      [Update RS (ms): Min: 0.0, Avg: 0.4, Max: 0.5, Diff: 0.5, Sum: 1.6]
         [Processed Buffers: Min: 0, Avg: 7.5, Max: 10, Diff: 10, Sum: 30]
      [Scan RS (ms): Min: 0.0, Avg: 0.0, Max: 0.0, Diff: 0.0, Sum: 0.1]
      [Code Root Scanning (ms): Min: 0.0, Avg: 0.0, Max: 0.0, Diff: 0.0, Sum: 0.0]
      [Object Copy (ms): Min: 2.5, Avg: 2.5, Max: 2.5, Diff: 0.1, Sum: 9.9]
      [Termination (ms): Min: 0.0, Avg: 0.1, Max: 0.2, Diff: 0.2, Sum: 0.5]
      [GC Worker Other (ms): Min: 0.0, Avg: 0.0, Max: 0.0, Diff: 0.0, Sum: 0.0]
      [GC Worker Total (ms): Min: 2.5, Avg: 3.1, Max: 3.4, Diff: 0.9, Sum: 12.5]
      [GC Worker End (ms): Min: 758.2, Avg: 758.3, Max: 758.4, Diff: 0.2]
   [Code Root Fixup: 0.0 ms]
   [Code Root Purge: 0.0 ms]
   [Clear CT: 0.0 ms]
   [Other: 0.2 ms]
      [Choose CSet: 0.0 ms]
      [Ref Proc: 0.0 ms]
      [Ref Enq: 0.0 ms]
      [Redirty Cards: 0.0 ms]
      [Humongous Reclaim: 0.0 ms]
      [Free CSet: 0.0 ms]
   [Eden: 21.0M(21.0M)->0.0B(21.0M) Survivors: 4096.0K->4096.0K Heap: 399.8M(512.0M)->373.3M(512.0M)]
 [Times: user=0.00 sys=0.00, real=0.00 secs] 
2022-01-16T15:56:03.208+0800: 0.759: [GC pause (G1 Humongous Allocation) (young) (initial-mark), 0.0008916 secs]
   [Parallel Time: 0.8 ms, GC Workers: 4]
      [GC Worker Start (ms): Min: 759.0, Avg: 759.0, Max: 759.0, Diff: 0.0]
      [Ext Root Scanning (ms): Min: 0.1, Avg: 0.1, Max: 0.1, Diff: 0.0, Sum: 0.5]
      [Update RS (ms): Min: 0.1, Avg: 0.1, Max: 0.2, Diff: 0.1, Sum: 0.5]
         [Processed Buffers: Min: 1, Avg: 1.3, Max: 2, Diff: 1, Sum: 5]
      [Scan RS (ms): Min: 0.0, Avg: 0.0, Max: 0.0, Diff: 0.0, Sum: 0.0]
      [Code Root Scanning (ms): Min: 0.0, Avg: 0.0, Max: 0.0, Diff: 0.0, Sum: 0.0]
      [Object Copy (ms): Min: 0.3, Avg: 0.3, Max: 0.4, Diff: 0.1, Sum: 1.4]
      [Termination (ms): Min: 0.0, Avg: 0.1, Max: 0.1, Diff: 0.1, Sum: 0.4]
      [GC Worker Other (ms): Min: 0.0, Avg: 0.0, Max: 0.0, Diff: 0.0, Sum: 0.0]
      [GC Worker Total (ms): Min: 0.6, Avg: 0.7, Max: 0.7, Diff: 0.1, Sum: 2.8]
      [GC Worker End (ms): Min: 759.6, Avg: 759.7, Max: 759.7, Diff: 0.1]
   [Code Root Fixup: 0.0 ms]
   [Code Root Purge: 0.0 ms]
   [Clear CT: 0.0 ms]
   [Other: 0.1 ms]
      [Choose CSet: 0.0 ms]
      [Ref Proc: 0.0 ms]
      [Ref Enq: 0.0 ms]
      [Redirty Cards: 0.0 ms]
      [Humongous Reclaim: 0.0 ms]
      [Free CSet: 0.0 ms]
   [Eden: 2048.0K(21.0M)->0.0B(24.0M) Survivors: 4096.0K->1024.0K Heap: 374.7M(512.0M)->374.4M(512.0M)]
 [Times: user=0.00 sys=0.00, real=0.00 secs] 
2022-01-16T15:56:03.209+0800: 0.760: [GC concurrent-root-region-scan-start]
2022-01-16T15:56:03.209+0800: 0.760: [GC concurrent-root-region-scan-end, 0.0000128 secs]
2022-01-16T15:56:03.209+0800: 0.760: [GC concurrent-mark-start]
2022-01-16T15:56:03.211+0800: 0.762: [GC concurrent-mark-end, 0.0022619 secs]
2022-01-16T15:56:03.211+0800: 0.762: [GC remark 0.762: [Finalize Marking, 0.0000551 secs] 0.762: [GC ref-proc, 0.0000310 secs] 0.762: [Unloading, 0.0003847 secs], 0.0012026 secs]
 [Times: user=0.00 sys=0.00, real=0.00 secs] 
2022-01-16T15:56:03.212+0800: 0.764: [GC cleanup 395M->387M(512M), 0.0003019 secs]
 [Times: user=0.00 sys=0.00, real=0.00 secs] 
2022-01-16T15:56:03.213+0800: 0.764: [GC concurrent-cleanup-start]
2022-01-16T15:56:03.213+0800: 0.764: [GC concurrent-cleanup-end, 0.0000233 secs]
2022-01-16T15:56:03.215+0800: 0.766: [GC pause (G1 Evacuation Pause) (young), 0.0020927 secs]
   [Parallel Time: 1.9 ms, GC Workers: 4]
      [GC Worker Start (ms): Min: 766.0, Avg: 766.0, Max: 766.0, Diff: 0.0]
      [Ext Root Scanning (ms): Min: 0.1, Avg: 0.1, Max: 0.1, Diff: 0.0, Sum: 0.5]
      [Update RS (ms): Min: 0.8, Avg: 0.8, Max: 0.8, Diff: 0.0, Sum: 3.1]
         [Processed Buffers: Min: 12, Avg: 14.3, Max: 16, Diff: 4, Sum: 57]
      [Scan RS (ms): Min: 0.0, Avg: 0.0, Max: 0.0, Diff: 0.0, Sum: 0.0]
      [Code Root Scanning (ms): Min: 0.0, Avg: 0.0, Max: 0.0, Diff: 0.0, Sum: 0.0]
      [Object Copy (ms): Min: 0.9, Avg: 0.9, Max: 0.9, Diff: 0.0, Sum: 3.5]
      [Termination (ms): Min: 0.0, Avg: 0.0, Max: 0.1, Diff: 0.1, Sum: 0.2]
      [GC Worker Other (ms): Min: 0.0, Avg: 0.0, Max: 0.0, Diff: 0.0, Sum: 0.0]
      [GC Worker Total (ms): Min: 1.8, Avg: 1.8, Max: 1.9, Diff: 0.0, Sum: 7.3]
      [GC Worker End (ms): Min: 767.8, Avg: 767.9, Max: 767.9, Diff: 0.0]
   [Code Root Fixup: 0.0 ms]
   [Code Root Purge: 0.0 ms]
   [Clear CT: 0.0 ms]
   [Other: 0.2 ms]
      [Choose CSet: 0.0 ms]
      [Ref Proc: 0.1 ms]
      [Ref Enq: 0.0 ms]
      [Redirty Cards: 0.0 ms]
      [Humongous Reclaim: 0.0 ms]
      [Free CSet: 0.0 ms]
   [Eden: 24.0M(24.0M)->0.0B(21.0M) Survivors: 1024.0K->4096.0K Heap: 397.7M(512.0M)->379.4M(512.0M)]
 [Times: user=0.00 sys=0.00, real=0.00 secs] 
2022-01-16T15:56:03.221+0800: 0.772: [GC pause (G1 Evacuation Pause) (mixed) (to-space exhausted), 0.0057231 secs]
   [Parallel Time: 5.4 ms, GC Workers: 4]
      [GC Worker Start (ms): Min: 772.4, Avg: 773.0, Max: 774.7, Diff: 2.2]
      [Ext Root Scanning (ms): Min: 0.0, Avg: 0.1, Max: 0.2, Diff: 0.2, Sum: 0.5]
      [Update RS (ms): Min: 0.0, Avg: 1.5, Max: 2.0, Diff: 2.0, Sum: 5.9]
         [Processed Buffers: Min: 0, Avg: 26.3, Max: 40, Diff: 40, Sum: 105]
      [Scan RS (ms): Min: 0.0, Avg: 0.0, Max: 0.0, Diff: 0.0, Sum: 0.1]
      [Code Root Scanning (ms): Min: 0.0, Avg: 0.0, Max: 0.0, Diff: 0.0, Sum: 0.0]
      [Object Copy (ms): Min: 3.1, Avg: 3.1, Max: 3.1, Diff: 0.1, Sum: 12.4]
      [Termination (ms): Min: 0.0, Avg: 0.1, Max: 0.1, Diff: 0.1, Sum: 0.3]
      [GC Worker Other (ms): Min: 0.0, Avg: 0.0, Max: 0.0, Diff: 0.0, Sum: 0.0]
      [GC Worker Total (ms): Min: 3.2, Avg: 4.8, Max: 5.4, Diff: 2.2, Sum: 19.3]
      [GC Worker End (ms): Min: 777.8, Avg: 777.8, Max: 777.9, Diff: 0.1]
   [Code Root Fixup: 0.0 ms]
   [Code Root Purge: 0.0 ms]
   [Clear CT: 0.0 ms]
   [Other: 0.3 ms]
      [Evacuation Failure: 0.0 ms]
      [Choose CSet: 0.0 ms]
      [Ref Proc: 0.0 ms]
      [Ref Enq: 0.0 ms]
      [Redirty Cards: 0.0 ms]
      [Humongous Reclaim: 0.0 ms]
      [Free CSet: 0.0 ms]
   [Eden: 21.0M(21.0M)->0.0B(21.0M) Survivors: 4096.0K->4096.0K Heap: 412.9M(512.0M)->382.4M(512.0M)]
 [Times: user=0.00 sys=0.00, real=0.01 secs] 
2022-01-16T15:56:03.229+0800: 0.780: [GC pause (G1 Humongous Allocation) (young) (initial-mark), 0.0011796 secs]
   [Parallel Time: 1.0 ms, GC Workers: 4]
      [GC Worker Start (ms): Min: 780.1, Avg: 780.1, Max: 780.2, Diff: 0.2]
      [Ext Root Scanning (ms): Min: 0.0, Avg: 0.1, Max: 0.2, Diff: 0.2, Sum: 0.6]
      [Update RS (ms): Min: 0.1, Avg: 0.1, Max: 0.2, Diff: 0.1, Sum: 0.5]
         [Processed Buffers: Min: 1, Avg: 2.0, Max: 4, Diff: 3, Sum: 8]
      [Scan RS (ms): Min: 0.0, Avg: 0.0, Max: 0.0, Diff: 0.0, Sum: 0.0]
      [Code Root Scanning (ms): Min: 0.0, Avg: 0.0, Max: 0.0, Diff: 0.0, Sum: 0.0]
      [Object Copy (ms): Min: 0.5, Avg: 0.6, Max: 0.6, Diff: 0.1, Sum: 2.4]
      [Termination (ms): Min: 0.0, Avg: 0.1, Max: 0.1, Diff: 0.1, Sum: 0.2]
      [GC Worker Other (ms): Min: 0.0, Avg: 0.0, Max: 0.0, Diff: 0.0, Sum: 0.0]
      [GC Worker Total (ms): Min: 0.8, Avg: 0.9, Max: 1.0, Diff: 0.2, Sum: 3.7]
      [GC Worker End (ms): Min: 781.0, Avg: 781.0, Max: 781.0, Diff: 0.0]
   [Code Root Fixup: 0.0 ms]
   [Code Root Purge: 0.0 ms]
   [Clear CT: 0.0 ms]
   [Other: 0.2 ms]
      [Choose CSet: 0.0 ms]
      [Ref Proc: 0.0 ms]
      [Ref Enq: 0.0 ms]
      [Redirty Cards: 0.0 ms]
      [Humongous Reclaim: 0.0 ms]
      [Free CSet: 0.0 ms]
   [Eden: 9216.0K(21.0M)->0.0B(22.0M) Survivors: 4096.0K->3072.0K Heap: 391.0M(512.0M)->384.7M(512.0M)]
 [Times: user=0.00 sys=0.00, real=0.00 secs] 
2022-01-16T15:56:03.230+0800: 0.781: [GC concurrent-root-region-scan-start]
2022-01-16T15:56:03.230+0800: 0.781: [GC concurrent-root-region-scan-end, 0.0000882 secs]
2022-01-16T15:56:03.230+0800: 0.781: [GC concurrent-mark-start]
2022-01-16T15:56:03.232+0800: 0.784: [GC concurrent-mark-end, 0.0021835 secs]
2022-01-16T15:56:03.233+0800: 0.784: [GC remark 0.784: [Finalize Marking, 0.0000926 secs] 0.784: [GC ref-proc, 0.0000317 secs] 0.784: [Unloading, 0.0003701 secs], 0.0012956 secs]
 [Times: user=0.00 sys=0.00, real=0.00 secs] 
2022-01-16T15:56:03.234+0800: 0.785: [GC cleanup 402M->392M(512M), 0.0003202 secs]
 [Times: user=0.00 sys=0.00, real=0.00 secs] 
2022-01-16T15:56:03.234+0800: 0.785: [GC concurrent-cleanup-start]
2022-01-16T15:56:03.234+0800: 0.785: [GC concurrent-cleanup-end, 0.0000146 secs]
2022-01-16T15:56:03.237+0800: 0.788: [GC pause (G1 Evacuation Pause) (young), 0.0022079 secs]
   [Parallel Time: 2.0 ms, GC Workers: 4]
      [GC Worker Start (ms): Min: 787.7, Avg: 787.7, Max: 787.7, Diff: 0.0]
      [Ext Root Scanning (ms): Min: 0.1, Avg: 0.1, Max: 0.1, Diff: 0.0, Sum: 0.5]
      [Update RS (ms): Min: 1.0, Avg: 1.0, Max: 1.0, Diff: 0.0, Sum: 4.1]
         [Processed Buffers: Min: 17, Avg: 18.5, Max: 20, Diff: 3, Sum: 74]
      [Scan RS (ms): Min: 0.0, Avg: 0.0, Max: 0.0, Diff: 0.0, Sum: 0.0]
      [Code Root Scanning (ms): Min: 0.0, Avg: 0.0, Max: 0.0, Diff: 0.0, Sum: 0.0]
      [Object Copy (ms): Min: 0.7, Avg: 0.8, Max: 0.8, Diff: 0.0, Sum: 3.0]
      [Termination (ms): Min: 0.0, Avg: 0.0, Max: 0.0, Diff: 0.0, Sum: 0.1]
      [GC Worker Other (ms): Min: 0.0, Avg: 0.0, Max: 0.0, Diff: 0.0, Sum: 0.0]
      [GC Worker Total (ms): Min: 1.9, Avg: 1.9, Max: 2.0, Diff: 0.0, Sum: 7.7]
      [GC Worker End (ms): Min: 789.6, Avg: 789.6, Max: 789.7, Diff: 0.0]
   [Code Root Fixup: 0.0 ms]
   [Code Root Purge: 0.0 ms]
   [Clear CT: 0.0 ms]
   [Other: 0.2 ms]
      [Choose CSet: 0.0 ms]
      [Ref Proc: 0.0 ms]
      [Ref Enq: 0.0 ms]
      [Redirty Cards: 0.0 ms]
      [Humongous Reclaim: 0.0 ms]
      [Free CSet: 0.0 ms]
   [Eden: 22.0M(22.0M)->0.0B(21.0M) Survivors: 3072.0K->4096.0K Heap: 405.8M(512.0M)->384.6M(512.0M)]
 [Times: user=0.00 sys=0.00, real=0.00 secs] 
2022-01-16T15:56:03.243+0800: 0.794: [GC pause (G1 Evacuation Pause) (mixed) (to-space exhausted), 0.0054959 secs]
   [Parallel Time: 5.2 ms, GC Workers: 4]
      [GC Worker Start (ms): Min: 793.9, Avg: 795.2, Max: 799.0, Diff: 5.1]
      [Ext Root Scanning (ms): Min: 0.0, Avg: 0.1, Max: 0.1, Diff: 0.1, Sum: 0.4]
      [Update RS (ms): Min: 0.0, Avg: 0.7, Max: 0.9, Diff: 0.9, Sum: 2.7]
         [Processed Buffers: Min: 0, Avg: 12.5, Max: 18, Diff: 18, Sum: 50]
      [Scan RS (ms): Min: 0.0, Avg: 0.0, Max: 0.1, Diff: 0.1, Sum: 0.2]
      [Code Root Scanning (ms): Min: 0.0, Avg: 0.0, Max: 0.0, Diff: 0.0, Sum: 0.0]
      [Object Copy (ms): Min: 0.0, Avg: 3.0, Max: 4.0, Diff: 4.0, Sum: 11.9]
      [Termination (ms): Min: 0.0, Avg: 0.0, Max: 0.1, Diff: 0.1, Sum: 0.2]
      [GC Worker Other (ms): Min: 0.0, Avg: 0.0, Max: 0.0, Diff: 0.0, Sum: 0.0]
      [GC Worker Total (ms): Min: 0.0, Avg: 3.8, Max: 5.2, Diff: 5.2, Sum: 15.4]
      [GC Worker End (ms): Min: 799.0, Avg: 799.1, Max: 799.1, Diff: 0.0]
   [Code Root Fixup: 0.0 ms]
   [Code Root Purge: 0.0 ms]
   [Clear CT: 0.0 ms]
   [Other: 0.3 ms]
      [Evacuation Failure: 0.0 ms]
      [Choose CSet: 0.0 ms]
      [Ref Proc: 0.0 ms]
      [Ref Enq: 0.0 ms]
      [Redirty Cards: 0.0 ms]
      [Humongous Reclaim: 0.0 ms]
      [Free CSet: 0.0 ms]
   [Eden: 21.0M(21.0M)->0.0B(21.0M) Survivors: 4096.0K->4096.0K Heap: 411.3M(512.0M)->379.9M(512.0M)]
 [Times: user=0.00 sys=0.00, real=0.00 secs] 
2022-01-16T15:56:03.249+0800: 0.800: [GC pause (G1 Humongous Allocation) (young) (initial-mark), 0.0009889 secs]
   [Parallel Time: 0.8 ms, GC Workers: 4]
      [GC Worker Start (ms): Min: 800.1, Avg: 800.1, Max: 800.1, Diff: 0.0]
      [Ext Root Scanning (ms): Min: 0.1, Avg: 0.1, Max: 0.2, Diff: 0.0, Sum: 0.6]
      [Update RS (ms): Min: 0.1, Avg: 0.2, Max: 0.3, Diff: 0.2, Sum: 0.6]
         [Processed Buffers: Min: 1, Avg: 1.8, Max: 3, Diff: 2, Sum: 7]
      [Scan RS (ms): Min: 0.0, Avg: 0.0, Max: 0.0, Diff: 0.0, Sum: 0.0]
      [Code Root Scanning (ms): Min: 0.0, Avg: 0.0, Max: 0.0, Diff: 0.0, Sum: 0.0]
      [Object Copy (ms): Min: 0.3, Avg: 0.4, Max: 0.5, Diff: 0.2, Sum: 1.5]
      [Termination (ms): Min: 0.0, Avg: 0.0, Max: 0.1, Diff: 0.1, Sum: 0.2]
      [GC Worker Other (ms): Min: 0.0, Avg: 0.0, Max: 0.0, Diff: 0.0, Sum: 0.0]
      [GC Worker Total (ms): Min: 0.7, Avg: 0.7, Max: 0.8, Diff: 0.1, Sum: 2.9]
      [GC Worker End (ms): Min: 800.8, Avg: 800.8, Max: 800.9, Diff: 0.1]
   [Code Root Fixup: 0.0 ms]
   [Code Root Purge: 0.0 ms]
   [Clear CT: 0.0 ms]
   [Other: 0.1 ms]
      [Choose CSet: 0.0 ms]
      [Ref Proc: 0.0 ms]
      [Ref Enq: 0.0 ms]
      [Redirty Cards: 0.0 ms]
      [Humongous Reclaim: 0.0 ms]
      [Free CSet: 0.0 ms]
   [Eden: 3072.0K(21.0M)->0.0B(24.0M) Survivors: 4096.0K->1024.0K Heap: 382.3M(512.0M)->379.9M(512.0M)]
 [Times: user=0.00 sys=0.00, real=0.00 secs] 
2022-01-16T15:56:03.250+0800: 0.801: [GC concurrent-root-region-scan-start]
2022-01-16T15:56:03.250+0800: 0.801: [GC concurrent-root-region-scan-end, 0.0000824 secs]
2022-01-16T15:56:03.250+0800: 0.801: [GC concurrent-mark-start]
2022-01-16T15:56:03.252+0800: 0.803: [GC concurrent-mark-end, 0.0022159 secs]
2022-01-16T15:56:03.252+0800: 0.803: [GC remark 0.804: [Finalize Marking, 0.0000693 secs] 0.804: [GC ref-proc, 0.0000303 secs] 0.804: [Unloading, 0.0004219 secs], 0.0012321 secs]
 [Times: user=0.00 sys=0.00, real=0.00 secs] 
2022-01-16T15:56:03.254+0800: 0.805: [GC cleanup 400M->392M(512M), 0.0002779 secs]
 [Times: user=0.00 sys=0.00, real=0.00 secs] 
2022-01-16T15:56:03.254+0800: 0.805: [GC concurrent-cleanup-start]
2022-01-16T15:56:03.254+0800: 0.805: [GC concurrent-cleanup-end, 0.0000109 secs]
2022-01-16T15:56:03.256+0800: 0.807: [GC pause (G1 Evacuation Pause) (young), 0.0027359 secs]
   [Parallel Time: 2.5 ms, GC Workers: 4]
      [GC Worker Start (ms): Min: 807.2, Avg: 807.8, Max: 809.5, Diff: 2.4]
      [Ext Root Scanning (ms): Min: 0.0, Avg: 0.1, Max: 0.1, Diff: 0.1, Sum: 0.4]
      [Update RS (ms): Min: 0.0, Avg: 1.0, Max: 1.4, Diff: 1.4, Sum: 4.1]
         [Processed Buffers: Min: 0, Avg: 19.0, Max: 27, Diff: 27, Sum: 76]
      [Scan RS (ms): Min: 0.0, Avg: 0.0, Max: 0.0, Diff: 0.0, Sum: 0.0]
      [Code Root Scanning (ms): Min: 0.0, Avg: 0.0, Max: 0.0, Diff: 0.0, Sum: 0.0]
      [Object Copy (ms): Min: 0.0, Avg: 0.6, Max: 0.8, Diff: 0.8, Sum: 2.5]
      [Termination (ms): Min: 0.0, Avg: 0.1, Max: 0.2, Diff: 0.2, Sum: 0.3]
      [GC Worker Other (ms): Min: 0.0, Avg: 0.0, Max: 0.0, Diff: 0.0, Sum: 0.0]
      [GC Worker Total (ms): Min: 0.0, Avg: 1.8, Max: 2.5, Diff: 2.5, Sum: 7.3]
      [GC Worker End (ms): Min: 809.5, Avg: 809.6, Max: 809.7, Diff: 0.1]
   [Code Root Fixup: 0.0 ms]
   [Code Root Purge: 0.0 ms]
   [Clear CT: 0.0 ms]
   [Other: 0.2 ms]
      [Choose CSet: 0.0 ms]
      [Ref Proc: 0.0 ms]
      [Ref Enq: 0.0 ms]
      [Redirty Cards: 0.0 ms]
      [Humongous Reclaim: 0.0 ms]
      [Free CSet: 0.0 ms]
   [Eden: 24.0M(24.0M)->0.0B(21.0M) Survivors: 1024.0K->4096.0K Heap: 405.5M(512.0M)->386.0M(512.0M)]
 [Times: user=0.00 sys=0.00, real=0.00 secs] 
2022-01-16T15:56:03.263+0800: 0.814: [GC pause (G1 Evacuation Pause) (mixed) (to-space exhausted), 0.0050685 secs]
   [Parallel Time: 4.8 ms, GC Workers: 4]
      [GC Worker Start (ms): Min: 813.9, Avg: 815.1, Max: 818.6, Diff: 4.7]
      [Ext Root Scanning (ms): Min: 0.0, Avg: 0.1, Max: 0.1, Diff: 0.1, Sum: 0.4]
      [Update RS (ms): Min: 0.0, Avg: 0.8, Max: 1.0, Diff: 1.0, Sum: 3.0]
         [Processed Buffers: Min: 0, Avg: 14.8, Max: 20, Diff: 20, Sum: 59]
      [Scan RS (ms): Min: 0.0, Avg: 0.0, Max: 0.0, Diff: 0.0, Sum: 0.1]
      [Code Root Scanning (ms): Min: 0.0, Avg: 0.0, Max: 0.0, Diff: 0.0, Sum: 0.0]
      [Object Copy (ms): Min: 0.0, Avg: 2.6, Max: 3.4, Diff: 3.4, Sum: 10.3]
      [Termination (ms): Min: 0.0, Avg: 0.1, Max: 0.1, Diff: 0.1, Sum: 0.2]
      [GC Worker Other (ms): Min: 0.0, Avg: 0.0, Max: 0.0, Diff: 0.0, Sum: 0.0]
      [GC Worker Total (ms): Min: 0.0, Avg: 3.5, Max: 4.7, Diff: 4.7, Sum: 14.1]
      [GC Worker End (ms): Min: 818.6, Avg: 818.6, Max: 818.7, Diff: 0.1]
   [Code Root Fixup: 0.0 ms]
   [Code Root Purge: 0.0 ms]
   [Clear CT: 0.0 ms]
   [Other: 0.3 ms]
      [Evacuation Failure: 0.1 ms]
      [Choose CSet: 0.0 ms]
      [Ref Proc: 0.0 ms]
      [Ref Enq: 0.0 ms]
      [Redirty Cards: 0.0 ms]
      [Humongous Reclaim: 0.0 ms]
      [Free CSet: 0.0 ms]
   [Eden: 21.0M(21.0M)->0.0B(21.0M) Survivors: 4096.0K->4096.0K Heap: 413.8M(512.0M)->390.5M(512.0M)]
 [Times: user=0.05 sys=0.00, real=0.00 secs] 
2022-01-16T15:56:03.269+0800: 0.820: [GC pause (G1 Humongous Allocation) (young) (initial-mark), 0.0010214 secs]
   [Parallel Time: 0.9 ms, GC Workers: 4]
      [GC Worker Start (ms): Min: 819.8, Avg: 819.8, Max: 819.9, Diff: 0.1]
      [Ext Root Scanning (ms): Min: 0.0, Avg: 0.1, Max: 0.2, Diff: 0.2, Sum: 0.5]
      [Update RS (ms): Min: 0.0, Avg: 0.3, Max: 0.7, Diff: 0.7, Sum: 1.1]
         [Processed Buffers: Min: 1, Avg: 1.8, Max: 4, Diff: 3, Sum: 7]
      [Scan RS (ms): Min: 0.0, Avg: 0.0, Max: 0.0, Diff: 0.0, Sum: 0.0]
      [Code Root Scanning (ms): Min: 0.0, Avg: 0.0, Max: 0.0, Diff: 0.0, Sum: 0.0]
      [Object Copy (ms): Min: 0.0, Avg: 0.4, Max: 0.6, Diff: 0.6, Sum: 1.5]
      [Termination (ms): Min: 0.0, Avg: 0.0, Max: 0.0, Diff: 0.0, Sum: 0.1]
      [GC Worker Other (ms): Min: 0.0, Avg: 0.0, Max: 0.0, Diff: 0.0, Sum: 0.0]
      [GC Worker Total (ms): Min: 0.7, Avg: 0.8, Max: 0.8, Diff: 0.1, Sum: 3.2]
      [GC Worker End (ms): Min: 820.6, Avg: 820.6, Max: 820.6, Diff: 0.0]
   [Code Root Fixup: 0.0 ms]
   [Code Root Purge: 0.0 ms]
   [Clear CT: 0.0 ms]
   [Other: 0.1 ms]
      [Choose CSet: 0.0 ms]
      [Ref Proc: 0.0 ms]
      [Ref Enq: 0.0 ms]
      [Redirty Cards: 0.0 ms]
      [Humongous Reclaim: 0.0 ms]
      [Free CSet: 0.0 ms]
   [Eden: 5120.0K(21.0M)->0.0B(23.0M) Survivors: 4096.0K->2048.0K Heap: 394.9M(512.0M)->392.1M(512.0M)]
 [Times: user=0.00 sys=0.00, real=0.00 secs] 
2022-01-16T15:56:03.270+0800: 0.821: [GC concurrent-root-region-scan-start]
2022-01-16T15:56:03.270+0800: 0.821: [GC concurrent-root-region-scan-end, 0.0000758 secs]
2022-01-16T15:56:03.270+0800: 0.821: [GC concurrent-mark-start]
2022-01-16T15:56:03.272+0800: 0.823: [GC concurrent-mark-end, 0.0021062 secs]
2022-01-16T15:56:03.272+0800: 0.823: [GC remark 0.823: [Finalize Marking, 0.0000430 secs] 0.823: [GC ref-proc, 0.0000303 secs] 0.823: [Unloading, 0.0004562 secs], 0.0012398 secs]
 [Times: user=0.00 sys=0.00, real=0.00 secs] 
2022-01-16T15:56:03.273+0800: 0.824: [GC cleanup 411M->405M(512M), 0.0002968 secs]
 [Times: user=0.00 sys=0.00, real=0.00 secs] 
2022-01-16T15:56:03.274+0800: 0.825: [GC concurrent-cleanup-start]
2022-01-16T15:56:03.274+0800: 0.825: [GC concurrent-cleanup-end, 0.0000113 secs]
2022-01-16T15:56:03.276+0800: 0.827: [GC pause (G1 Evacuation Pause) (young), 0.0024468 secs]
   [Parallel Time: 2.2 ms, GC Workers: 4]
      [GC Worker Start (ms): Min: 826.8, Avg: 826.8, Max: 826.8, Diff: 0.0]
      [Ext Root Scanning (ms): Min: 0.1, Avg: 0.6, Max: 2.1, Diff: 2.0, Sum: 2.6]
      [Update RS (ms): Min: 0.0, Avg: 0.7, Max: 1.0, Diff: 1.0, Sum: 2.9]
         [Processed Buffers: Min: 0, Avg: 14.0, Max: 19, Diff: 19, Sum: 56]
      [Scan RS (ms): Min: 0.0, Avg: 0.0, Max: 0.0, Diff: 0.0, Sum: 0.0]
      [Code Root Scanning (ms): Min: 0.0, Avg: 0.0, Max: 0.0, Diff: 0.0, Sum: 0.0]
      [Object Copy (ms): Min: 0.0, Avg: 0.8, Max: 1.1, Diff: 1.1, Sum: 3.0]
      [Termination (ms): Min: 0.0, Avg: 0.1, Max: 0.1, Diff: 0.1, Sum: 0.4]
      [GC Worker Other (ms): Min: 0.0, Avg: 0.0, Max: 0.0, Diff: 0.0, Sum: 0.0]
      [GC Worker Total (ms): Min: 2.2, Avg: 2.2, Max: 2.2, Diff: 0.0, Sum: 8.9]
      [GC Worker End (ms): Min: 829.0, Avg: 829.0, Max: 829.0, Diff: 0.0]
   [Code Root Fixup: 0.0 ms]
   [Code Root Purge: 0.0 ms]
   [Clear CT: 0.0 ms]
   [Other: 0.2 ms]
      [Choose CSet: 0.0 ms]
      [Ref Proc: 0.1 ms]
      [Ref Enq: 0.0 ms]
      [Redirty Cards: 0.0 ms]
      [Humongous Reclaim: 0.0 ms]
      [Free CSet: 0.0 ms]
   [Eden: 23.0M(23.0M)->0.0B(21.0M) Survivors: 2048.0K->4096.0K Heap: 416.0M(512.0M)->398.8M(512.0M)]
 [Times: user=0.00 sys=0.00, real=0.00 secs] 
2022-01-16T15:56:03.283+0800: 0.834: [GC pause (G1 Evacuation Pause) (mixed) (to-space exhausted), 0.0034860 secs]
   [Parallel Time: 3.1 ms, GC Workers: 4]
      [GC Worker Start (ms): Min: 833.7, Avg: 833.9, Max: 834.4, Diff: 0.6]
      [Ext Root Scanning (ms): Min: 0.0, Avg: 0.1, Max: 0.2, Diff: 0.2, Sum: 0.5]
      [Update RS (ms): Min: 0.0, Avg: 0.3, Max: 0.4, Diff: 0.4, Sum: 1.2]
         [Processed Buffers: Min: 0, Avg: 5.0, Max: 7, Diff: 7, Sum: 20]
      [Scan RS (ms): Min: 0.0, Avg: 0.0, Max: 0.0, Diff: 0.0, Sum: 0.1]
      [Code Root Scanning (ms): Min: 0.0, Avg: 0.0, Max: 0.0, Diff: 0.0, Sum: 0.0]
      [Object Copy (ms): Min: 2.4, Avg: 2.4, Max: 2.4, Diff: 0.0, Sum: 9.6]
      [Termination (ms): Min: 0.0, Avg: 0.0, Max: 0.0, Diff: 0.0, Sum: 0.0]
      [GC Worker Other (ms): Min: 0.0, Avg: 0.0, Max: 0.0, Diff: 0.0, Sum: 0.0]
      [GC Worker Total (ms): Min: 2.4, Avg: 2.9, Max: 3.0, Diff: 0.6, Sum: 11.5]
      [GC Worker End (ms): Min: 836.7, Avg: 836.7, Max: 836.7, Diff: 0.0]
   [Code Root Fixup: 0.0 ms]
   [Code Root Purge: 0.0 ms]
   [Clear CT: 0.0 ms]
   [Other: 0.4 ms]
      [Evacuation Failure: 0.1 ms]
      [Choose CSet: 0.0 ms]
      [Ref Proc: 0.1 ms]
      [Ref Enq: 0.0 ms]
      [Redirty Cards: 0.0 ms]
      [Humongous Reclaim: 0.0 ms]
      [Free CSet: 0.0 ms]
   [Eden: 21.0M(21.0M)->0.0B(21.0M) Survivors: 4096.0K->4096.0K Heap: 421.8M(512.0M)->402.2M(512.0M)]
 [Times: user=0.00 sys=0.00, real=0.00 secs] 
2022-01-16T15:56:03.287+0800: 0.838: [GC pause (G1 Humongous Allocation) (young) (initial-mark), 0.0008602 secs]
   [Parallel Time: 0.7 ms, GC Workers: 4]
      [GC Worker Start (ms): Min: 837.9, Avg: 837.9, Max: 837.9, Diff: 0.0]
      [Ext Root Scanning (ms): Min: 0.1, Avg: 0.1, Max: 0.1, Diff: 0.0, Sum: 0.6]
      [Update RS (ms): Min: 0.1, Avg: 0.1, Max: 0.2, Diff: 0.1, Sum: 0.4]
         [Processed Buffers: Min: 1, Avg: 2.0, Max: 3, Diff: 2, Sum: 8]
      [Scan RS (ms): Min: 0.0, Avg: 0.0, Max: 0.0, Diff: 0.0, Sum: 0.0]
      [Code Root Scanning (ms): Min: 0.0, Avg: 0.0, Max: 0.0, Diff: 0.0, Sum: 0.0]
      [Object Copy (ms): Min: 0.3, Avg: 0.4, Max: 0.4, Diff: 0.2, Sum: 1.5]
      [Termination (ms): Min: 0.0, Avg: 0.0, Max: 0.1, Diff: 0.1, Sum: 0.1]
      [GC Worker Other (ms): Min: 0.0, Avg: 0.0, Max: 0.0, Diff: 0.0, Sum: 0.0]
      [GC Worker Total (ms): Min: 0.7, Avg: 0.7, Max: 0.7, Diff: 0.0, Sum: 2.6]
      [GC Worker End (ms): Min: 838.5, Avg: 838.5, Max: 838.5, Diff: 0.0]
   [Code Root Fixup: 0.0 ms]
   [Code Root Purge: 0.0 ms]
   [Clear CT: 0.0 ms]
   [Other: 0.2 ms]
      [Choose CSet: 0.0 ms]
      [Ref Proc: 0.0 ms]
      [Ref Enq: 0.0 ms]
      [Redirty Cards: 0.1 ms]
      [Humongous Reclaim: 0.0 ms]
      [Free CSet: 0.0 ms]
   [Eden: 3072.0K(21.0M)->0.0B(24.0M) Survivors: 4096.0K->1024.0K Heap: 404.7M(512.0M)->402.4M(512.0M)]
 [Times: user=0.00 sys=0.00, real=0.00 secs] 
2022-01-16T15:56:03.288+0800: 0.839: [GC concurrent-root-region-scan-start]
2022-01-16T15:56:03.288+0800: 0.839: [GC concurrent-root-region-scan-end, 0.0000828 secs]
2022-01-16T15:56:03.288+0800: 0.839: [GC concurrent-mark-start]
2022-01-16T15:56:03.290+0800: 0.841: [GC concurrent-mark-end, 0.0020985 secs]
2022-01-16T15:56:03.290+0800: 0.841: [GC remark 0.841: [Finalize Marking, 0.0000489 secs] 0.841: [GC ref-proc, 0.0000299 secs] 0.841: [Unloading, 0.0004069 secs], 0.0011898 secs]
 [Times: user=0.00 sys=0.00, real=0.00 secs] 
2022-01-16T15:56:03.291+0800: 0.842: [GC cleanup 417M->410M(512M), 0.0003187 secs]
 [Times: user=0.00 sys=0.00, real=0.00 secs] 
2022-01-16T15:56:03.292+0800: 0.843: [GC concurrent-cleanup-start]
2022-01-16T15:56:03.292+0800: 0.843: [GC concurrent-cleanup-end, 0.0000124 secs]
2022-01-16T15:56:03.294+0800: 0.845: [GC pause (G1 Evacuation Pause) (young), 0.0023071 secs]
   [Parallel Time: 2.1 ms, GC Workers: 4]
      [GC Worker Start (ms): Min: 845.3, Avg: 845.4, Max: 845.4, Diff: 0.0]
      [Ext Root Scanning (ms): Min: 0.1, Avg: 0.1, Max: 0.1, Diff: 0.0, Sum: 0.5]
      [Update RS (ms): Min: 1.0, Avg: 1.0, Max: 1.1, Diff: 0.0, Sum: 4.1]
         [Processed Buffers: Min: 17, Avg: 18.8, Max: 20, Diff: 3, Sum: 75]
      [Scan RS (ms): Min: 0.0, Avg: 0.0, Max: 0.0, Diff: 0.0, Sum: 0.0]
      [Code Root Scanning (ms): Min: 0.0, Avg: 0.0, Max: 0.0, Diff: 0.0, Sum: 0.0]
      [Object Copy (ms): Min: 0.9, Avg: 0.9, Max: 0.9, Diff: 0.0, Sum: 3.5]
      [Termination (ms): Min: 0.0, Avg: 0.0, Max: 0.0, Diff: 0.0, Sum: 0.1]
      [GC Worker Other (ms): Min: 0.0, Avg: 0.0, Max: 0.0, Diff: 0.0, Sum: 0.0]
      [GC Worker Total (ms): Min: 2.1, Avg: 2.1, Max: 2.1, Diff: 0.0, Sum: 8.3]
      [GC Worker End (ms): Min: 847.4, Avg: 847.4, Max: 847.4, Diff: 0.0]
   [Code Root Fixup: 0.0 ms]
   [Code Root Purge: 0.0 ms]
   [Clear CT: 0.0 ms]
   [Other: 0.2 ms]
      [Choose CSet: 0.0 ms]
      [Ref Proc: 0.1 ms]
      [Ref Enq: 0.0 ms]
      [Redirty Cards: 0.0 ms]
      [Humongous Reclaim: 0.0 ms]
      [Free CSet: 0.0 ms]
   [Eden: 24.0M(24.0M)->0.0B(21.0M) Survivors: 1024.0K->4096.0K Heap: 428.2M(512.0M)->407.8M(512.0M)]
 [Times: user=0.06 sys=0.00, real=0.00 secs] 
2022-01-16T15:56:03.300+0800: 0.851: [GC pause (G1 Evacuation Pause) (mixed) (to-space exhausted), 0.0023851 secs]
   [Parallel Time: 1.9 ms, GC Workers: 4]
      [GC Worker Start (ms): Min: 851.1, Avg: 851.1, Max: 851.1, Diff: 0.0]
      [Ext Root Scanning (ms): Min: 0.1, Avg: 0.1, Max: 0.1, Diff: 0.0, Sum: 0.6]
      [Update RS (ms): Min: 0.6, Avg: 0.6, Max: 0.7, Diff: 0.0, Sum: 2.6]
         [Processed Buffers: Min: 9, Avg: 12.0, Max: 13, Diff: 4, Sum: 48]
      [Scan RS (ms): Min: 0.0, Avg: 0.0, Max: 0.0, Diff: 0.0, Sum: 0.1]
      [Code Root Scanning (ms): Min: 0.0, Avg: 0.0, Max: 0.0, Diff: 0.0, Sum: 0.0]
      [Object Copy (ms): Min: 1.1, Avg: 1.1, Max: 1.1, Diff: 0.0, Sum: 4.3]
      [Termination (ms): Min: 0.0, Avg: 0.0, Max: 0.0, Diff: 0.0, Sum: 0.0]
      [GC Worker Other (ms): Min: 0.0, Avg: 0.0, Max: 0.0, Diff: 0.0, Sum: 0.0]
      [GC Worker Total (ms): Min: 1.9, Avg: 1.9, Max: 1.9, Diff: 0.0, Sum: 7.6]
      [GC Worker End (ms): Min: 853.0, Avg: 853.0, Max: 853.0, Diff: 0.0]
   [Code Root Fixup: 0.0 ms]
   [Code Root Purge: 0.0 ms]
   [Clear CT: 0.0 ms]
   [Other: 0.4 ms]
      [Evacuation Failure: 0.1 ms]
      [Choose CSet: 0.0 ms]
      [Ref Proc: 0.1 ms]
      [Ref Enq: 0.0 ms]
      [Redirty Cards: 0.0 ms]
      [Humongous Reclaim: 0.0 ms]
      [Free CSet: 0.0 ms]
   [Eden: 21.0M(21.0M)->0.0B(21.0M) Survivors: 4096.0K->4096.0K Heap: 434.1M(512.0M)->428.0M(512.0M)]
 [Times: user=0.00 sys=0.00, real=0.00 secs] 
2022-01-16T15:56:03.305+0800: 0.856: [GC pause (G1 Evacuation Pause) (mixed) (to-space exhausted), 0.0008952 secs]
   [Parallel Time: 0.7 ms, GC Workers: 4]
      [GC Worker Start (ms): Min: 856.2, Avg: 856.2, Max: 856.2, Diff: 0.0]
      [Ext Root Scanning (ms): Min: 0.1, Avg: 0.1, Max: 0.2, Diff: 0.0, Sum: 0.6]
      [Update RS (ms): Min: 0.3, Avg: 0.3, Max: 0.3, Diff: 0.0, Sum: 1.2]
         [Processed Buffers: Min: 4, Avg: 6.5, Max: 8, Diff: 4, Sum: 26]
      [Scan RS (ms): Min: 0.0, Avg: 0.0, Max: 0.0, Diff: 0.0, Sum: 0.1]
      [Code Root Scanning (ms): Min: 0.0, Avg: 0.0, Max: 0.0, Diff: 0.0, Sum: 0.0]
      [Object Copy (ms): Min: 0.1, Avg: 0.2, Max: 0.2, Diff: 0.0, Sum: 0.7]
      [Termination (ms): Min: 0.0, Avg: 0.0, Max: 0.0, Diff: 0.0, Sum: 0.0]
      [GC Worker Other (ms): Min: 0.0, Avg: 0.0, Max: 0.0, Diff: 0.0, Sum: 0.0]
      [GC Worker Total (ms): Min: 0.6, Avg: 0.7, Max: 0.7, Diff: 0.0, Sum: 2.6]
      [GC Worker End (ms): Min: 856.9, Avg: 856.9, Max: 856.9, Diff: 0.0]
   [Code Root Fixup: 0.0 ms]
   [Code Root Purge: 0.0 ms]
   [Clear CT: 0.0 ms]
   [Other: 0.2 ms]
      [Evacuation Failure: 0.1 ms]
      [Choose CSet: 0.0 ms]
      [Ref Proc: 0.0 ms]
      [Ref Enq: 0.0 ms]
      [Redirty Cards: 0.0 ms]
      [Humongous Reclaim: 0.0 ms]
      [Free CSet: 0.0 ms]
   [Eden: 15.0M(21.0M)->0.0B(25.0M) Survivors: 4096.0K->0.0B Heap: 444.8M(512.0M)->443.3M(512.0M)]
 [Times: user=0.00 sys=0.00, real=0.00 secs] 
2022-01-16T15:56:03.306+0800: 0.857: [GC pause (G1 Humongous Allocation) (young) (initial-mark), 0.0004296 secs]
   [Parallel Time: 0.3 ms, GC Workers: 4]
      [GC Worker Start (ms): Min: 857.3, Avg: 857.3, Max: 857.3, Diff: 0.0]
      [Ext Root Scanning (ms): Min: 0.1, Avg: 0.1, Max: 0.1, Diff: 0.0, Sum: 0.5]
      [Update RS (ms): Min: 0.1, Avg: 0.1, Max: 0.2, Diff: 0.1, Sum: 0.4]
         [Processed Buffers: Min: 1, Avg: 3.3, Max: 6, Diff: 5, Sum: 13]
      [Scan RS (ms): Min: 0.0, Avg: 0.0, Max: 0.0, Diff: 0.0, Sum: 0.0]
      [Code Root Scanning (ms): Min: 0.0, Avg: 0.0, Max: 0.0, Diff: 0.0, Sum: 0.0]
      [Object Copy (ms): Min: 0.0, Avg: 0.0, Max: 0.0, Diff: 0.0, Sum: 0.1]
      [Termination (ms): Min: 0.0, Avg: 0.1, Max: 0.1, Diff: 0.1, Sum: 0.2]
      [GC Worker Other (ms): Min: 0.0, Avg: 0.0, Max: 0.0, Diff: 0.0, Sum: 0.0]
      [GC Worker Total (ms): Min: 0.3, Avg: 0.3, Max: 0.3, Diff: 0.0, Sum: 1.2]
      [GC Worker End (ms): Min: 857.6, Avg: 857.6, Max: 857.6, Diff: 0.0]
   [Code Root Fixup: 0.0 ms]
   [Code Root Purge: 0.0 ms]
   [Clear CT: 0.0 ms]
   [Other: 0.1 ms]
      [Choose CSet: 0.0 ms]
      [Ref Proc: 0.0 ms]
      [Ref Enq: 0.0 ms]
      [Redirty Cards: 0.0 ms]
      [Humongous Reclaim: 0.0 ms]
      [Free CSet: 0.0 ms]
   [Eden: 1024.0K(25.0M)->0.0B(24.0M) Survivors: 0.0B->1024.0K Heap: 443.9M(512.0M)->443.6M(512.0M)]
 [Times: user=0.00 sys=0.00, real=0.00 secs] 
2022-01-16T15:56:03.307+0800: 0.858: [GC concurrent-root-region-scan-start]
2022-01-16T15:56:03.307+0800: 0.858: [GC concurrent-root-region-scan-end, 0.0000427 secs]
2022-01-16T15:56:03.307+0800: 0.858: [GC concurrent-mark-start]
2022-01-16T15:56:03.307+0800: 0.858: [GC pause (G1 Evacuation Pause) (young) (to-space exhausted), 0.0003555 secs]
   [Parallel Time: 0.2 ms, GC Workers: 4]
      [GC Worker Start (ms): Min: 857.9, Avg: 857.9, Max: 857.9, Diff: 0.0]
      [Ext Root Scanning (ms): Min: 0.1, Avg: 0.1, Max: 0.1, Diff: 0.0, Sum: 0.5]
      [SATB Filtering (ms): Min: 0.0, Avg: 0.0, Max: 0.0, Diff: 0.0, Sum: 0.0]
      [Update RS (ms): Min: 0.1, Avg: 0.1, Max: 0.1, Diff: 0.0, Sum: 0.3]
         [Processed Buffers: Min: 1, Avg: 1.8, Max: 2, Diff: 1, Sum: 7]
      [Scan RS (ms): Min: 0.0, Avg: 0.0, Max: 0.0, Diff: 0.0, Sum: 0.0]
      [Code Root Scanning (ms): Min: 0.0, Avg: 0.0, Max: 0.0, Diff: 0.0, Sum: 0.0]
      [Object Copy (ms): Min: 0.0, Avg: 0.0, Max: 0.0, Diff: 0.0, Sum: 0.0]
      [Termination (ms): Min: 0.0, Avg: 0.0, Max: 0.0, Diff: 0.0, Sum: 0.1]
      [GC Worker Other (ms): Min: 0.0, Avg: 0.0, Max: 0.0, Diff: 0.0, Sum: 0.0]
      [GC Worker Total (ms): Min: 0.2, Avg: 0.2, Max: 0.2, Diff: 0.0, Sum: 0.8]
      [GC Worker End (ms): Min: 858.1, Avg: 858.1, Max: 858.1, Diff: 0.0]
   [Code Root Fixup: 0.0 ms]
   [Code Root Purge: 0.0 ms]
   [Clear CT: 0.0 ms]
   [Other: 0.1 ms]
      [Evacuation Failure: 0.0 ms]
      [Choose CSet: 0.0 ms]
      [Ref Proc: 0.0 ms]
      [Ref Enq: 0.0 ms]
      [Redirty Cards: 0.0 ms]
      [Humongous Reclaim: 0.0 ms]
      [Free CSet: 0.0 ms]
   [Eden: 0.0B(24.0M)->0.0B(25.0M) Survivors: 1024.0K->0.0B Heap: 444.1M(512.0M)->443.6M(512.0M)]
 [Times: user=0.00 sys=0.00, real=0.00 secs] 
2022-01-16T15:56:03.307+0800: 0.858: [GC pause (G1 Evacuation Pause) (young) (to-space exhausted), 0.0004398 secs]
   [Parallel Time: 0.3 ms, GC Workers: 4]
      [GC Worker Start (ms): Min: 858.5, Avg: 858.5, Max: 858.5, Diff: 0.0]
      [Ext Root Scanning (ms): Min: 0.1, Avg: 0.1, Max: 0.1, Diff: 0.0, Sum: 0.5]
      [SATB Filtering (ms): Min: 0.0, Avg: 0.0, Max: 0.0, Diff: 0.0, Sum: 0.0]
      [Update RS (ms): Min: 0.0, Avg: 0.0, Max: 0.0, Diff: 0.0, Sum: 0.0]
         [Processed Buffers: Min: 0, Avg: 1.5, Max: 3, Diff: 3, Sum: 6]
      [Scan RS (ms): Min: 0.0, Avg: 0.0, Max: 0.0, Diff: 0.0, Sum: 0.0]
      [Code Root Scanning (ms): Min: 0.0, Avg: 0.0, Max: 0.0, Diff: 0.0, Sum: 0.0]
      [Object Copy (ms): Min: 0.0, Avg: 0.0, Max: 0.0, Diff: 0.0, Sum: 0.0]
      [Termination (ms): Min: 0.0, Avg: 0.0, Max: 0.1, Diff: 0.1, Sum: 0.1]
      [GC Worker Other (ms): Min: 0.0, Avg: 0.0, Max: 0.0, Diff: 0.0, Sum: 0.0]
      [GC Worker Total (ms): Min: 0.2, Avg: 0.2, Max: 0.2, Diff: 0.0, Sum: 0.7]
      [GC Worker End (ms): Min: 858.6, Avg: 858.6, Max: 858.7, Diff: 0.0]
   [Code Root Fixup: 0.0 ms]
   [Code Root Purge: 0.0 ms]
   [Clear CT: 0.0 ms]
   [Other: 0.1 ms]
      [Evacuation Failure: 0.0 ms]
      [Choose CSet: 0.0 ms]
      [Ref Proc: 0.1 ms]
      [Ref Enq: 0.0 ms]
      [Redirty Cards: 0.0 ms]
      [Humongous Reclaim: 0.0 ms]
      [Free CSet: 0.0 ms]
   [Eden: 1024.0K(25.0M)->0.0B(25.0M) Survivors: 0.0B->0.0B Heap: 444.6M(512.0M)->444.6M(512.0M)]
 [Times: user=0.00 sys=0.00, real=0.00 secs] 
2022-01-16T15:56:03.308+0800: 0.859: [Full GC (Allocation Failure)  444M->322M(512M), 0.0319461 secs]
   [Eden: 0.0B(25.0M)->0.0B(38.0M) Survivors: 0.0B->0.0B Heap: 444.6M(512.0M)->322.2M(512.0M)], [Metaspace: 2607K->2607K(1056768K)]
 [Times: user=0.03 sys=0.00, real=0.03 secs] 
2022-01-16T15:56:03.340+0800: 0.891: [GC concurrent-mark-abort]
2022-01-16T15:56:03.340+0800: 0.891: [GC pause (G1 Humongous Allocation) (young) (initial-mark), 0.0003059 secs]
   [Parallel Time: 0.2 ms, GC Workers: 4]
      [GC Worker Start (ms): Min: 891.2, Avg: 891.2, Max: 891.2, Diff: 0.0]
      [Ext Root Scanning (ms): Min: 0.1, Avg: 0.1, Max: 0.1, Diff: 0.0, Sum: 0.5]
      [Update RS (ms): Min: 0.0, Avg: 0.0, Max: 0.0, Diff: 0.0, Sum: 0.0]
         [Processed Buffers: Min: 0, Avg: 0.3, Max: 1, Diff: 1, Sum: 1]
      [Scan RS (ms): Min: 0.0, Avg: 0.0, Max: 0.0, Diff: 0.0, Sum: 0.0]
      [Code Root Scanning (ms): Min: 0.0, Avg: 0.0, Max: 0.0, Diff: 0.0, Sum: 0.0]
      [Object Copy (ms): Min: 0.0, Avg: 0.0, Max: 0.0, Diff: 0.0, Sum: 0.0]
      [Termination (ms): Min: 0.0, Avg: 0.0, Max: 0.0, Diff: 0.0, Sum: 0.1]
      [GC Worker Other (ms): Min: 0.0, Avg: 0.0, Max: 0.0, Diff: 0.0, Sum: 0.0]
      [GC Worker Total (ms): Min: 0.2, Avg: 0.2, Max: 0.2, Diff: 0.0, Sum: 0.7]
      [GC Worker End (ms): Min: 891.4, Avg: 891.4, Max: 891.4, Diff: 0.0]
   [Code Root Fixup: 0.0 ms]
   [Code Root Purge: 0.0 ms]
   [Clear CT: 0.0 ms]
   [Other: 0.1 ms]
      [Choose CSet: 0.0 ms]
      [Ref Proc: 0.0 ms]
      [Ref Enq: 0.0 ms]
      [Redirty Cards: 0.0 ms]
      [Humongous Reclaim: 0.0 ms]
      [Free CSet: 0.0 ms]
   [Eden: 1024.0K(38.0M)->0.0B(36.0M) Survivors: 0.0B->1024.0K Heap: 322.9M(512.0M)->322.5M(512.0M)]
 [Times: user=0.00 sys=0.00, real=0.00 secs] 
2022-01-16T15:56:03.341+0800: 0.892: [GC concurrent-root-region-scan-start]
2022-01-16T15:56:03.341+0800: 0.892: [GC concurrent-root-region-scan-end, 0.0000098 secs]
2022-01-16T15:56:03.341+0800: 0.892: [GC concurrent-mark-start]
2022-01-16T15:56:03.342+0800: 0.894: [GC concurrent-mark-end, 0.0019013 secs]
2022-01-16T15:56:03.343+0800: 0.894: [GC remark 0.894: [Finalize Marking, 0.0000598 secs] 0.894: [GC ref-proc, 0.0000306 secs] 0.894: [Unloading, 0.0004266 secs], 0.0012449 secs]
 [Times: user=0.00 sys=0.00, real=0.00 secs] 
2022-01-16T15:56:03.344+0800: 0.895: [GC cleanup 340M->340M(512M), 0.0003092 secs]
 [Times: user=0.00 sys=0.00, real=0.00 secs] 
2022-01-16T15:56:03.349+0800: 0.900: [GC pause (G1 Evacuation Pause) (young), 0.0033234 secs]
   [Parallel Time: 2.9 ms, GC Workers: 4]
      [GC Worker Start (ms): Min: 899.9, Avg: 899.9, Max: 900.0, Diff: 0.1]
      [Ext Root Scanning (ms): Min: 0.1, Avg: 0.2, Max: 0.2, Diff: 0.1, Sum: 0.6]
      [Update RS (ms): Min: 1.5, Avg: 1.5, Max: 1.5, Diff: 0.0, Sum: 6.0]
         [Processed Buffers: Min: 23, Avg: 27.3, Max: 29, Diff: 6, Sum: 109]
      [Scan RS (ms): Min: 0.0, Avg: 0.0, Max: 0.0, Diff: 0.0, Sum: 0.0]
      [Code Root Scanning (ms): Min: 0.0, Avg: 0.0, Max: 0.0, Diff: 0.0, Sum: 0.0]
      [Object Copy (ms): Min: 1.0, Avg: 1.0, Max: 1.0, Diff: 0.0, Sum: 3.9]
      [Termination (ms): Min: 0.0, Avg: 0.0, Max: 0.1, Diff: 0.1, Sum: 0.1]
      [GC Worker Other (ms): Min: 0.0, Avg: 0.0, Max: 0.0, Diff: 0.0, Sum: 0.0]
      [GC Worker Total (ms): Min: 2.6, Avg: 2.7, Max: 2.7, Diff: 0.1, Sum: 10.7]
      [GC Worker End (ms): Min: 902.6, Avg: 902.6, Max: 902.7, Diff: 0.0]
   [Code Root Fixup: 0.0 ms]
   [Code Root Purge: 0.0 ms]
   [Clear CT: 0.1 ms]
   [Other: 0.3 ms]
      [Choose CSet: 0.0 ms]
      [Ref Proc: 0.1 ms]
      [Ref Enq: 0.0 ms]
      [Redirty Cards: 0.1 ms]
      [Humongous Reclaim: 0.0 ms]
      [Free CSet: 0.0 ms]
   [Eden: 36.0M(36.0M)->0.0B(23.0M) Survivors: 1024.0K->5120.0K Heap: 371.7M(512.0M)->336.8M(512.0M)]
 [Times: user=0.00 sys=0.00, real=0.00 secs] 
2022-01-16T15:56:03.352+0800: 0.903: [GC pause (G1 Humongous Allocation) (young) (initial-mark), 0.0010123 secs]
   [Parallel Time: 0.8 ms, GC Workers: 4]
      [GC Worker Start (ms): Min: 903.5, Avg: 903.5, Max: 903.5, Diff: 0.0]
      [Ext Root Scanning (ms): Min: 0.1, Avg: 0.1, Max: 0.2, Diff: 0.0, Sum: 0.6]
      [Update RS (ms): Min: 0.0, Avg: 0.1, Max: 0.2, Diff: 0.1, Sum: 0.4]
         [Processed Buffers: Min: 1, Avg: 1.3, Max: 2, Diff: 1, Sum: 5]
      [Scan RS (ms): Min: 0.0, Avg: 0.0, Max: 0.0, Diff: 0.0, Sum: 0.0]
      [Code Root Scanning (ms): Min: 0.0, Avg: 0.0, Max: 0.0, Diff: 0.0, Sum: 0.0]
      [Object Copy (ms): Min: 0.4, Avg: 0.5, Max: 0.6, Diff: 0.2, Sum: 2.1]
      [Termination (ms): Min: 0.0, Avg: 0.0, Max: 0.0, Diff: 0.0, Sum: 0.1]
      [GC Worker Other (ms): Min: 0.0, Avg: 0.0, Max: 0.0, Diff: 0.0, Sum: 0.0]
      [GC Worker Total (ms): Min: 0.8, Avg: 0.8, Max: 0.8, Diff: 0.0, Sum: 3.2]
      [GC Worker End (ms): Min: 904.3, Avg: 904.3, Max: 904.3, Diff: 0.0]
   [Code Root Fixup: 0.0 ms]
   [Code Root Purge: 0.0 ms]
   [Clear CT: 0.0 ms]
   [Other: 0.2 ms]
      [Choose CSet: 0.0 ms]
      [Ref Proc: 0.0 ms]
      [Ref Enq: 0.0 ms]
      [Redirty Cards: 0.1 ms]
      [Humongous Reclaim: 0.0 ms]
      [Free CSet: 0.0 ms]
   [Eden: 2048.0K(23.0M)->0.0B(23.0M) Survivors: 5120.0K->2048.0K Heap: 338.1M(512.0M)->338.1M(512.0M)]
 [Times: user=0.00 sys=0.00, real=0.00 secs] 
2022-01-16T15:56:03.353+0800: 0.905: [GC concurrent-root-region-scan-start]
2022-01-16T15:56:03.354+0800: 0.905: [GC concurrent-root-region-scan-end, 0.0000306 secs]
2022-01-16T15:56:03.354+0800: 0.905: [GC concurrent-mark-start]
2022-01-16T15:56:03.355+0800: 0.906: [GC concurrent-mark-end, 0.0017598 secs]
2022-01-16T15:56:03.355+0800: 0.906: [GC remark 0.906: [Finalize Marking, 0.0000463 secs] 0.907: [GC ref-proc, 0.0000416 secs] 0.907: [Unloading, 0.0003935 secs], 0.0012103 secs]
 [Times: user=0.00 sys=0.00, real=0.00 secs] 
2022-01-16T15:56:03.357+0800: 0.908: [GC cleanup 354M->348M(512M), 0.0002283 secs]
 [Times: user=0.00 sys=0.00, real=0.00 secs] 
2022-01-16T15:56:03.357+0800: 0.908: [GC concurrent-cleanup-start]
2022-01-16T15:56:03.357+0800: 0.908: [GC concurrent-cleanup-end, 0.0000248 secs]
2022-01-16T15:56:03.360+0800: 0.911: [GC pause (G1 Evacuation Pause) (young), 0.0023078 secs]
   [Parallel Time: 2.0 ms, GC Workers: 4]
      [GC Worker Start (ms): Min: 911.0, Avg: 911.0, Max: 911.0, Diff: 0.0]
      [Ext Root Scanning (ms): Min: 0.1, Avg: 0.1, Max: 0.1, Diff: 0.0, Sum: 0.6]
      [Update RS (ms): Min: 0.9, Avg: 0.9, Max: 1.0, Diff: 0.1, Sum: 3.8]
         [Processed Buffers: Min: 15, Avg: 16.8, Max: 18, Diff: 3, Sum: 67]
      [Scan RS (ms): Min: 0.0, Avg: 0.0, Max: 0.0, Diff: 0.0, Sum: 0.0]
      [Code Root Scanning (ms): Min: 0.0, Avg: 0.0, Max: 0.0, Diff: 0.0, Sum: 0.0]
      [Object Copy (ms): Min: 0.8, Avg: 0.8, Max: 0.9, Diff: 0.1, Sum: 3.4]
      [Termination (ms): Min: 0.0, Avg: 0.1, Max: 0.1, Diff: 0.1, Sum: 0.2]
      [GC Worker Other (ms): Min: 0.0, Avg: 0.0, Max: 0.0, Diff: 0.0, Sum: 0.0]
      [GC Worker Total (ms): Min: 2.0, Avg: 2.0, Max: 2.0, Diff: 0.0, Sum: 7.9]
      [GC Worker End (ms): Min: 912.9, Avg: 913.0, Max: 913.0, Diff: 0.0]
   [Code Root Fixup: 0.0 ms]
   [Code Root Purge: 0.0 ms]
   [Clear CT: 0.0 ms]
   [Other: 0.3 ms]
      [Choose CSet: 0.0 ms]
      [Ref Proc: 0.0 ms]
      [Ref Enq: 0.0 ms]
      [Redirty Cards: 0.1 ms]
      [Humongous Reclaim: 0.0 ms]
      [Free CSet: 0.0 ms]
   [Eden: 23.0M(23.0M)->0.0B(21.0M) Survivors: 2048.0K->4096.0K Heap: 363.1M(512.0M)->342.4M(512.0M)]
 [Times: user=0.00 sys=0.00, real=0.00 secs] 
2022-01-16T15:56:03.365+0800: 0.917: [GC pause (G1 Evacuation Pause) (mixed), 0.0025109 secs]
   [Parallel Time: 2.2 ms, GC Workers: 4]
      [GC Worker Start (ms): Min: 916.6, Avg: 916.7, Max: 916.9, Diff: 0.3]
      [Ext Root Scanning (ms): Min: 0.0, Avg: 0.1, Max: 0.2, Diff: 0.2, Sum: 0.4]
      [Update RS (ms): Min: 0.5, Avg: 0.6, Max: 0.6, Diff: 0.1, Sum: 2.4]
         [Processed Buffers: Min: 9, Avg: 10.5, Max: 11, Diff: 2, Sum: 42]
      [Scan RS (ms): Min: 0.0, Avg: 0.0, Max: 0.0, Diff: 0.0, Sum: 0.0]
      [Code Root Scanning (ms): Min: 0.0, Avg: 0.0, Max: 0.0, Diff: 0.0, Sum: 0.0]
      [Object Copy (ms): Min: 1.3, Avg: 1.3, Max: 1.3, Diff: 0.0, Sum: 5.2]
      [Termination (ms): Min: 0.0, Avg: 0.0, Max: 0.0, Diff: 0.0, Sum: 0.0]
      [GC Worker Other (ms): Min: 0.0, Avg: 0.0, Max: 0.0, Diff: 0.0, Sum: 0.0]
      [GC Worker Total (ms): Min: 1.9, Avg: 2.0, Max: 2.1, Diff: 0.3, Sum: 8.1]
      [GC Worker End (ms): Min: 918.7, Avg: 918.7, Max: 918.7, Diff: 0.0]
   [Code Root Fixup: 0.0 ms]
   [Code Root Purge: 0.0 ms]
   [Clear CT: 0.0 ms]
   [Other: 0.2 ms]
      [Choose CSet: 0.0 ms]
      [Ref Proc: 0.0 ms]
      [Ref Enq: 0.0 ms]
      [Redirty Cards: 0.0 ms]
      [Humongous Reclaim: 0.1 ms]
      [Free CSet: 0.0 ms]
   [Eden: 21.0M(21.0M)->0.0B(21.0M) Survivors: 4096.0K->4096.0K Heap: 367.9M(512.0M)->351.9M(512.0M)]
 [Times: user=0.00 sys=0.00, real=0.00 secs] 
2022-01-16T15:56:03.369+0800: 0.920: [GC pause (G1 Humongous Allocation) (young) (initial-mark), 0.0009601 secs]
   [Parallel Time: 0.7 ms, GC Workers: 4]
      [GC Worker Start (ms): Min: 919.8, Avg: 919.8, Max: 919.8, Diff: 0.0]
      [Ext Root Scanning (ms): Min: 0.1, Avg: 0.1, Max: 0.1, Diff: 0.0, Sum: 0.5]
      [Update RS (ms): Min: 0.0, Avg: 0.1, Max: 0.2, Diff: 0.1, Sum: 0.4]
         [Processed Buffers: Min: 1, Avg: 1.3, Max: 2, Diff: 1, Sum: 5]
      [Scan RS (ms): Min: 0.0, Avg: 0.0, Max: 0.0, Diff: 0.0, Sum: 0.0]
      [Code Root Scanning (ms): Min: 0.0, Avg: 0.0, Max: 0.0, Diff: 0.0, Sum: 0.0]
      [Object Copy (ms): Min: 0.3, Avg: 0.4, Max: 0.4, Diff: 0.1, Sum: 1.6]
      [Termination (ms): Min: 0.0, Avg: 0.0, Max: 0.1, Diff: 0.1, Sum: 0.1]
      [GC Worker Other (ms): Min: 0.0, Avg: 0.0, Max: 0.0, Diff: 0.0, Sum: 0.0]
      [GC Worker Total (ms): Min: 0.7, Avg: 0.7, Max: 0.7, Diff: 0.0, Sum: 2.7]
      [GC Worker End (ms): Min: 920.5, Avg: 920.5, Max: 920.5, Diff: 0.0]
   [Code Root Fixup: 0.0 ms]
   [Code Root Purge: 0.0 ms]
   [Clear CT: 0.1 ms]
   [Other: 0.2 ms]
      [Choose CSet: 0.0 ms]
      [Ref Proc: 0.1 ms]
      [Ref Enq: 0.0 ms]
      [Redirty Cards: 0.0 ms]
      [Humongous Reclaim: 0.0 ms]
      [Free CSet: 0.0 ms]
   [Eden: 4096.0K(21.0M)->0.0B(24.0M) Survivors: 4096.0K->1024.0K Heap: 355.8M(512.0M)->352.5M(512.0M)]
 [Times: user=0.00 sys=0.00, real=0.00 secs] 
2022-01-16T15:56:03.370+0800: 0.921: [GC concurrent-root-region-scan-start]
2022-01-16T15:56:03.370+0800: 0.921: [GC concurrent-root-region-scan-end, 0.0000303 secs]
2022-01-16T15:56:03.370+0800: 0.921: [GC concurrent-mark-start]
2022-01-16T15:56:03.372+0800: 0.923: [GC concurrent-mark-end, 0.0018863 secs]
2022-01-16T15:56:03.372+0800: 0.923: [GC remark 0.923: [Finalize Marking, 0.0000419 secs] 0.923: [GC ref-proc, 0.0000430 secs] 0.923: [Unloading, 0.0004248 secs], 0.0012730 secs]
 [Times: user=0.00 sys=0.00, real=0.00 secs] 
2022-01-16T15:56:03.373+0800: 0.924: [GC cleanup 367M->361M(512M), 0.0002286 secs]
 [Times: user=0.00 sys=0.00, real=0.00 secs] 
2022-01-16T15:56:03.373+0800: 0.924: [GC concurrent-cleanup-start]
2022-01-16T15:56:03.373+0800: 0.924: [GC concurrent-cleanup-end, 0.0000117 secs]
2022-01-16T15:56:03.376+0800: 0.927: [GC pause (G1 Evacuation Pause) (young), 0.0022076 secs]
   [Parallel Time: 1.9 ms, GC Workers: 4]
      [GC Worker Start (ms): Min: 927.3, Avg: 927.3, Max: 927.3, Diff: 0.1]
      [Ext Root Scanning (ms): Min: 0.1, Avg: 0.2, Max: 0.2, Diff: 0.1, Sum: 0.6]
      [Update RS (ms): Min: 0.8, Avg: 0.8, Max: 0.8, Diff: 0.0, Sum: 3.3]
         [Processed Buffers: Min: 15, Avg: 15.5, Max: 16, Diff: 1, Sum: 62]
      [Scan RS (ms): Min: 0.0, Avg: 0.0, Max: 0.0, Diff: 0.0, Sum: 0.0]
      [Code Root Scanning (ms): Min: 0.0, Avg: 0.0, Max: 0.0, Diff: 0.0, Sum: 0.0]
      [Object Copy (ms): Min: 0.8, Avg: 0.8, Max: 0.9, Diff: 0.1, Sum: 3.2]
      [Termination (ms): Min: 0.0, Avg: 0.1, Max: 0.1, Diff: 0.1, Sum: 0.3]
      [GC Worker Other (ms): Min: 0.0, Avg: 0.0, Max: 0.0, Diff: 0.0, Sum: 0.0]
      [GC Worker Total (ms): Min: 1.9, Avg: 1.9, Max: 1.9, Diff: 0.1, Sum: 7.5]
      [GC Worker End (ms): Min: 929.2, Avg: 929.2, Max: 929.2, Diff: 0.0]
   [Code Root Fixup: 0.0 ms]
   [Code Root Purge: 0.0 ms]
   [Clear CT: 0.0 ms]
   [Other: 0.3 ms]
      [Choose CSet: 0.0 ms]
      [Ref Proc: 0.1 ms]
      [Ref Enq: 0.0 ms]
      [Redirty Cards: 0.0 ms]
      [Humongous Reclaim: 0.0 ms]
      [Free CSet: 0.0 ms]
   [Eden: 24.0M(24.0M)->0.0B(21.0M) Survivors: 1024.0K->4096.0K Heap: 377.4M(512.0M)->356.9M(512.0M)]
 [Times: user=0.00 sys=0.00, real=0.00 secs] 
2022-01-16T15:56:03.382+0800: 0.933: [GC pause (G1 Evacuation Pause) (mixed), 0.0037175 secs]
   [Parallel Time: 3.5 ms, GC Workers: 4]
      [GC Worker Start (ms): Min: 933.1, Avg: 933.1, Max: 933.1, Diff: 0.1]
      [Ext Root Scanning (ms): Min: 0.1, Avg: 0.2, Max: 0.2, Diff: 0.1, Sum: 0.6]
      [Update RS (ms): Min: 0.6, Avg: 0.6, Max: 0.6, Diff: 0.0, Sum: 2.3]
         [Processed Buffers: Min: 8, Avg: 10.3, Max: 12, Diff: 4, Sum: 41]
      [Scan RS (ms): Min: 0.0, Avg: 0.0, Max: 0.0, Diff: 0.0, Sum: 0.1]
      [Code Root Scanning (ms): Min: 0.0, Avg: 0.0, Max: 0.0, Diff: 0.0, Sum: 0.0]
      [Object Copy (ms): Min: 2.6, Avg: 2.7, Max: 2.7, Diff: 0.0, Sum: 10.6]
      [Termination (ms): Min: 0.0, Avg: 0.0, Max: 0.1, Diff: 0.1, Sum: 0.1]
      [GC Worker Other (ms): Min: 0.0, Avg: 0.0, Max: 0.0, Diff: 0.0, Sum: 0.0]
      [GC Worker Total (ms): Min: 3.4, Avg: 3.4, Max: 3.5, Diff: 0.1, Sum: 13.7]
      [GC Worker End (ms): Min: 936.5, Avg: 936.5, Max: 936.6, Diff: 0.0]
   [Code Root Fixup: 0.0 ms]
   [Code Root Purge: 0.0 ms]
   [Clear CT: 0.0 ms]
   [Other: 0.2 ms]
      [Choose CSet: 0.0 ms]
      [Ref Proc: 0.0 ms]
      [Ref Enq: 0.0 ms]
      [Redirty Cards: 0.0 ms]
      [Humongous Reclaim: 0.0 ms]
      [Free CSet: 0.0 ms]
   [Eden: 21.0M(21.0M)->0.0B(21.0M) Survivors: 4096.0K->4096.0K Heap: 382.3M(512.0M)->359.5M(512.0M)]
 [Times: user=0.00 sys=0.00, real=0.00 secs] 
2022-01-16T15:56:03.386+0800: 0.937: [GC pause (G1 Humongous Allocation) (young) (initial-mark), 0.0007833 secs]
   [Parallel Time: 0.6 ms, GC Workers: 4]
      [GC Worker Start (ms): Min: 937.1, Avg: 937.1, Max: 937.1, Diff: 0.0]
      [Ext Root Scanning (ms): Min: 0.1, Avg: 0.1, Max: 0.1, Diff: 0.0, Sum: 0.5]
      [Update RS (ms): Min: 0.1, Avg: 0.1, Max: 0.2, Diff: 0.1, Sum: 0.4]
         [Processed Buffers: Min: 1, Avg: 1.3, Max: 2, Diff: 1, Sum: 5]
      [Scan RS (ms): Min: 0.0, Avg: 0.0, Max: 0.0, Diff: 0.0, Sum: 0.0]
      [Code Root Scanning (ms): Min: 0.0, Avg: 0.0, Max: 0.0, Diff: 0.0, Sum: 0.0]
      [Object Copy (ms): Min: 0.2, Avg: 0.3, Max: 0.4, Diff: 0.1, Sum: 1.3]
      [Termination (ms): Min: 0.0, Avg: 0.0, Max: 0.0, Diff: 0.0, Sum: 0.1]
      [GC Worker Other (ms): Min: 0.0, Avg: 0.0, Max: 0.0, Diff: 0.0, Sum: 0.0]
      [GC Worker Total (ms): Min: 0.6, Avg: 0.6, Max: 0.6, Diff: 0.0, Sum: 2.3]
      [GC Worker End (ms): Min: 937.7, Avg: 937.7, Max: 937.7, Diff: 0.0]
   [Code Root Fixup: 0.0 ms]
   [Code Root Purge: 0.0 ms]
   [Clear CT: 0.0 ms]
   [Other: 0.2 ms]
      [Choose CSet: 0.0 ms]
      [Ref Proc: 0.0 ms]
      [Ref Enq: 0.0 ms]
      [Redirty Cards: 0.1 ms]
      [Humongous Reclaim: 0.0 ms]
      [Free CSet: 0.0 ms]
   [Eden: 2048.0K(21.0M)->0.0B(24.0M) Survivors: 4096.0K->1024.0K Heap: 360.8M(512.0M)->359.0M(512.0M)]
 [Times: user=0.00 sys=0.00, real=0.00 secs] 
2022-01-16T15:56:03.387+0800: 0.938: [GC concurrent-root-region-scan-start]
2022-01-16T15:56:03.387+0800: 0.938: [GC concurrent-root-region-scan-end, 0.0000788 secs]
2022-01-16T15:56:03.387+0800: 0.938: [GC concurrent-mark-start]
2022-01-16T15:56:03.389+0800: 0.940: [GC concurrent-mark-end, 0.0019654 secs]
2022-01-16T15:56:03.389+0800: 0.940: [GC remark 0.940: [Finalize Marking, 0.0000857 secs] 0.940: [GC ref-proc, 0.0000299 secs] 0.940: [Unloading, 0.0004004 secs], 0.0012307 secs]
 [Times: user=0.00 sys=0.00, real=0.00 secs] 
2022-01-16T15:56:03.390+0800: 0.941: [GC cleanup 377M->373M(512M), 0.0002137 secs]
 [Times: user=0.00 sys=0.00, real=0.00 secs] 
2022-01-16T15:56:03.391+0800: 0.942: [GC concurrent-cleanup-start]
2022-01-16T15:56:03.391+0800: 0.942: [GC concurrent-cleanup-end, 0.0000091 secs]
2022-01-16T15:56:03.393+0800: 0.944: [GC pause (G1 Evacuation Pause) (young), 0.0024001 secs]
   [Parallel Time: 2.2 ms, GC Workers: 4]
      [GC Worker Start (ms): Min: 943.8, Avg: 943.9, Max: 943.9, Diff: 0.0]
      [Ext Root Scanning (ms): Min: 0.1, Avg: 0.1, Max: 0.1, Diff: 0.0, Sum: 0.5]
      [Update RS (ms): Min: 1.0, Avg: 1.0, Max: 1.0, Diff: 0.0, Sum: 4.1]
         [Processed Buffers: Min: 17, Avg: 18.8, Max: 20, Diff: 3, Sum: 75]
      [Scan RS (ms): Min: 0.0, Avg: 0.0, Max: 0.0, Diff: 0.0, Sum: 0.0]
      [Code Root Scanning (ms): Min: 0.0, Avg: 0.0, Max: 0.0, Diff: 0.0, Sum: 0.0]
      [Object Copy (ms): Min: 1.0, Avg: 1.0, Max: 1.0, Diff: 0.1, Sum: 4.0]
      [Termination (ms): Min: 0.0, Avg: 0.0, Max: 0.0, Diff: 0.0, Sum: 0.1]
      [GC Worker Other (ms): Min: 0.0, Avg: 0.0, Max: 0.0, Diff: 0.0, Sum: 0.0]
      [GC Worker Total (ms): Min: 2.2, Avg: 2.2, Max: 2.2, Diff: 0.0, Sum: 8.8]
      [GC Worker End (ms): Min: 946.0, Avg: 946.0, Max: 946.0, Diff: 0.0]
   [Code Root Fixup: 0.0 ms]
   [Code Root Purge: 0.0 ms]
   [Clear CT: 0.0 ms]
   [Other: 0.2 ms]
      [Choose CSet: 0.0 ms]
      [Ref Proc: 0.0 ms]
      [Ref Enq: 0.0 ms]
      [Redirty Cards: 0.0 ms]
      [Humongous Reclaim: 0.0 ms]
      [Free CSet: 0.0 ms]
   [Eden: 24.0M(24.0M)->0.0B(21.0M) Survivors: 1024.0K->4096.0K Heap: 387.0M(512.0M)->368.9M(512.0M)]
 [Times: user=0.00 sys=0.00, real=0.00 secs] 
2022-01-16T15:56:03.399+0800: 0.950: [GC pause (G1 Evacuation Pause) (mixed) (to-space exhausted), 0.0036384 secs]
   [Parallel Time: 3.3 ms, GC Workers: 4]
      [GC Worker Start (ms): Min: 950.4, Avg: 950.4, Max: 950.5, Diff: 0.0]
      [Ext Root Scanning (ms): Min: 0.1, Avg: 0.1, Max: 0.1, Diff: 0.0, Sum: 0.6]
      [Update RS (ms): Min: 1.0, Avg: 1.0, Max: 1.0, Diff: 0.0, Sum: 4.1]
         [Processed Buffers: Min: 16, Avg: 18.8, Max: 21, Diff: 5, Sum: 75]
      [Scan RS (ms): Min: 0.0, Avg: 0.0, Max: 0.0, Diff: 0.0, Sum: 0.1]
      [Code Root Scanning (ms): Min: 0.0, Avg: 0.0, Max: 0.0, Diff: 0.0, Sum: 0.0]
      [Object Copy (ms): Min: 2.1, Avg: 2.1, Max: 2.1, Diff: 0.0, Sum: 8.5]
      [Termination (ms): Min: 0.0, Avg: 0.0, Max: 0.0, Diff: 0.0, Sum: 0.0]
      [GC Worker Other (ms): Min: 0.0, Avg: 0.0, Max: 0.0, Diff: 0.0, Sum: 0.0]
      [GC Worker Total (ms): Min: 3.3, Avg: 3.3, Max: 3.3, Diff: 0.0, Sum: 13.3]
      [GC Worker End (ms): Min: 953.8, Avg: 953.8, Max: 953.8, Diff: 0.0]
   [Code Root Fixup: 0.0 ms]
   [Code Root Purge: 0.0 ms]
   [Clear CT: 0.0 ms]
   [Other: 0.3 ms]
      [Evacuation Failure: 0.1 ms]
      [Choose CSet: 0.0 ms]
      [Ref Proc: 0.0 ms]
      [Ref Enq: 0.0 ms]
      [Redirty Cards: 0.0 ms]
      [Humongous Reclaim: 0.0 ms]
      [Free CSet: 0.0 ms]
   [Eden: 21.0M(21.0M)->0.0B(21.0M) Survivors: 4096.0K->4096.0K Heap: 398.7M(512.0M)->391.9M(512.0M)]
 [Times: user=0.00 sys=0.00, real=0.00 secs] 
2022-01-16T15:56:03.404+0800: 0.955: [GC pause (G1 Humongous Allocation) (young) (initial-mark), 0.0010830 secs]
   [Parallel Time: 0.9 ms, GC Workers: 4]
      [GC Worker Start (ms): Min: 954.8, Avg: 954.8, Max: 954.8, Diff: 0.0]
      [Ext Root Scanning (ms): Min: 0.1, Avg: 0.1, Max: 0.1, Diff: 0.0, Sum: 0.5]
      [Update RS (ms): Min: 0.1, Avg: 0.1, Max: 0.2, Diff: 0.1, Sum: 0.5]
         [Processed Buffers: Min: 1, Avg: 2.3, Max: 4, Diff: 3, Sum: 9]
      [Scan RS (ms): Min: 0.0, Avg: 0.0, Max: 0.0, Diff: 0.0, Sum: 0.0]
      [Code Root Scanning (ms): Min: 0.0, Avg: 0.0, Max: 0.0, Diff: 0.0, Sum: 0.0]
      [Object Copy (ms): Min: 0.5, Avg: 0.6, Max: 0.7, Diff: 0.2, Sum: 2.3]
      [Termination (ms): Min: 0.0, Avg: 0.0, Max: 0.1, Diff: 0.1, Sum: 0.2]
      [GC Worker Other (ms): Min: 0.0, Avg: 0.0, Max: 0.0, Diff: 0.0, Sum: 0.0]
      [GC Worker Total (ms): Min: 0.9, Avg: 0.9, Max: 0.9, Diff: 0.0, Sum: 3.6]
      [GC Worker End (ms): Min: 955.7, Avg: 955.7, Max: 955.7, Diff: 0.0]
   [Code Root Fixup: 0.0 ms]
   [Code Root Purge: 0.0 ms]
   [Clear CT: 0.0 ms]
   [Other: 0.1 ms]
      [Choose CSet: 0.0 ms]
      [Ref Proc: 0.0 ms]
      [Ref Enq: 0.0 ms]
      [Redirty Cards: 0.0 ms]
      [Humongous Reclaim: 0.0 ms]
      [Free CSet: 0.0 ms]
   [Eden: 5120.0K(21.0M)->0.0B(23.0M) Survivors: 4096.0K->2048.0K Heap: 396.5M(512.0M)->393.7M(512.0M)]
 [Times: user=0.06 sys=0.00, real=0.00 secs] 
2022-01-16T15:56:03.405+0800: 0.956: [GC concurrent-root-region-scan-start]
2022-01-16T15:56:03.405+0800: 0.956: [GC concurrent-root-region-scan-end, 0.0001542 secs]
2022-01-16T15:56:03.405+0800: 0.956: [GC concurrent-mark-start]
2022-01-16T15:56:03.407+0800: 0.958: [GC concurrent-mark-end, 0.0019924 secs]
2022-01-16T15:56:03.407+0800: 0.958: [GC remark 0.958: [Finalize Marking, 0.0000354 secs] 0.958: [GC ref-proc, 0.0000310 secs] 0.958: [Unloading, 0.0003847 secs], 0.0011869 secs]
 [Times: user=0.00 sys=0.00, real=0.00 secs] 
2022-01-16T15:56:03.408+0800: 0.959: [GC cleanup 405M->399M(512M), 0.0002746 secs]
 [Times: user=0.00 sys=0.00, real=0.00 secs] 
2022-01-16T15:56:03.409+0800: 0.960: [GC concurrent-cleanup-start]
2022-01-16T15:56:03.409+0800: 0.960: [GC concurrent-cleanup-end, 0.0000102 secs]
2022-01-16T15:56:03.411+0800: 0.962: [GC pause (G1 Evacuation Pause) (young), 0.0017383 secs]
   [Parallel Time: 1.6 ms, GC Workers: 4]
      [GC Worker Start (ms): Min: 961.9, Avg: 961.9, Max: 961.9, Diff: 0.0]
      [Ext Root Scanning (ms): Min: 0.1, Avg: 0.1, Max: 0.1, Diff: 0.0, Sum: 0.6]
      [Update RS (ms): Min: 0.5, Avg: 0.5, Max: 0.5, Diff: 0.0, Sum: 2.1]
         [Processed Buffers: Min: 7, Avg: 9.3, Max: 11, Diff: 4, Sum: 37]
      [Scan RS (ms): Min: 0.0, Avg: 0.0, Max: 0.0, Diff: 0.0, Sum: 0.0]
      [Code Root Scanning (ms): Min: 0.0, Avg: 0.0, Max: 0.0, Diff: 0.0, Sum: 0.0]
      [Object Copy (ms): Min: 0.8, Avg: 0.8, Max: 0.9, Diff: 0.1, Sum: 3.3]
      [Termination (ms): Min: 0.0, Avg: 0.0, Max: 0.1, Diff: 0.1, Sum: 0.2]
      [GC Worker Other (ms): Min: 0.0, Avg: 0.0, Max: 0.0, Diff: 0.0, Sum: 0.0]
      [GC Worker Total (ms): Min: 1.5, Avg: 1.5, Max: 1.5, Diff: 0.0, Sum: 6.1]
      [GC Worker End (ms): Min: 963.5, Avg: 963.5, Max: 963.5, Diff: 0.0]
   [Code Root Fixup: 0.0 ms]
   [Code Root Purge: 0.0 ms]
   [Clear CT: 0.0 ms]
   [Other: 0.2 ms]
      [Choose CSet: 0.0 ms]
      [Ref Proc: 0.0 ms]
      [Ref Enq: 0.0 ms]
      [Redirty Cards: 0.0 ms]
      [Humongous Reclaim: 0.0 ms]
      [Free CSet: 0.0 ms]
   [Eden: 23.0M(23.0M)->0.0B(21.0M) Survivors: 2048.0K->4096.0K Heap: 414.6M(512.0M)->394.9M(512.0M)]
 [Times: user=0.00 sys=0.00, real=0.00 secs] 
2022-01-16T15:56:03.416+0800: 0.967: [GC pause (G1 Evacuation Pause) (mixed) (to-space exhausted), 0.0014024 secs]
   [Parallel Time: 1.1 ms, GC Workers: 4]
      [GC Worker Start (ms): Min: 967.0, Avg: 967.0, Max: 967.1, Diff: 0.0]
      [Ext Root Scanning (ms): Min: 0.1, Avg: 0.1, Max: 0.2, Diff: 0.0, Sum: 0.6]
      [Update RS (ms): Min: 0.7, Avg: 0.7, Max: 0.7, Diff: 0.0, Sum: 2.7]
         [Processed Buffers: Min: 10, Avg: 11.8, Max: 13, Diff: 3, Sum: 47]
      [Scan RS (ms): Min: 0.0, Avg: 0.0, Max: 0.0, Diff: 0.0, Sum: 0.1]
      [Code Root Scanning (ms): Min: 0.0, Avg: 0.0, Max: 0.0, Diff: 0.0, Sum: 0.0]
      [Object Copy (ms): Min: 0.2, Avg: 0.2, Max: 0.2, Diff: 0.0, Sum: 0.8]
      [Termination (ms): Min: 0.0, Avg: 0.0, Max: 0.0, Diff: 0.0, Sum: 0.0]
      [GC Worker Other (ms): Min: 0.0, Avg: 0.0, Max: 0.0, Diff: 0.0, Sum: 0.0]
      [GC Worker Total (ms): Min: 1.1, Avg: 1.1, Max: 1.1, Diff: 0.0, Sum: 4.3]
      [GC Worker End (ms): Min: 968.1, Avg: 968.1, Max: 968.1, Diff: 0.0]
   [Code Root Fixup: 0.0 ms]
   [Code Root Purge: 0.0 ms]
   [Clear CT: 0.0 ms]
   [Other: 0.3 ms]
      [Evacuation Failure: 0.1 ms]
      [Choose CSet: 0.0 ms]
      [Ref Proc: 0.0 ms]
      [Ref Enq: 0.0 ms]
      [Redirty Cards: 0.0 ms]
      [Humongous Reclaim: 0.0 ms]
      [Free CSet: 0.0 ms]
   [Eden: 21.0M(21.0M)->0.0B(25.0M) Survivors: 4096.0K->0.0B Heap: 421.1M(512.0M)->416.4M(512.0M)]
 [Times: user=0.00 sys=0.00, real=0.00 secs] 
2022-01-16T15:56:03.418+0800: 0.969: [GC pause (G1 Evacuation Pause) (mixed) (to-space exhausted), 0.0007734 secs]
   [Parallel Time: 0.6 ms, GC Workers: 4]
      [GC Worker Start (ms): Min: 969.1, Avg: 969.1, Max: 969.1, Diff: 0.0]
      [Ext Root Scanning (ms): Min: 0.1, Avg: 0.1, Max: 0.1, Diff: 0.0, Sum: 0.5]
      [Update RS (ms): Min: 0.3, Avg: 0.4, Max: 0.4, Diff: 0.0, Sum: 1.5]
         [Processed Buffers: Min: 5, Avg: 8.5, Max: 12, Diff: 7, Sum: 34]
      [Scan RS (ms): Min: 0.0, Avg: 0.0, Max: 0.0, Diff: 0.0, Sum: 0.0]
      [Code Root Scanning (ms): Min: 0.0, Avg: 0.0, Max: 0.0, Diff: 0.0, Sum: 0.0]
      [Object Copy (ms): Min: 0.1, Avg: 0.1, Max: 0.1, Diff: 0.0, Sum: 0.3]
      [Termination (ms): Min: 0.0, Avg: 0.0, Max: 0.0, Diff: 0.0, Sum: 0.0]
      [GC Worker Other (ms): Min: 0.0, Avg: 0.0, Max: 0.0, Diff: 0.0, Sum: 0.0]
      [GC Worker Total (ms): Min: 0.6, Avg: 0.6, Max: 0.6, Diff: 0.0, Sum: 2.4]
      [GC Worker End (ms): Min: 969.7, Avg: 969.7, Max: 969.7, Diff: 0.0]
   [Code Root Fixup: 0.0 ms]
   [Code Root Purge: 0.0 ms]
   [Clear CT: 0.0 ms]
   [Other: 0.1 ms]
      [Evacuation Failure: 0.0 ms]
      [Choose CSet: 0.0 ms]
      [Ref Proc: 0.0 ms]
      [Ref Enq: 0.0 ms]
      [Redirty Cards: 0.0 ms]
      [Humongous Reclaim: 0.0 ms]
      [Free CSet: 0.0 ms]
   [Eden: 3072.0K(25.0M)->0.0B(25.0M) Survivors: 0.0B->0.0B Heap: 422.0M(512.0M)->420.1M(512.0M)]
 [Times: user=0.00 sys=0.00, real=0.00 secs] 
2022-01-16T15:56:03.419+0800: 0.970: [GC pause (G1 Humongous Allocation) (young) (initial-mark) (to-space exhausted), 0.0004416 secs]
   [Parallel Time: 0.3 ms, GC Workers: 4]
      [GC Worker Start (ms): Min: 970.5, Avg: 970.5, Max: 970.5, Diff: 0.0]
      [Ext Root Scanning (ms): Min: 0.1, Avg: 0.1, Max: 0.1, Diff: 0.0, Sum: 0.5]
      [Update RS (ms): Min: 0.0, Avg: 0.1, Max: 0.2, Diff: 0.1, Sum: 0.3]
         [Processed Buffers: Min: 1, Avg: 2.8, Max: 4, Diff: 3, Sum: 11]
      [Scan RS (ms): Min: 0.0, Avg: 0.0, Max: 0.0, Diff: 0.0, Sum: 0.0]
      [Code Root Scanning (ms): Min: 0.0, Avg: 0.0, Max: 0.0, Diff: 0.0, Sum: 0.0]
      [Object Copy (ms): Min: 0.0, Avg: 0.0, Max: 0.0, Diff: 0.0, Sum: 0.1]
      [Termination (ms): Min: 0.0, Avg: 0.1, Max: 0.1, Diff: 0.1, Sum: 0.3]
      [GC Worker Other (ms): Min: 0.0, Avg: 0.0, Max: 0.0, Diff: 0.0, Sum: 0.0]
      [GC Worker Total (ms): Min: 0.3, Avg: 0.3, Max: 0.3, Diff: 0.0, Sum: 1.2]
      [GC Worker End (ms): Min: 970.8, Avg: 970.8, Max: 970.8, Diff: 0.0]
   [Code Root Fixup: 0.0 ms]
   [Code Root Purge: 0.0 ms]
   [Clear CT: 0.0 ms]
   [Other: 0.1 ms]
      [Evacuation Failure: 0.0 ms]
      [Choose CSet: 0.0 ms]
      [Ref Proc: 0.0 ms]
      [Ref Enq: 0.0 ms]
      [Redirty Cards: 0.0 ms]
      [Humongous Reclaim: 0.0 ms]
      [Free CSet: 0.0 ms]
   [Eden: 3072.0K(25.0M)->0.0B(25.0M) Survivors: 0.0B->0.0B Heap: 422.3M(512.0M)->422.1M(512.0M)]
 [Times: user=0.06 sys=0.00, real=0.00 secs] 
2022-01-16T15:56:03.420+0800: 0.971: [GC concurrent-root-region-scan-start]
2022-01-16T15:56:03.420+0800: 0.971: [GC concurrent-root-region-scan-end, 0.0000058 secs]
2022-01-16T15:56:03.420+0800: 0.971: [GC concurrent-mark-start]
2022-01-16T15:56:03.420+0800: 0.971: [GC pause (G1 Evacuation Pause) (young), 0.0003927 secs]
   [Parallel Time: 0.3 ms, GC Workers: 4]
      [GC Worker Start (ms): Min: 971.1, Avg: 971.1, Max: 971.1, Diff: 0.0]
      [Ext Root Scanning (ms): Min: 0.1, Avg: 0.1, Max: 0.1, Diff: 0.0, Sum: 0.5]
      [SATB Filtering (ms): Min: 0.0, Avg: 0.0, Max: 0.0, Diff: 0.0, Sum: 0.0]
      [Update RS (ms): Min: 0.1, Avg: 0.1, Max: 0.1, Diff: 0.0, Sum: 0.5]
         [Processed Buffers: Min: 1, Avg: 3.8, Max: 7, Diff: 6, Sum: 15]
      [Scan RS (ms): Min: 0.0, Avg: 0.0, Max: 0.0, Diff: 0.0, Sum: 0.0]
      [Code Root Scanning (ms): Min: 0.0, Avg: 0.0, Max: 0.0, Diff: 0.0, Sum: 0.0]
      [Object Copy (ms): Min: 0.0, Avg: 0.0, Max: 0.0, Diff: 0.0, Sum: 0.0]
      [Termination (ms): Min: 0.0, Avg: 0.0, Max: 0.0, Diff: 0.0, Sum: 0.1]
      [GC Worker Other (ms): Min: 0.0, Avg: 0.0, Max: 0.0, Diff: 0.0, Sum: 0.0]
      [GC Worker Total (ms): Min: 0.3, Avg: 0.3, Max: 0.3, Diff: 0.0, Sum: 1.1]
      [GC Worker End (ms): Min: 971.4, Avg: 971.4, Max: 971.4, Diff: 0.0]
   [Code Root Fixup: 0.0 ms]
   [Code Root Purge: 0.0 ms]
   [Clear CT: 0.0 ms]
   [Other: 0.1 ms]
      [Choose CSet: 0.0 ms]
      [Ref Proc: 0.0 ms]
      [Ref Enq: 0.0 ms]
      [Redirty Cards: 0.0 ms]
      [Humongous Reclaim: 0.0 ms]
      [Free CSet: 0.0 ms]
   [Eden: 0.0B(25.0M)->0.0B(25.0M) Survivors: 0.0B->0.0B Heap: 422.9M(512.0M)->422.1M(512.0M)]
 [Times: user=0.00 sys=0.00, real=0.00 secs] 
2022-01-16T15:56:03.421+0800: 0.972: [GC pause (G1 Humongous Allocation) (young) (to-space exhausted), 0.0002614 secs]
   [Parallel Time: 0.2 ms, GC Workers: 4]
      [GC Worker Start (ms): Min: 971.6, Avg: 971.6, Max: 971.7, Diff: 0.1]
      [Ext Root Scanning (ms): Min: 0.0, Avg: 0.1, Max: 0.1, Diff: 0.1, Sum: 0.4]
      [Update RS (ms): Min: 0.0, Avg: 0.0, Max: 0.0, Diff: 0.0, Sum: 0.0]
         [Processed Buffers: Min: 0, Avg: 0.5, Max: 1, Diff: 1, Sum: 2]
      [Scan RS (ms): Min: 0.0, Avg: 0.0, Max: 0.0, Diff: 0.0, Sum: 0.0]
      [Code Root Scanning (ms): Min: 0.0, Avg: 0.0, Max: 0.0, Diff: 0.0, Sum: 0.0]
      [Object Copy (ms): Min: 0.0, Avg: 0.0, Max: 0.0, Diff: 0.0, Sum: 0.0]
      [Termination (ms): Min: 0.0, Avg: 0.0, Max: 0.0, Diff: 0.0, Sum: 0.0]
      [GC Worker Other (ms): Min: 0.0, Avg: 0.0, Max: 0.0, Diff: 0.0, Sum: 0.0]
      [GC Worker Total (ms): Min: 0.0, Avg: 0.1, Max: 0.1, Diff: 0.1, Sum: 0.4]
      [GC Worker End (ms): Min: 971.7, Avg: 971.7, Max: 971.7, Diff: 0.0]
   [Code Root Fixup: 0.0 ms]
   [Code Root Purge: 0.0 ms]
   [Clear CT: 0.0 ms]
   [Other: 0.1 ms]
      [Evacuation Failure: 0.0 ms]
      [Choose CSet: 0.0 ms]
      [Ref Proc: 0.0 ms]
      [Ref Enq: 0.0 ms]
      [Redirty Cards: 0.0 ms]
      [Humongous Reclaim: 0.0 ms]
      [Free CSet: 0.0 ms]
   [Eden: 1024.0K(25.0M)->0.0B(25.0M) Survivors: 0.0B->0.0B Heap: 422.6M(512.0M)->422.6M(512.0M)]
 [Times: user=0.00 sys=0.00, real=0.00 secs] 
2022-01-16T15:56:03.421+0800: 0.972: [Full GC (Allocation Failure)  422M->333M(512M), 0.0331957 secs]
   [Eden: 0.0B(25.0M)->0.0B(29.0M) Survivors: 0.0B->0.0B Heap: 422.6M(512.0M)->333.9M(512.0M)], [Metaspace: 2607K->2607K(1056768K)]
 [Times: user=0.03 sys=0.00, real=0.03 secs] 
2022-01-16T15:56:03.454+0800: 1.005: [GC concurrent-mark-abort]
2022-01-16T15:56:03.454+0800: 1.005: [GC pause (G1 Humongous Allocation) (young) (initial-mark), 0.0005287 secs]
   [Parallel Time: 0.3 ms, GC Workers: 4]
      [GC Worker Start (ms): Min: 1005.4, Avg: 1005.4, Max: 1005.4, Diff: 0.0]
      [Ext Root Scanning (ms): Min: 0.1, Avg: 0.1, Max: 0.2, Diff: 0.0, Sum: 0.6]
      [Update RS (ms): Min: 0.1, Avg: 0.1, Max: 0.1, Diff: 0.0, Sum: 0.3]
         [Processed Buffers: Min: 1, Avg: 1.3, Max: 2, Diff: 1, Sum: 5]
      [Scan RS (ms): Min: 0.0, Avg: 0.0, Max: 0.0, Diff: 0.0, Sum: 0.0]
      [Code Root Scanning (ms): Min: 0.0, Avg: 0.0, Max: 0.0, Diff: 0.0, Sum: 0.0]
      [Object Copy (ms): Min: 0.0, Avg: 0.0, Max: 0.0, Diff: 0.0, Sum: 0.0]
      [Termination (ms): Min: 0.0, Avg: 0.0, Max: 0.0, Diff: 0.0, Sum: 0.1]
      [GC Worker Other (ms): Min: 0.0, Avg: 0.0, Max: 0.0, Diff: 0.0, Sum: 0.0]
      [GC Worker Total (ms): Min: 0.2, Avg: 0.2, Max: 0.2, Diff: 0.0, Sum: 0.9]
      [GC Worker End (ms): Min: 1005.7, Avg: 1005.7, Max: 1005.7, Diff: 0.0]
   [Code Root Fixup: 0.0 ms]
   [Code Root Purge: 0.0 ms]
   [Clear CT: 0.1 ms]
   [Other: 0.2 ms]
      [Choose CSet: 0.0 ms]
      [Ref Proc: 0.0 ms]
      [Ref Enq: 0.0 ms]
      [Redirty Cards: 0.1 ms]
      [Humongous Reclaim: 0.0 ms]
      [Free CSet: 0.0 ms]
   [Eden: 1024.0K(29.0M)->0.0B(28.0M) Survivors: 0.0B->1024.0K Heap: 334.9M(512.0M)->334.6M(512.0M)]
 [Times: user=0.00 sys=0.00, real=0.00 secs] 
2022-01-16T15:56:03.455+0800: 1.006: [GC concurrent-root-region-scan-start]
2022-01-16T15:56:03.455+0800: 1.006: [GC concurrent-root-region-scan-end, 0.0000179 secs]
2022-01-16T15:56:03.455+0800: 1.006: [GC concurrent-mark-start]
2022-01-16T15:56:03.457+0800: 1.008: [GC concurrent-mark-end, 0.0019716 secs]
2022-01-16T15:56:03.457+0800: 1.008: [GC remark 1.008: [Finalize Marking, 0.0000737 secs] 1.008: [GC ref-proc, 0.0000314 secs] 1.008: [Unloading, 0.0004306 secs], 0.0013164 secs]
 [Times: user=0.00 sys=0.00, real=0.00 secs] 
2022-01-16T15:56:03.459+0800: 1.010: [GC cleanup 351M->351M(512M), 0.0003486 secs]
 [Times: user=0.00 sys=0.00, real=0.00 secs] 
2022-01-16T15:56:03.462+0800: 1.013: [GC pause (G1 Evacuation Pause) (young), 0.0024296 secs]
   [Parallel Time: 2.3 ms, GC Workers: 4]
      [GC Worker Start (ms): Min: 1013.2, Avg: 1013.2, Max: 1013.2, Diff: 0.0]
      [Ext Root Scanning (ms): Min: 0.1, Avg: 0.1, Max: 0.2, Diff: 0.0, Sum: 0.6]
      [Update RS (ms): Min: 1.1, Avg: 1.1, Max: 1.1, Diff: 0.0, Sum: 4.4]
         [Processed Buffers: Min: 17, Avg: 19.5, Max: 21, Diff: 4, Sum: 78]
      [Scan RS (ms): Min: 0.0, Avg: 0.0, Max: 0.0, Diff: 0.0, Sum: 0.0]
      [Code Root Scanning (ms): Min: 0.0, Avg: 0.0, Max: 0.0, Diff: 0.0, Sum: 0.0]
      [Object Copy (ms): Min: 0.9, Avg: 0.9, Max: 1.0, Diff: 0.0, Sum: 3.8]
      [Termination (ms): Min: 0.0, Avg: 0.0, Max: 0.1, Diff: 0.1, Sum: 0.1]
      [GC Worker Other (ms): Min: 0.0, Avg: 0.0, Max: 0.0, Diff: 0.0, Sum: 0.0]
      [GC Worker Total (ms): Min: 2.2, Avg: 2.2, Max: 2.2, Diff: 0.0, Sum: 8.9]
      [GC Worker End (ms): Min: 1015.4, Avg: 1015.4, Max: 1015.4, Diff: 0.0]
   [Code Root Fixup: 0.0 ms]
   [Code Root Purge: 0.0 ms]
   [Clear CT: 0.0 ms]
   [Other: 0.2 ms]
      [Choose CSet: 0.0 ms]
      [Ref Proc: 0.0 ms]
      [Ref Enq: 0.0 ms]
      [Redirty Cards: 0.0 ms]
      [Humongous Reclaim: 0.0 ms]
      [Free CSet: 0.0 ms]
   [Eden: 28.0M(28.0M)->0.0B(21.0M) Survivors: 1024.0K->4096.0K Heap: 372.0M(512.0M)->346.2M(512.0M)]
 [Times: user=0.00 sys=0.00, real=0.00 secs] 
2022-01-16T15:56:03.466+0800: 1.017: [GC pause (G1 Humongous Allocation) (young) (initial-mark), 0.0012963 secs]
   [Parallel Time: 1.0 ms, GC Workers: 4]
      [GC Worker Start (ms): Min: 1016.8, Avg: 1016.8, Max: 1016.8, Diff: 0.0]
      [Ext Root Scanning (ms): Min: 0.1, Avg: 0.1, Max: 0.2, Diff: 0.0, Sum: 0.6]
      [Update RS (ms): Min: 0.1, Avg: 0.1, Max: 0.2, Diff: 0.1, Sum: 0.4]
         [Processed Buffers: Min: 1, Avg: 1.3, Max: 2, Diff: 1, Sum: 5]
      [Scan RS (ms): Min: 0.0, Avg: 0.0, Max: 0.0, Diff: 0.0, Sum: 0.0]
      [Code Root Scanning (ms): Min: 0.0, Avg: 0.0, Max: 0.0, Diff: 0.0, Sum: 0.0]
      [Object Copy (ms): Min: 0.5, Avg: 0.6, Max: 0.7, Diff: 0.2, Sum: 2.6]
      [Termination (ms): Min: 0.0, Avg: 0.0, Max: 0.1, Diff: 0.1, Sum: 0.2]
      [GC Worker Other (ms): Min: 0.0, Avg: 0.0, Max: 0.0, Diff: 0.0, Sum: 0.0]
      [GC Worker Total (ms): Min: 0.9, Avg: 0.9, Max: 0.9, Diff: 0.0, Sum: 3.7]
      [GC Worker End (ms): Min: 1017.7, Avg: 1017.7, Max: 1017.8, Diff: 0.0]
   [Code Root Fixup: 0.0 ms]
   [Code Root Purge: 0.0 ms]
   [Clear CT: 0.1 ms]
   [Other: 0.2 ms]
      [Choose CSet: 0.0 ms]
      [Ref Proc: 0.1 ms]
      [Ref Enq: 0.0 ms]
      [Redirty Cards: 0.1 ms]
      [Humongous Reclaim: 0.0 ms]
      [Free CSet: 0.0 ms]
   [Eden: 6144.0K(21.0M)->0.0B(22.0M) Survivors: 4096.0K->3072.0K Heap: 352.0M(512.0M)->349.4M(512.0M)]
 [Times: user=0.06 sys=0.00, real=0.00 secs] 
2022-01-16T15:56:03.467+0800: 1.018: [GC concurrent-root-region-scan-start]
2022-01-16T15:56:03.467+0800: 1.018: [GC concurrent-root-region-scan-end, 0.0001043 secs]
2022-01-16T15:56:03.467+0800: 1.018: [GC concurrent-mark-start]
2022-01-16T15:56:03.469+0800: 1.020: [GC concurrent-mark-end, 0.0018655 secs]
2022-01-16T15:56:03.469+0800: 1.020: [GC remark 1.020: [Finalize Marking, 0.0000591 secs] 1.020: [GC ref-proc, 0.0000416 secs] 1.020: [Unloading, 0.0004055 secs], 0.0012314 secs]
 [Times: user=0.00 sys=0.00, real=0.00 secs] 
2022-01-16T15:56:03.470+0800: 1.022: [GC cleanup 362M->356M(512M), 0.0002673 secs]
 [Times: user=0.00 sys=0.00, real=0.00 secs] 
2022-01-16T15:56:03.471+0800: 1.022: [GC concurrent-cleanup-start]
2022-01-16T15:56:03.471+0800: 1.022: [GC concurrent-cleanup-end, 0.0000106 secs]
2022-01-16T15:56:03.473+0800: 1.024: [GC pause (G1 Evacuation Pause) (young), 0.0020347 secs]
   [Parallel Time: 1.7 ms, GC Workers: 4]
      [GC Worker Start (ms): Min: 1024.3, Avg: 1024.3, Max: 1024.3, Diff: 0.0]
      [Ext Root Scanning (ms): Min: 0.1, Avg: 0.1, Max: 0.1, Diff: 0.0, Sum: 0.6]
      [Update RS (ms): Min: 0.5, Avg: 0.5, Max: 0.6, Diff: 0.1, Sum: 2.2]
         [Processed Buffers: Min: 9, Avg: 9.8, Max: 10, Diff: 1, Sum: 39]
      [Scan RS (ms): Min: 0.0, Avg: 0.0, Max: 0.0, Diff: 0.0, Sum: 0.0]
      [Code Root Scanning (ms): Min: 0.0, Avg: 0.0, Max: 0.0, Diff: 0.0, Sum: 0.0]
      [Object Copy (ms): Min: 0.9, Avg: 0.9, Max: 0.9, Diff: 0.0, Sum: 3.7]
      [Termination (ms): Min: 0.0, Avg: 0.0, Max: 0.1, Diff: 0.1, Sum: 0.2]
      [GC Worker Other (ms): Min: 0.0, Avg: 0.0, Max: 0.0, Diff: 0.0, Sum: 0.0]
      [GC Worker Total (ms): Min: 1.6, Avg: 1.7, Max: 1.7, Diff: 0.1, Sum: 6.7]
      [GC Worker End (ms): Min: 1026.0, Avg: 1026.0, Max: 1026.0, Diff: 0.0]
   [Code Root Fixup: 0.0 ms]
   [Code Root Purge: 0.0 ms]
   [Clear CT: 0.0 ms]
   [Other: 0.3 ms]
      [Choose CSet: 0.0 ms]
      [Ref Proc: 0.0 ms]
      [Ref Enq: 0.0 ms]
      [Redirty Cards: 0.1 ms]
      [Humongous Reclaim: 0.0 ms]
      [Free CSet: 0.0 ms]
   [Eden: 22.0M(22.0M)->0.0B(21.0M) Survivors: 3072.0K->4096.0K Heap: 370.3M(512.0M)->352.0M(512.0M)]
 [Times: user=0.00 sys=0.00, real=0.00 secs] 
2022-01-16T15:56:03.479+0800: 1.030: [GC pause (G1 Evacuation Pause) (mixed), 0.0042576 secs]
   [Parallel Time: 4.0 ms, GC Workers: 4]
      [GC Worker Start (ms): Min: 1030.5, Avg: 1030.5, Max: 1030.5, Diff: 0.0]
      [Ext Root Scanning (ms): Min: 0.1, Avg: 0.2, Max: 0.2, Diff: 0.0, Sum: 0.6]
      [Update RS (ms): Min: 0.8, Avg: 0.8, Max: 0.9, Diff: 0.1, Sum: 3.3]
         [Processed Buffers: Min: 13, Avg: 15.0, Max: 16, Diff: 3, Sum: 60]
      [Scan RS (ms): Min: 0.0, Avg: 0.0, Max: 0.0, Diff: 0.0, Sum: 0.0]
      [Code Root Scanning (ms): Min: 0.0, Avg: 0.0, Max: 0.0, Diff: 0.0, Sum: 0.0]
      [Object Copy (ms): Min: 1.2, Avg: 1.6, Max: 2.9, Diff: 1.8, Sum: 6.5]
      [Termination (ms): Min: 0.0, Avg: 1.3, Max: 1.8, Diff: 1.8, Sum: 5.2]
      [GC Worker Other (ms): Min: 0.0, Avg: 0.0, Max: 0.0, Diff: 0.0, Sum: 0.0]
      [GC Worker Total (ms): Min: 3.9, Avg: 3.9, Max: 3.9, Diff: 0.0, Sum: 15.7]
      [GC Worker End (ms): Min: 1034.4, Avg: 1034.4, Max: 1034.4, Diff: 0.0]
   [Code Root Fixup: 0.0 ms]
   [Code Root Purge: 0.0 ms]
   [Clear CT: 0.0 ms]
   [Other: 0.3 ms]
      [Choose CSet: 0.0 ms]
      [Ref Proc: 0.0 ms]
      [Ref Enq: 0.0 ms]
      [Redirty Cards: 0.0 ms]
      [Humongous Reclaim: 0.1 ms]
      [Free CSet: 0.0 ms]
   [Eden: 21.0M(21.0M)->0.0B(21.0M) Survivors: 4096.0K->4096.0K Heap: 379.9M(512.0M)->359.0M(512.0M)]
 [Times: user=0.03 sys=0.00, real=0.00 secs] 
2022-01-16T15:56:03.484+0800: 1.035: [GC pause (G1 Humongous Allocation) (young) (initial-mark), 0.0007884 secs]
   [Parallel Time: 0.6 ms, GC Workers: 4]
      [GC Worker Start (ms): Min: 1035.0, Avg: 1035.0, Max: 1035.1, Diff: 0.1]
      [Ext Root Scanning (ms): Min: 0.1, Avg: 0.1, Max: 0.1, Diff: 0.1, Sum: 0.5]
      [Update RS (ms): Min: 0.1, Avg: 0.1, Max: 0.2, Diff: 0.2, Sum: 0.5]
         [Processed Buffers: Min: 1, Avg: 1.3, Max: 2, Diff: 1, Sum: 5]
      [Scan RS (ms): Min: 0.0, Avg: 0.0, Max: 0.0, Diff: 0.0, Sum: 0.0]
      [Code Root Scanning (ms): Min: 0.0, Avg: 0.0, Max: 0.0, Diff: 0.0, Sum: 0.0]
      [Object Copy (ms): Min: 0.2, Avg: 0.3, Max: 0.3, Diff: 0.2, Sum: 1.1]
      [Termination (ms): Min: 0.0, Avg: 0.0, Max: 0.0, Diff: 0.0, Sum: 0.1]
      [GC Worker Other (ms): Min: 0.0, Avg: 0.0, Max: 0.0, Diff: 0.0, Sum: 0.0]
      [GC Worker Total (ms): Min: 0.5, Avg: 0.6, Max: 0.6, Diff: 0.1, Sum: 2.2]
      [GC Worker End (ms): Min: 1035.6, Avg: 1035.6, Max: 1035.6, Diff: 0.0]
   [Code Root Fixup: 0.0 ms]
   [Code Root Purge: 0.0 ms]
   [Clear CT: 0.0 ms]
   [Other: 0.2 ms]
      [Choose CSet: 0.0 ms]
      [Ref Proc: 0.0 ms]
      [Ref Enq: 0.0 ms]
      [Redirty Cards: 0.0 ms]
      [Humongous Reclaim: 0.0 ms]
      [Free CSet: 0.0 ms]
   [Eden: 1024.0K(21.0M)->0.0B(25.0M) Survivors: 4096.0K->0.0B Heap: 359.7M(512.0M)->358.9M(512.0M)]
 [Times: user=0.00 sys=0.00, real=0.00 secs] 
2022-01-16T15:56:03.485+0800: 1.036: [GC concurrent-root-region-scan-start]
2022-01-16T15:56:03.485+0800: 1.036: [GC concurrent-root-region-scan-end, 0.0000077 secs]
2022-01-16T15:56:03.485+0800: 1.036: [GC concurrent-mark-start]
2022-01-16T15:56:03.487+0800: 1.038: [GC concurrent-mark-end, 0.0019629 secs]
2022-01-16T15:56:03.487+0800: 1.038: [GC remark 1.038: [Finalize Marking, 0.0000525 secs] 1.038: [GC ref-proc, 0.0000299 secs] 1.038: [Unloading, 0.0004230 secs], 0.0012609 secs]
 [Times: user=0.00 sys=0.00, real=0.00 secs] 
2022-01-16T15:56:03.488+0800: 1.039: [GC cleanup 372M->367M(512M), 0.0003227 secs]
 [Times: user=0.00 sys=0.00, real=0.00 secs] 
2022-01-16T15:56:03.489+0800: 1.040: [GC concurrent-cleanup-start]
2022-01-16T15:56:03.489+0800: 1.040: [GC concurrent-cleanup-end, 0.0000124 secs]
2022-01-16T15:56:03.491+0800: 1.042: [GC pause (G1 Evacuation Pause) (young), 0.0023443 secs]
   [Parallel Time: 2.1 ms, GC Workers: 4]
      [GC Worker Start (ms): Min: 1042.3, Avg: 1042.3, Max: 1042.3, Diff: 0.0]
      [Ext Root Scanning (ms): Min: 0.1, Avg: 0.1, Max: 0.1, Diff: 0.0, Sum: 0.6]
      [Update RS (ms): Min: 1.2, Avg: 1.3, Max: 1.3, Diff: 0.0, Sum: 5.0]
         [Processed Buffers: Min: 22, Avg: 22.8, Max: 24, Diff: 2, Sum: 91]
      [Scan RS (ms): Min: 0.0, Avg: 0.0, Max: 0.0, Diff: 0.0, Sum: 0.0]
      [Code Root Scanning (ms): Min: 0.0, Avg: 0.0, Max: 0.0, Diff: 0.0, Sum: 0.0]
      [Object Copy (ms): Min: 0.6, Avg: 0.6, Max: 0.7, Diff: 0.1, Sum: 2.5]
      [Termination (ms): Min: 0.0, Avg: 0.0, Max: 0.1, Diff: 0.1, Sum: 0.2]
      [GC Worker Other (ms): Min: 0.0, Avg: 0.0, Max: 0.0, Diff: 0.0, Sum: 0.0]
      [GC Worker Total (ms): Min: 2.1, Avg: 2.1, Max: 2.1, Diff: 0.0, Sum: 8.3]
      [GC Worker End (ms): Min: 1044.4, Avg: 1044.4, Max: 1044.4, Diff: 0.0]
   [Code Root Fixup: 0.0 ms]
   [Code Root Purge: 0.0 ms]
   [Clear CT: 0.0 ms]
   [Other: 0.2 ms]
      [Choose CSet: 0.0 ms]
      [Ref Proc: 0.0 ms]
      [Ref Enq: 0.0 ms]
      [Redirty Cards: 0.0 ms]
      [Humongous Reclaim: 0.0 ms]
      [Free CSet: 0.0 ms]
   [Eden: 25.0M(25.0M)->0.0B(21.0M) Survivors: 0.0B->4096.0K Heap: 389.8M(512.0M)->365.5M(512.0M)]
 [Times: user=0.00 sys=0.00, real=0.00 secs] 
2022-01-16T15:56:03.497+0800: 1.048: [GC pause (G1 Evacuation Pause) (mixed) (to-space exhausted), 0.0037540 secs]
   [Parallel Time: 3.5 ms, GC Workers: 4]
      [GC Worker Start (ms): Min: 1048.3, Avg: 1048.3, Max: 1048.3, Diff: 0.0]
      [Ext Root Scanning (ms): Min: 0.1, Avg: 0.1, Max: 0.1, Diff: 0.0, Sum: 0.6]
      [Update RS (ms): Min: 0.8, Avg: 0.8, Max: 0.8, Diff: 0.0, Sum: 3.1]
         [Processed Buffers: Min: 11, Avg: 14.0, Max: 16, Diff: 5, Sum: 56]
      [Scan RS (ms): Min: 0.0, Avg: 0.0, Max: 0.0, Diff: 0.0, Sum: 0.1]
      [Code Root Scanning (ms): Min: 0.0, Avg: 0.0, Max: 0.0, Diff: 0.0, Sum: 0.0]
      [Object Copy (ms): Min: 2.5, Avg: 2.5, Max: 2.5, Diff: 0.0, Sum: 9.9]
      [Termination (ms): Min: 0.0, Avg: 0.0, Max: 0.0, Diff: 0.0, Sum: 0.0]
      [GC Worker Other (ms): Min: 0.0, Avg: 0.0, Max: 0.0, Diff: 0.0, Sum: 0.0]
      [GC Worker Total (ms): Min: 3.4, Avg: 3.4, Max: 3.4, Diff: 0.0, Sum: 13.6]
      [GC Worker End (ms): Min: 1051.7, Avg: 1051.7, Max: 1051.7, Diff: 0.0]
   [Code Root Fixup: 0.0 ms]
   [Code Root Purge: 0.0 ms]
   [Clear CT: 0.0 ms]
   [Other: 0.3 ms]
      [Evacuation Failure: 0.0 ms]
      [Choose CSet: 0.0 ms]
      [Ref Proc: 0.0 ms]
      [Ref Enq: 0.0 ms]
      [Redirty Cards: 0.0 ms]
      [Humongous Reclaim: 0.0 ms]
      [Free CSet: 0.0 ms]
   [Eden: 21.0M(21.0M)->0.0B(21.0M) Survivors: 4096.0K->4096.0K Heap: 392.7M(512.0M)->377.2M(512.0M)]
 [Times: user=0.06 sys=0.00, real=0.00 secs] 
2022-01-16T15:56:03.502+0800: 1.053: [GC pause (G1 Humongous Allocation) (young) (initial-mark), 0.0011023 secs]
   [Parallel Time: 0.8 ms, GC Workers: 4]
      [GC Worker Start (ms): Min: 1052.6, Avg: 1052.7, Max: 1052.7, Diff: 0.0]
      [Ext Root Scanning (ms): Min: 0.1, Avg: 0.1, Max: 0.2, Diff: 0.0, Sum: 0.6]
      [Update RS (ms): Min: 0.1, Avg: 0.1, Max: 0.2, Diff: 0.1, Sum: 0.4]
         [Processed Buffers: Min: 1, Avg: 2.3, Max: 4, Diff: 3, Sum: 9]
      [Scan RS (ms): Min: 0.0, Avg: 0.0, Max: 0.0, Diff: 0.0, Sum: 0.0]
      [Code Root Scanning (ms): Min: 0.0, Avg: 0.0, Max: 0.0, Diff: 0.0, Sum: 0.0]
      [Object Copy (ms): Min: 0.4, Avg: 0.5, Max: 0.5, Diff: 0.1, Sum: 1.9]
      [Termination (ms): Min: 0.0, Avg: 0.0, Max: 0.0, Diff: 0.0, Sum: 0.0]
      [GC Worker Other (ms): Min: 0.0, Avg: 0.0, Max: 0.0, Diff: 0.0, Sum: 0.0]
      [GC Worker Total (ms): Min: 0.7, Avg: 0.7, Max: 0.8, Diff: 0.0, Sum: 3.0]
      [GC Worker End (ms): Min: 1053.4, Avg: 1053.4, Max: 1053.4, Diff: 0.0]
   [Code Root Fixup: 0.0 ms]
   [Code Root Purge: 0.0 ms]
   [Clear CT: 0.1 ms]
   [Other: 0.2 ms]
      [Choose CSet: 0.0 ms]
      [Ref Proc: 0.1 ms]
      [Ref Enq: 0.0 ms]
      [Redirty Cards: 0.1 ms]
      [Humongous Reclaim: 0.0 ms]
      [Free CSet: 0.0 ms]
   [Eden: 4096.0K(21.0M)->0.0B(23.0M) Survivors: 4096.0K->2048.0K Heap: 380.3M(512.0M)->378.4M(512.0M)]
 [Times: user=0.00 sys=0.00, real=0.00 secs] 
2022-01-16T15:56:03.503+0800: 1.054: [GC concurrent-root-region-scan-start]
2022-01-16T15:56:03.503+0800: 1.054: [GC concurrent-root-region-scan-end, 0.0000820 secs]
2022-01-16T15:56:03.503+0800: 1.054: [GC concurrent-mark-start]
2022-01-16T15:56:03.505+0800: 1.056: [GC concurrent-mark-end, 0.0020252 secs]
2022-01-16T15:56:03.505+0800: 1.056: [GC remark 1.056: [Finalize Marking, 0.0000511 secs] 1.056: [GC ref-proc, 0.0000434 secs] 1.056: [Unloading, 0.0004164 secs], 0.0012770 secs]
 [Times: user=0.00 sys=0.00, real=0.00 secs] 
2022-01-16T15:56:03.506+0800: 1.057: [GC cleanup 392M->387M(512M), 0.0003417 secs]
 [Times: user=0.00 sys=0.00, real=0.00 secs] 
2022-01-16T15:56:03.507+0800: 1.058: [GC concurrent-cleanup-start]
2022-01-16T15:56:03.507+0800: 1.058: [GC concurrent-cleanup-end, 0.0000128 secs]
2022-01-16T15:56:03.509+0800: 1.060: [GC pause (G1 Evacuation Pause) (young), 0.0019111 secs]
   [Parallel Time: 1.7 ms, GC Workers: 4]
      [GC Worker Start (ms): Min: 1060.3, Avg: 1060.3, Max: 1060.3, Diff: 0.0]
      [Ext Root Scanning (ms): Min: 0.1, Avg: 0.2, Max: 0.2, Diff: 0.0, Sum: 0.6]
      [Update RS (ms): Min: 0.6, Avg: 0.7, Max: 0.7, Diff: 0.1, Sum: 2.6]
         [Processed Buffers: Min: 10, Avg: 11.5, Max: 13, Diff: 3, Sum: 46]
      [Scan RS (ms): Min: 0.0, Avg: 0.0, Max: 0.0, Diff: 0.0, Sum: 0.0]
      [Code Root Scanning (ms): Min: 0.0, Avg: 0.0, Max: 0.0, Diff: 0.0, Sum: 0.0]
      [Object Copy (ms): Min: 0.7, Avg: 0.8, Max: 0.8, Diff: 0.2, Sum: 3.0]
      [Termination (ms): Min: 0.0, Avg: 0.1, Max: 0.2, Diff: 0.2, Sum: 0.4]
      [GC Worker Other (ms): Min: 0.0, Avg: 0.0, Max: 0.0, Diff: 0.0, Sum: 0.0]
      [GC Worker Total (ms): Min: 1.7, Avg: 1.7, Max: 1.7, Diff: 0.0, Sum: 6.7]
      [GC Worker End (ms): Min: 1062.0, Avg: 1062.0, Max: 1062.0, Diff: 0.0]
   [Code Root Fixup: 0.0 ms]
   [Code Root Purge: 0.0 ms]
   [Clear CT: 0.0 ms]
   [Other: 0.2 ms]
      [Choose CSet: 0.0 ms]
      [Ref Proc: 0.0 ms]
      [Ref Enq: 0.0 ms]
      [Redirty Cards: 0.0 ms]
      [Humongous Reclaim: 0.0 ms]
      [Free CSet: 0.0 ms]
   [Eden: 23.0M(23.0M)->0.0B(21.0M) Survivors: 2048.0K->4096.0K Heap: 402.3M(512.0M)->381.4M(512.0M)]
 [Times: user=0.00 sys=0.00, real=0.00 secs] 
2022-01-16T15:56:03.515+0800: 1.066: [GC pause (G1 Evacuation Pause) (mixed) (to-space exhausted), 0.0025773 secs]
   [Parallel Time: 2.2 ms, GC Workers: 4]
      [GC Worker Start (ms): Min: 1065.9, Avg: 1065.9, Max: 1065.9, Diff: 0.0]
      [Ext Root Scanning (ms): Min: 0.1, Avg: 0.1, Max: 0.1, Diff: 0.0, Sum: 0.6]
      [Update RS (ms): Min: 0.7, Avg: 0.7, Max: 0.7, Diff: 0.0, Sum: 2.8]
         [Processed Buffers: Min: 10, Avg: 12.8, Max: 14, Diff: 4, Sum: 51]
      [Scan RS (ms): Min: 0.0, Avg: 0.0, Max: 0.0, Diff: 0.0, Sum: 0.1]
      [Code Root Scanning (ms): Min: 0.0, Avg: 0.0, Max: 0.0, Diff: 0.0, Sum: 0.0]
      [Object Copy (ms): Min: 1.3, Avg: 1.3, Max: 1.3, Diff: 0.0, Sum: 5.1]
      [Termination (ms): Min: 0.0, Avg: 0.0, Max: 0.0, Diff: 0.0, Sum: 0.0]
      [GC Worker Other (ms): Min: 0.0, Avg: 0.0, Max: 0.0, Diff: 0.0, Sum: 0.0]
      [GC Worker Total (ms): Min: 2.1, Avg: 2.1, Max: 2.2, Diff: 0.0, Sum: 8.6]
      [GC Worker End (ms): Min: 1068.0, Avg: 1068.0, Max: 1068.0, Diff: 0.0]
   [Code Root Fixup: 0.0 ms]
   [Code Root Purge: 0.0 ms]
   [Clear CT: 0.0 ms]
   [Other: 0.4 ms]
      [Evacuation Failure: 0.1 ms]
      [Choose CSet: 0.0 ms]
      [Ref Proc: 0.1 ms]
      [Ref Enq: 0.0 ms]
      [Redirty Cards: 0.0 ms]
      [Humongous Reclaim: 0.1 ms]
      [Free CSet: 0.0 ms]
   [Eden: 21.0M(21.0M)->0.0B(22.0M) Survivors: 4096.0K->3072.0K Heap: 408.1M(512.0M)->404.3M(512.0M)]
 [Times: user=0.00 sys=0.00, real=0.00 secs] 
2022-01-16T15:56:03.518+0800: 1.069: [GC pause (G1 Humongous Allocation) (young) (initial-mark), 0.0008569 secs]
   [Parallel Time: 0.6 ms, GC Workers: 4]
      [GC Worker Start (ms): Min: 1068.8, Avg: 1068.9, Max: 1068.9, Diff: 0.0]
      [Ext Root Scanning (ms): Min: 0.1, Avg: 0.1, Max: 0.2, Diff: 0.0, Sum: 0.6]
      [Update RS (ms): Min: 0.1, Avg: 0.1, Max: 0.2, Diff: 0.2, Sum: 0.5]
         [Processed Buffers: Min: 1, Avg: 2.3, Max: 6, Diff: 5, Sum: 9]
      [Scan RS (ms): Min: 0.0, Avg: 0.0, Max: 0.0, Diff: 0.0, Sum: 0.0]
      [Code Root Scanning (ms): Min: 0.0, Avg: 0.0, Max: 0.0, Diff: 0.0, Sum: 0.0]
      [Object Copy (ms): Min: 0.2, Avg: 0.3, Max: 0.3, Diff: 0.1, Sum: 1.1]
      [Termination (ms): Min: 0.0, Avg: 0.0, Max: 0.0, Diff: 0.0, Sum: 0.1]
      [GC Worker Other (ms): Min: 0.0, Avg: 0.0, Max: 0.0, Diff: 0.0, Sum: 0.0]
      [GC Worker Total (ms): Min: 0.5, Avg: 0.5, Max: 0.6, Diff: 0.0, Sum: 2.2]
      [GC Worker End (ms): Min: 1069.4, Avg: 1069.4, Max: 1069.4, Diff: 0.0]
   [Code Root Fixup: 0.0 ms]
   [Code Root Purge: 0.0 ms]
   [Clear CT: 0.1 ms]
   [Other: 0.2 ms]
      [Choose CSet: 0.0 ms]
      [Ref Proc: 0.1 ms]
      [Ref Enq: 0.0 ms]
      [Redirty Cards: 0.1 ms]
      [Humongous Reclaim: 0.0 ms]
      [Free CSet: 0.0 ms]
   [Eden: 2048.0K(22.0M)->0.0B(24.0M) Survivors: 3072.0K->1024.0K Heap: 405.5M(512.0M)->404.2M(512.0M)]
 [Times: user=0.00 sys=0.00, real=0.00 secs] 
2022-01-16T15:56:03.519+0800: 1.070: [GC concurrent-root-region-scan-start]
2022-01-16T15:56:03.519+0800: 1.070: [GC concurrent-root-region-scan-end, 0.0001006 secs]
2022-01-16T15:56:03.519+0800: 1.070: [GC concurrent-mark-start]
2022-01-16T15:56:03.521+0800: 1.072: [GC pause (G1 Evacuation Pause) (young) (to-space exhausted), 0.0007876 secs]
   [Parallel Time: 0.5 ms, GC Workers: 4]
      [GC Worker Start (ms): Min: 1071.8, Avg: 1071.8, Max: 1071.8, Diff: 0.1]
      [Ext Root Scanning (ms): Min: 0.1, Avg: 0.2, Max: 0.2, Diff: 0.1, Sum: 0.6]
      [SATB Filtering (ms): Min: 0.0, Avg: 0.0, Max: 0.0, Diff: 0.0, Sum: 0.0]
      [Update RS (ms): Min: 0.3, Avg: 0.3, Max: 0.3, Diff: 0.0, Sum: 1.1]
         [Processed Buffers: Min: 3, Avg: 5.0, Max: 6, Diff: 3, Sum: 20]
      [Scan RS (ms): Min: 0.0, Avg: 0.0, Max: 0.0, Diff: 0.0, Sum: 0.0]
      [Code Root Scanning (ms): Min: 0.0, Avg: 0.0, Max: 0.0, Diff: 0.0, Sum: 0.0]
      [Object Copy (ms): Min: 0.0, Avg: 0.0, Max: 0.0, Diff: 0.0, Sum: 0.1]
      [Termination (ms): Min: 0.0, Avg: 0.0, Max: 0.0, Diff: 0.0, Sum: 0.0]
      [GC Worker Other (ms): Min: 0.0, Avg: 0.0, Max: 0.0, Diff: 0.0, Sum: 0.0]
      [GC Worker Total (ms): Min: 0.4, Avg: 0.5, Max: 0.5, Diff: 0.1, Sum: 1.8]
      [GC Worker End (ms): Min: 1072.3, Avg: 1072.3, Max: 1072.3, Diff: 0.0]
   [Code Root Fixup: 0.0 ms]
   [Code Root Purge: 0.0 ms]
   [Clear CT: 0.0 ms]
   [Other: 0.3 ms]
      [Evacuation Failure: 0.1 ms]
      [Choose CSet: 0.0 ms]
      [Ref Proc: 0.1 ms]
      [Ref Enq: 0.0 ms]
      [Redirty Cards: 0.0 ms]
      [Humongous Reclaim: 0.1 ms]
      [Free CSet: 0.0 ms]
   [Eden: 14.0M(24.0M)->0.0B(25.0M) Survivors: 1024.0K->0.0B Heap: 420.0M(512.0M)->419.0M(512.0M)]
 [Times: user=0.00 sys=0.00, real=0.00 secs] 
2022-01-16T15:56:03.522+0800: 1.073: [GC pause (G1 Evacuation Pause) (young) (to-space exhausted), 0.0005699 secs]
   [Parallel Time: 0.3 ms, GC Workers: 4]
      [GC Worker Start (ms): Min: 1072.9, Avg: 1073.0, Max: 1073.0, Diff: 0.0]
      [Ext Root Scanning (ms): Min: 0.1, Avg: 0.1, Max: 0.1, Diff: 0.0, Sum: 0.5]
      [SATB Filtering (ms): Min: 0.0, Avg: 0.0, Max: 0.0, Diff: 0.0, Sum: 0.0]
      [Update RS (ms): Min: 0.0, Avg: 0.1, Max: 0.1, Diff: 0.1, Sum: 0.3]
         [Processed Buffers: Min: 1, Avg: 2.8, Max: 4, Diff: 3, Sum: 11]
      [Scan RS (ms): Min: 0.0, Avg: 0.0, Max: 0.0, Diff: 0.0, Sum: 0.0]
      [Code Root Scanning (ms): Min: 0.0, Avg: 0.0, Max: 0.0, Diff: 0.0, Sum: 0.0]
      [Object Copy (ms): Min: 0.0, Avg: 0.0, Max: 0.0, Diff: 0.0, Sum: 0.0]
      [Termination (ms): Min: 0.0, Avg: 0.1, Max: 0.1, Diff: 0.1, Sum: 0.3]
      [GC Worker Other (ms): Min: 0.0, Avg: 0.0, Max: 0.0, Diff: 0.0, Sum: 0.0]
      [GC Worker Total (ms): Min: 0.3, Avg: 0.3, Max: 0.3, Diff: 0.0, Sum: 1.2]
      [GC Worker End (ms): Min: 1073.2, Avg: 1073.2, Max: 1073.2, Diff: 0.0]
   [Code Root Fixup: 0.0 ms]
   [Code Root Purge: 0.0 ms]
   [Clear CT: 0.0 ms]
   [Other: 0.2 ms]
      [Evacuation Failure: 0.1 ms]
      [Choose CSet: 0.0 ms]
      [Ref Proc: 0.1 ms]
      [Ref Enq: 0.0 ms]
      [Redirty Cards: 0.1 ms]
      [Humongous Reclaim: 0.0 ms]
      [Free CSet: 0.0 ms]
   [Eden: 2048.0K(25.0M)->0.0B(25.0M) Survivors: 0.0B->0.0B Heap: 421.0M(512.0M)->421.0M(512.0M)]
 [Times: user=0.00 sys=0.00, real=0.00 secs] 
2022-01-16T15:56:03.523+0800: 1.074: [Full GC (Allocation Failure)  421M->334M(512M), 0.0347823 secs]
   [Eden: 0.0B(25.0M)->0.0B(25.0M) Survivors: 0.0B->0.0B Heap: 421.0M(512.0M)->334.9M(512.0M)], [Metaspace: 2607K->2607K(1056768K)]
 [Times: user=0.03 sys=0.00, real=0.03 secs] 
2022-01-16T15:56:03.557+0800: 1.109: [GC concurrent-mark-abort]
2022-01-16T15:56:03.558+0800: 1.109: [GC pause (G1 Humongous Allocation) (young) (initial-mark), 0.0005645 secs]
   [Parallel Time: 0.3 ms, GC Workers: 4]
      [GC Worker Start (ms): Min: 1108.8, Avg: 1108.8, Max: 1108.8, Diff: 0.0]
      [Ext Root Scanning (ms): Min: 0.1, Avg: 0.1, Max: 0.2, Diff: 0.0, Sum: 0.6]
      [Update RS (ms): Min: 0.0, Avg: 0.0, Max: 0.0, Diff: 0.0, Sum: 0.0]
         [Processed Buffers: Min: 0, Avg: 0.3, Max: 1, Diff: 1, Sum: 1]
      [Scan RS (ms): Min: 0.0, Avg: 0.0, Max: 0.0, Diff: 0.0, Sum: 0.0]
      [Code Root Scanning (ms): Min: 0.0, Avg: 0.0, Max: 0.0, Diff: 0.0, Sum: 0.0]
      [Object Copy (ms): Min: 0.0, Avg: 0.0, Max: 0.1, Diff: 0.1, Sum: 0.1]
      [Termination (ms): Min: 0.0, Avg: 0.0, Max: 0.1, Diff: 0.1, Sum: 0.2]
      [GC Worker Other (ms): Min: 0.0, Avg: 0.0, Max: 0.0, Diff: 0.0, Sum: 0.0]
      [GC Worker Total (ms): Min: 0.2, Avg: 0.2, Max: 0.2, Diff: 0.0, Sum: 0.9]
      [GC Worker End (ms): Min: 1109.0, Avg: 1109.0, Max: 1109.0, Diff: 0.0]
   [Code Root Fixup: 0.0 ms]
   [Code Root Purge: 0.0 ms]
   [Clear CT: 0.1 ms]
   [Other: 0.2 ms]
      [Choose CSet: 0.0 ms]
      [Ref Proc: 0.1 ms]
      [Ref Enq: 0.0 ms]
      [Redirty Cards: 0.1 ms]
      [Humongous Reclaim: 0.0 ms]
      [Free CSet: 0.0 ms]
   [Eden: 2048.0K(25.0M)->0.0B(24.0M) Survivors: 0.0B->1024.0K Heap: 336.3M(512.0M)->335.5M(512.0M)]
 [Times: user=0.00 sys=0.00, real=0.00 secs] 
2022-01-16T15:56:03.558+0800: 1.109: [GC concurrent-root-region-scan-start]
2022-01-16T15:56:03.558+0800: 1.109: [GC concurrent-root-region-scan-end, 0.0000737 secs]
2022-01-16T15:56:03.558+0800: 1.109: [GC concurrent-mark-start]
2022-01-16T15:56:03.560+0800: 1.111: [GC concurrent-mark-end, 0.0018116 secs]
2022-01-16T15:56:03.560+0800: 1.111: [GC remark 1.111: [Finalize Marking, 0.0001054 secs] 1.112: [GC ref-proc, 0.0000591 secs] 1.112: [Unloading, 0.0004048 secs], 0.0013164 secs]
 [Times: user=0.02 sys=0.00, real=0.00 secs] 
2022-01-16T15:56:03.562+0800: 1.113: [GC cleanup 348M->348M(512M), 0.0002800 secs]
 [Times: user=0.00 sys=0.00, real=0.00 secs] 
Heap
 garbage-first heap   total 524288K, used 364781K [0x00000000e0000000, 0x00000000e0101000, 0x0000000100000000)
  region size 1024K, 18 young (18432K), 1 survivors (1024K)
 Metaspace       used 2614K, capacity 4486K, committed 4864K, reserved 1056768K
  class space    used 280K, capacity 386K, committed 512K, reserved 1048576K
