Java HotSpot(TM) 64-Bit Server VM (25.40-b25) for windows-amd64 JRE (1.8.0_40-b25), built on Feb 10 2015 21:53:57 by "java_re" with MS VC++ 10.0 (VS2010)
Memory: 4k page, physical 16654396k(3740804k free), swap 33306932k(11587772k free)
CommandLine flags: -XX:InitialHeapSize=4294967296 -XX:MaxHeapSize=4294967296 -XX:+PrintGC -XX:+PrintGCDateStamps -XX:+PrintGCDetails -XX:+PrintGCTimeStamps -XX:+UseCompressedClassPointers -XX:+UseCompressedOops -XX:-UseLargePagesIndividualAllocation -XX:+UseSerialGC 
2022-01-16T16:01:06.170+0800: 0.480: [GC (Allocation Failure) 0.480: [DefNew: 1118528K->139776K(1258304K), 0.0776199 secs] 1118528K->236622K(4054528K), 0.0777953 secs] [Times: user=0.01 sys=0.06, real=0.08 secs] 
2022-01-16T16:01:06.397+0800: 0.707: [GC (Allocation Failure) 0.707: [DefNew: 1258304K->139776K(1258304K), 0.0983434 secs] 1355150K->410968K(4054528K), 0.0984017 secs] [Times: user=0.09 sys=0.00, real=0.10 secs] 
2022-01-16T16:01:06.644+0800: 0.954: [GC (Allocation Failure) 0.954: [DefNew: 1258304K->139775K(1258304K), 0.0671940 secs] 1529496K->560337K(4054528K), 0.0672728 secs] [Times: user=0.01 sys=0.05, real=0.07 secs] 
Heap
 def new generation   total 1258304K, used 727572K [0x00000006c0000000, 0x0000000715550000, 0x0000000715550000)
  eden space 1118528K,  52% used [0x00000006c0000000, 0x00000006e3e05110, 0x0000000704450000)
  from space 139776K,  99% used [0x000000070ccd0000, 0x000000071554fff8, 0x0000000715550000)
  to   space 139776K,   0% used [0x0000000704450000, 0x0000000704450000, 0x000000070ccd0000)
 tenured generation   total 2796224K, used 420561K [0x0000000715550000, 0x00000007c0000000, 0x00000007c0000000)
   the space 2796224K,  15% used [0x0000000715550000, 0x000000072f004408, 0x000000072f004600, 0x00000007c0000000)
 Metaspace       used 2614K, capacity 4486K, committed 4864K, reserved 1056768K
  class space    used 280K, capacity 386K, committed 512K, reserved 1048576K
